218.19.138.154 - - [11/Nov/2016:00:00:05 +0800] "GET /wap/index HTTP/1.1" 302 5 "www.imooc.com" "http://m.baidu.com/from=1014517a/bd_page_type=1/ssid=0/uid=0/pu=sz%401320_480%2Cosname%40baidubrowser%2Ccua%40_avLC_aE-i4qywoUfpw1z4aBXioVa2IBgN2w8AqqC%2Ccut%405kSYMlfgsugnavNiJavjh_hr2IgUNv85yf3NuDhwWqqSB%2Cctv%402%2Ccfrom%401014517a%2Ccen%40cuid_cua_cut%2Ccsrc%40app_box_txt%2Cta%40bmbadr_2_4.2_5_7.6%2Cusm%403/baiduid=B50A2BB794D0F365614F7EE13D069C7B/w=0_10_/t=zbios/l=1/tc?ref=www_zbios&lid=9869308204004830517&order=1&fm=alop&waplogo=1&tj=www_normal_1_0_10_title&vit=osres&waput=7&cltj=normal_title&asres=1&nt=wnor&title=%E6%85%95%E8%AF%BE%E7%BD%91%28IMOOC%29-%E7%A8%8B%E5%BA%8F%E5%91%98%E7%9A%84%E6%A2%A6%E5%B7%A5%E5%8E%82&dict=-1&w_qd=IlPT2AEptyoA_ykzuPMp-4qv1jO&sec=16575&di=0331fa0f2e6a1dd1&bdenc=1&tch=124.175.211.70.0.0&nsrc=IlPT2AEptyoA_yixCFOxXnANedT62v3IEQGG_yVN0TWx95qshbWxBc2bUnKhVn_MJ5Dl&eqid=88f6d3858e8e7000100000005824979f&wd=&clk_info=%7B%22srcid%22%3A%221599%22%2C%22tplname%22%3A%22www_normal%22%2C%22t%22%3A1478793592375%2C%22xpath%22%3A%22div-a-h3%22%7D" - "Mozilla/5.0 (Linux; Android 4.2.2; HUAWEI G750-T00 Build/HuaweiG750-T00) AppleWebKit/537.36 (KHTML, like Gecko) Version/4.0 Chrome/35.0.1916.138 Mobile Safari/537.36 T7/7.5 baidubrowser/7.6.12.0 (Baidu; P1 4.2.2)" "-" 10.100.136.65:80 302 0.020 0.020
10.100.0.1 - - [11/Nov/2016:00:00:05 +0800] "HEAD / HTTP/1.1" 301 0 "117.121.101.40" "-" - "curl/7.19.7 (x86_64-redhat-linux-gnu) libcurl/7.19.7 NSS/3.16.2.3 Basic ECC zlib/1.2.3 libidn/1.18 libssh2/1.4.2" "-" - - - 0.000
10.100.0.1 - - [11/Nov/2016:00:00:05 +0800] "HEAD / HTTP/1.1" 301 0 "117.121.101.40" "-" - "curl/7.19.7 (x86_64-redhat-linux-gnu) libcurl/7.19.7 NSS/3.16.2.3 Basic ECC zlib/1.2.3 libidn/1.18 libssh2/1.4.2" "-" - - - 0.000
112.64.60.42 - - [11/Nov/2016:00:00:05 +0800] "GET /visitlog/index/user?v=1478793605234 HTTP/1.1" 200 2956 "www.imooc.com" "http://www.imooc.com/video/5134" - "Mozilla/5.0 (Windows NT 6.1; WOW64; rv:49.0) Gecko/20100101 Firefox/49.0" "-" 10.100.136.65:80 200 0.008 0.008
125.34.77.156 - - [11/Nov/2016:00:00:05 +0800] "POST /api3/searchword HTTP/1.1" 200 115 "www.imooc.com" "-" cid=0&words=radis&timestamp=1478793603886&uid=4299658&secrect=5dae91950a424ec91ec36f53a7d4e6fa&token=f64aa396b6dcd5a952fb464396b27d86 "mukewang/5.0.1 (Android 5.1; Meizu m1 metal Build/LMY47I),Network WIFI" "-" 10.100.136.64:80 200 0.657 0.657
10.100.0.1 - - [11/Nov/2016:00:00:05 +0800] "HEAD / HTTP/1.1" 301 0 "117.121.101.40" "-" - "curl/7.19.7 (x86_64-redhat-linux-gnu) libcurl/7.19.7 NSS/3.16.2.3 Basic ECC zlib/1.2.3 libidn/1.18 libssh2/1.4.2" "-" - - - 0.000
10.100.0.1 - - [11/Nov/2016:00:00:05 +0800] "HEAD / HTTP/1.1" 301 0 "117.121.101.40" "-" - "curl/7.19.7 (x86_64-redhat-linux-gnu) libcurl/7.19.7 NSS/3.16.2.3 Basic ECC zlib/1.2.3 libidn/1.18 libssh2/1.4.2" "-" - - - 0.000
10.100.0.1 - - [11/Nov/2016:00:00:05 +0800] "HEAD / HTTP/1.1" 301 0 "117.121.101.40" "-" - "curl/7.19.7 (x86_64-redhat-linux-gnu) libcurl/7.19.7 NSS/3.16.2.3 Basic ECC zlib/1.2.3 libidn/1.18 libssh2/1.4.2" "-" - - - 0.000
119.98.144.11 - - [11/Nov/2016:00:00:05 +0800] "POST /api3/savemediafinish HTTP/1.1" 200 103 "www.imooc.com" "-" is_offline=0&time=0&mid=8529&secrect=8a7db0199893b2c68d4ae58309617c4c&cid=0&plat_id=5&timestamp=1478793604180&uid=3683675&stay_time=2&token=4d09a8f4f10489067177aa1217b755e1 "mukewang/5.0.1 (Android 6.0; Letv Letv X500 Build/DBXCNOP5801810092S),Network WIFI" "-" 10.100.136.65:80 200 0.102 0.102
10.100.0.1 - - [11/Nov/2016:00:00:05 +0800] "HEAD / HTTP/1.1" 301 0 "117.121.101.40" "-" - "curl/7.19.7 (x86_64-redhat-linux-gnu) libcurl/7.19.7 NSS/3.16.2.3 Basic ECC zlib/1.2.3 libidn/1.18 libssh2/1.4.2" "-" - - - 0.000
10.100.0.1 - - [11/Nov/2016:00:00:05 +0800] "HEAD / HTTP/1.1" 301 0 "117.121.101.40" "-" - "curl/7.19.7 (x86_64-redhat-linux-gnu) libcurl/7.19.7 NSS/3.16.2.3 Basic ECC zlib/1.2.3 libidn/1.18 libssh2/1.4.2" "-" - - - 0.000
61.158.152.234 - - [11/Nov/2016:00:00:05 +0800] "GET /socket.io/1/websocket/Gfq26dcqLbB5kn4UWGme HTTP/1.1" 101 131 "chat.mukewang.com" "-" - "-" "-" 10.100.15.239:80 101 286.921 286.921
10.100.0.1 - - [11/Nov/2016:00:00:05 +0800] "HEAD / HTTP/1.1" 301 0 "117.121.101.40" "-" - "curl/7.19.7 (x86_64-redhat-linux-gnu) libcurl/7.19.7 NSS/3.16.2.3 Basic ECC zlib/1.2.3 libidn/1.18 libssh2/1.4.2" "-" - - - 0.000
122.224.33.168 - - [11/Nov/2016:00:00:05 +0800] "GET /course/ajaxmediainfo/?mid=3510&mode=flash HTTP/1.1" 200 331 "www.imooc.com" "http://www.imooc.com/video/3510" - "Mozilla/5.0 (Macintosh; Intel Mac OS X 10.11; rv:47.0) Gecko/20100101 Firefox/47.0" "-" 10.100.134.244:80 200 0.159 0.159
219.135.18.198 - - [11/Nov/2016:00:00:05 +0800] "POST /course/ajaxmediauser/ HTTP/1.1" 200 54 "www.imooc.com" "http://www.imooc.com/video/8831" mid=8831&time=59.999&learn_time=21.1 "Mozilla/5.0 (Windows NT 10.0; WOW64) AppleWebKit/537.36 (KHTML, like Gecko) Chrome/53.0.2785.116 Safari/537.36" "-" 10.100.134.244:80 200 0.019 0.019
10.100.0.1 - - [11/Nov/2016:00:00:05 +0800] "HEAD / HTTP/1.1" 301 0 "117.121.101.40" "-" - "curl/7.19.7 (x86_64-redhat-linux-gnu) libcurl/7.19.7 NSS/3.16.2.3 Basic ECC zlib/1.2.3 libidn/1.18 libssh2/1.4.2" "-" - - - 0.000
10.100.135.24 - - [11/Nov/2016:00:00:05 +0800] "GET /service/lastlearning/uid/426802 HTTP/1.0" 200 355 "www.imooc.com" "-" - "Mozilla/4.0" "-" 10.100.136.65:80 200 0.040 0.040
222.141.54.77 - - [11/Nov/2016:00:00:05 +0800] "GET /course/ajaxcourselearn?cid=747 HTTP/1.1" 200 53 "www.imooc.com" "http://www.imooc.com/learn/747" - "Mozilla/4.0 (compatible; MSIE 7.0; Windows NT 10.0; WOW64; Trident/7.0; .NET4.0C; .NET4.0E; .NET CLR 2.0.50727; .NET CLR 3.0.30729; .NET CLR 3.5.30729)" "-" 10.100.136.64:80 200 0.172 0.172
10.100.0.1 - - [11/Nov/2016:00:00:05 +0800] "HEAD / HTTP/1.1" 301 0 "117.121.101.40" "-" - "curl/7.19.7 (x86_64-redhat-linux-gnu) libcurl/7.19.7 NSS/3.16.2.3 Basic ECC zlib/1.2.3 libidn/1.18 libssh2/1.4.2" "-" - - - 0.000
222.35.224.146 - - [11/Nov/2016:00:00:05 +0800] "POST /lesson/ajaxmediauser/ HTTP/1.1" 200 72 "coding.imooc.com" "http://coding.imooc.com/lesson/51.html" mid=857&learn_time=60&mode=video&video_point=426 "Mozilla/5.0 (Windows NT 6.1; WOW64) AppleWebKit/537.36 (KHTML, like Gecko) Chrome/47.0.2526.80 Safari/537.36 Core/1.47.277.400 QQBrowser/9.4.7658.400" "-" 10.100.135.24:80 200 0.119 0.119
10.100.0.1 - - [11/Nov/2016:00:00:05 +0800] "HEAD / HTTP/1.1" 301 0 "117.121.101.40" "-" - "curl/7.19.7 (x86_64-redhat-linux-gnu) libcurl/7.19.7 NSS/3.16.2.3 Basic ECC zlib/1.2.3 libidn/1.18 libssh2/1.4.2" "-" - - - 0.000
10.100.0.1 - - [11/Nov/2016:00:00:05 +0800] "HEAD / HTTP/1.1" 301 0 "117.121.101.40" "-" - "curl/7.19.7 (x86_64-redhat-linux-gnu) libcurl/7.19.7 NSS/3.16.2.3 Basic ECC zlib/1.2.3 libidn/1.18 libssh2/1.4.2" "-" - - - 0.000
10.100.0.1 - - [11/Nov/2016:00:00:05 +0800] "HEAD / HTTP/1.1" 301 0 "117.121.101.40" "-" - "curl/7.19.7 (x86_64-redhat-linux-gnu) libcurl/7.19.7 NSS/3.16.2.3 Basic ECC zlib/1.2.3 libidn/1.18 libssh2/1.4.2" "-" - - - 0.000
10.100.0.1 - - [11/Nov/2016:00:00:05 +0800] "HEAD / HTTP/1.1" 301 0 "117.121.101.40" "-" - "curl/7.19.7 (x86_64-redhat-linux-gnu) libcurl/7.19.7 NSS/3.16.2.3 Basic ECC zlib/1.2.3 libidn/1.18 libssh2/1.4.2" "-" - - - 0.000
10.100.0.1 - - [11/Nov/2016:00:00:05 +0800] "HEAD / HTTP/1.1" 301 0 "117.121.101.40" "-" - "curl/7.19.7 (x86_64-redhat-linux-gnu) libcurl/7.19.7 NSS/3.16.2.3 Basic ECC zlib/1.2.3 libidn/1.18 libssh2/1.4.2" "-" - - - 0.000
123.125.71.95 - - [11/Nov/2016:00:00:05 +0800] "GET /u/2842598/course/109/questions HTTP/1.1" 200 6354 "m.imooc.com" "-" - "Mozilla/5.0 (compatible; Baiduspider/2.0; +http://www.baidu.com/search/spider.html)" "-" 10.100.136.64:80 200 0.131 0.158
116.231.209.29 - - [11/Nov/2016:00:00:05 +0800] "POST /course/ajaxmediauser/ HTTP/1.1" 200 54 "www.imooc.com" "http://www.imooc.com/video/3235" mid=3235&time=60&learn_time=720 "Mozilla/5.0 (Macintosh; Intel Mac OS X 10_12_0) AppleWebKit/537.36 (KHTML, like Gecko) Chrome/54.0.2840.71 Safari/537.36" "-" 10.100.136.65:80 200 0.015 0.015
10.100.0.1 - - [11/Nov/2016:00:00:05 +0800] "HEAD / HTTP/1.1" 301 0 "117.121.101.40" "-" - "curl/7.19.7 (x86_64-redhat-linux-gnu) libcurl/7.19.7 NSS/3.16.2.3 Basic ECC zlib/1.2.3 libidn/1.18 libssh2/1.4.2" "-" - - - 0.000
10.100.0.1 - - [11/Nov/2016:00:00:05 +0800] "HEAD / HTTP/1.1" 301 0 "117.121.101.40" "-" - "curl/7.19.7 (x86_64-redhat-linux-gnu) libcurl/7.19.7 NSS/3.16.2.3 Basic ECC zlib/1.2.3 libidn/1.18 libssh2/1.4.2" "-" - - - 0.000
10.100.0.1 - - [11/Nov/2016:00:00:05 +0800] "HEAD / HTTP/1.1" 301 0 "117.121.101.40" "-" - "curl/7.19.7 (x86_64-redhat-linux-gnu) libcurl/7.19.7 NSS/3.16.2.3 Basic ECC zlib/1.2.3 libidn/1.18 libssh2/1.4.2" "-" - - - 0.000
223.73.62.20 - - [11/Nov/2016:00:00:05 +0800] "POST /course/ajaxmediauser/ HTTP/1.1" 200 54 "www.imooc.com" "http://www.imooc.com/video/5291" mid=5291&time=60&learn_time=556 "Mozilla/5.0 (Windows NT 10.0; WOW64) AppleWebKit/537.36 (KHTML, like Gecko) Chrome/42.0.2311.154 Safari/537.36 LBBROWSER" "-" 10.100.136.64:80 200 0.029 0.029
10.100.0.1 - - [11/Nov/2016:00:00:05 +0800] "HEAD / HTTP/1.1" 301 0 "117.121.101.40" "-" - "curl/7.19.7 (x86_64-redhat-linux-gnu) libcurl/7.19.7 NSS/3.16.2.3 Basic ECC zlib/1.2.3 libidn/1.18 libssh2/1.4.2" "-" - - - 0.000
10.100.0.1 - - [11/Nov/2016:00:00:05 +0800] "HEAD / HTTP/1.1" 301 0 "117.121.101.40" "-" - "curl/7.19.7 (x86_64-redhat-linux-gnu) libcurl/7.19.7 NSS/3.16.2.3 Basic ECC zlib/1.2.3 libidn/1.18 libssh2/1.4.2" "-" - - - 0.000
10.100.0.1 - - [11/Nov/2016:00:00:05 +0800] "HEAD / HTTP/1.1" 301 0 "117.121.101.40" "-" - "curl/7.19.7 (x86_64-redhat-linux-gnu) libcurl/7.19.7 NSS/3.16.2.3 Basic ECC zlib/1.2.3 libidn/1.18 libssh2/1.4.2" "-" - - - 0.000
10.100.0.1 - - [11/Nov/2016:00:00:05 +0800] "HEAD / HTTP/1.1" 301 0 "117.121.101.40" "-" - "curl/7.19.7 (x86_64-redhat-linux-gnu) libcurl/7.19.7 NSS/3.16.2.3 Basic ECC zlib/1.2.3 libidn/1.18 libssh2/1.4.2" "-" - - - 0.000
115.33.64.68 - - [11/Nov/2016:00:00:05 +0800] "GET /static/sea-modules/gallery/json/1.0.3/json.js?v=201611082232 HTTP/1.1" 200 3027 "www.imooc.com" "http://www.imooc.com/wenda/detail/323003?t=179292" - "Mozilla/5.0 (Windows NT 10.0; WOW64) AppleWebKit/537.36 (KHTML, like Gecko) Chrome/54.0.2840.71 Safari/537.36" "-" 10.100.136.64:80 200 0.001 0.001
10.100.0.1 - - [11/Nov/2016:00:00:05 +0800] "HEAD / HTTP/1.1" 301 0 "117.121.101.40" "-" - "curl/7.19.7 (x86_64-redhat-linux-gnu) libcurl/7.19.7 NSS/3.16.2.3 Basic ECC zlib/1.2.3 libidn/1.18 libssh2/1.4.2" "-" - - - 0.000
122.224.33.168 - - [11/Nov/2016:00:00:05 +0800] "GET /static/lib/jwplayer/1.0.0/jwplayer.html5.js?v=201609281650 HTTP/1.1" 200 220903 "www.imooc.com" "http://www.imooc.com/video/3510" - "Mozilla/5.0 (Macintosh; Intel Mac OS X 10.11; rv:47.0) Gecko/20100101 Firefox/47.0" "-" 10.100.136.65:80 200 0.005 0.005
10.100.0.1 - - [11/Nov/2016:00:00:05 +0800] "HEAD / HTTP/1.1" 301 0 "117.121.101.40" "-" - "curl/7.19.7 (x86_64-redhat-linux-gnu) libcurl/7.19.7 NSS/3.16.2.3 Basic ECC zlib/1.2.3 libidn/1.18 libssh2/1.4.2" "-" - - - 0.000
112.64.60.42 - - [11/Nov/2016:00:00:05 +0800] "GET /u/card HTTP/1.1" 200 341 "www.imooc.com" "http://www.imooc.com/video/5134" - "Mozilla/5.0 (Windows NT 6.1; WOW64; rv:49.0) Gecko/20100101 Firefox/49.0" "-" 10.100.136.64:80 200 0.119 0.119
10.100.135.58 - - [11/Nov/2016:00:00:05 +0800] "GET /service/lastlearning/uid/3583322 HTTP/1.0" 200 314 "www.imooc.com" "-" - "Mozilla/4.0" "-" 10.100.136.65:80 200 0.040 0.041
10.100.0.1 - - [11/Nov/2016:00:00:05 +0800] "HEAD / HTTP/1.1" 301 0 "117.121.101.40" "-" - "curl/7.19.7 (x86_64-redhat-linux-gnu) libcurl/7.19.7 NSS/3.16.2.3 Basic ECC zlib/1.2.3 libidn/1.18 libssh2/1.4.2" "-" - - - 0.000
115.33.64.68 - - [11/Nov/2016:00:00:05 +0800] "GET /static/component/logic/chat/im.js?v=201611082232 HTTP/1.1" 200 2340 "www.imooc.com" "http://www.imooc.com/wenda/detail/323003?t=179292" - "Mozilla/5.0 (Windows NT 10.0; WOW64) AppleWebKit/537.36 (KHTML, like Gecko) Chrome/54.0.2840.71 Safari/537.36" "-" 10.100.134.244:80 200 0.001 0.001
115.33.64.68 - - [11/Nov/2016:00:00:05 +0800] "GET /static/page/wenda/detail.js?v=201611082232 HTTP/1.1" 200 10131 "www.imooc.com" "http://www.imooc.com/wenda/detail/323003?t=179292" - "Mozilla/5.0 (Windows NT 10.0; WOW64) AppleWebKit/537.36 (KHTML, like Gecko) Chrome/54.0.2840.71 Safari/537.36" "-" 10.100.136.64:80 200 0.001 0.001
10.100.0.1 - - [11/Nov/2016:00:00:05 +0800] "HEAD / HTTP/1.1" 301 0 "117.121.101.40" "-" - "curl/7.19.7 (x86_64-redhat-linux-gnu) libcurl/7.19.7 NSS/3.16.2.3 Basic ECC zlib/1.2.3 libidn/1.18 libssh2/1.4.2" "-" - - - 0.000
115.33.64.68 - - [11/Nov/2016:00:00:05 +0800] "GET /static/lib/socket.io/1.3.5/socket.io.min.js?v=201611082232 HTTP/1.1" 200 91538 "www.imooc.com" "http://www.imooc.com/wenda/detail/323003?t=179292" - "Mozilla/5.0 (Windows NT 10.0; WOW64) AppleWebKit/537.36 (KHTML, like Gecko) Chrome/54.0.2840.71 Safari/537.36" "-" 10.100.136.65:80 200 0.003 0.003
119.98.144.11 - - [11/Nov/2016:00:00:05 +0800] "POST /api3/getcourseinfor HTTP/1.1" 200 489 "www.imooc.com" "-" cid=0&timestamp=1478793604474&uid=3683675&zid=8551&secrect=8a7db0199893b2c68d4ae58309617c4c&token=f22f9b140a515566f4d686d43c33ec03 "mukewang/5.0.1 (Android 6.0; Letv Letv X500 Build/DBXCNOP5801810092S),Network WIFI" "-" 10.100.136.64:80 200 0.025 0.025
222.129.195.171 - - [11/Nov/2016:00:00:05 +0800] "POST /course/ajaxmediauser/ HTTP/1.1" 200 54 "www.imooc.com" "http://www.imooc.com/video/9025" mid=9025&time=60.00099999999975&learn_time=119.8 "Mozilla/5.0 (Windows NT 10.0; WOW64) AppleWebKit/537.36 (KHTML, like Gecko) Chrome/51.0.2704.106 Safari/537.36" "-" 10.100.136.65:80 200 0.017 0.017
10.100.0.1 - - [11/Nov/2016:00:00:05 +0800] "HEAD / HTTP/1.1" 301 0 "117.121.101.40" "-" - "curl/7.19.7 (x86_64-redhat-linux-gnu) libcurl/7.19.7 NSS/3.16.2.3 Basic ECC zlib/1.2.3 libidn/1.18 libssh2/1.4.2" "-" - - - 0.000
10.100.0.1 - - [11/Nov/2016:00:00:05 +0800] "HEAD / HTTP/1.1" 301 0 "117.121.101.40" "-" - "curl/7.19.7 (x86_64-redhat-linux-gnu) libcurl/7.19.7 NSS/3.16.2.3 Basic ECC zlib/1.2.3 libidn/1.18 libssh2/1.4.2" "-" - - - 0.000
118.114.21.189 - - [11/Nov/2016:00:00:05 +0800] "POST /course/ajaxmediauser/ HTTP/1.1" 200 54 "www.imooc.com" "http://www.imooc.com/video/2446" mid=2446&time=59.999000000003434&learn_time=122.9 "Mozilla/5.0 (Windows NT 6.3; WOW64) AppleWebKit/537.36 (KHTML, like Gecko) Chrome/49.0.2623.75 Safari/537.36" "-" 10.100.134.244:80 200 0.018 0.018
10.100.135.58 - - [11/Nov/2016:00:00:05 +0800] "GET /service/lastlearning/uid/3583322 HTTP/1.0" 200 314 "www.imooc.com" "-" - "Mozilla/4.0" "-" 10.100.136.64:80 200 0.042 0.043
10.100.0.1 - - [11/Nov/2016:00:00:05 +0800] "HEAD / HTTP/1.1" 301 0 "117.121.101.40" "-" - "curl/7.19.7 (x86_64-redhat-linux-gnu) libcurl/7.19.7 NSS/3.16.2.3 Basic ECC zlib/1.2.3 libidn/1.18 libssh2/1.4.2" "-" - - - 0.000
120.52.92.5 - - [11/Nov/2016:00:00:05 +0800] "POST /api3/getcourseinfor HTTP/1.1" 200 578 "www.imooc.com" "-" cid=375&timestamp=1478793606943&uid=2034415&secrect=6c07b0e6ddebb825ff9d6e4dfaa0c350&token=3add070280d5202d5161fa909858d903 "mukewang/5.0.1 (Android 6.0.1; Xiaomi MI 5 Build/MXB48T),Network WIFI" "-" 10.100.136.65:80 200 0.054 0.054
10.100.135.57 - - [11/Nov/2016:00:00:05 +0800] "GET /service/lastlearning/uid/4278654 HTTP/1.0" 200 348 "www.imooc.com" "-" - "Mozilla/4.0" "-" 10.100.134.244:80 200 0.048 0.048
10.100.0.1 - - [11/Nov/2016:00:00:05 +0800] "HEAD / HTTP/1.1" 301 0 "117.121.101.40" "-" - "curl/7.19.7 (x86_64-redhat-linux-gnu) libcurl/7.19.7 NSS/3.16.2.3 Basic ECC zlib/1.2.3 libidn/1.18 libssh2/1.4.2" "-" - - - 0.000
218.19.138.154 - - [11/Nov/2016:00:00:05 +0800] "GET /m/web/ HTTP/1.1" 200 8015 "www.imooc.com" "http://m.baidu.com/from=1014517a/bd_page_type=1/ssid=0/uid=0/pu=sz%401320_480%2Cosname%40baidubrowser%2Ccua%40_avLC_aE-i4qywoUfpw1z4aBXioVa2IBgN2w8AqqC%2Ccut%405kSYMlfgsugnavNiJavjh_hr2IgUNv85yf3NuDhwWqqSB%2Cctv%402%2Ccfrom%401014517a%2Ccen%40cuid_cua_cut%2Ccsrc%40app_box_txt%2Cta%40bmbadr_2_4.2_5_7.6%2Cusm%403/baiduid=B50A2BB794D0F365614F7EE13D069C7B/w=0_10_/t=zbios/l=1/tc?ref=www_zbios&lid=9869308204004830517&order=1&fm=alop&waplogo=1&tj=www_normal_1_0_10_title&vit=osres&waput=7&cltj=normal_title&asres=1&nt=wnor&title=%E6%85%95%E8%AF%BE%E7%BD%91%28IMOOC%29-%E7%A8%8B%E5%BA%8F%E5%91%98%E7%9A%84%E6%A2%A6%E5%B7%A5%E5%8E%82&dict=-1&w_qd=IlPT2AEptyoA_ykzuPMp-4qv1jO&sec=16575&di=0331fa0f2e6a1dd1&bdenc=1&tch=124.175.211.70.0.0&nsrc=IlPT2AEptyoA_yixCFOxXnANedT62v3IEQGG_yVN0TWx95qshbWxBc2bUnKhVn_MJ5Dl&eqid=88f6d3858e8e7000100000005824979f&wd=&clk_info=%7B%22srcid%22%3A%221599%22%2C%22tplname%22%3A%22www_normal%22%2C%22t%22%3A1478793592375%2C%22xpath%22%3A%22div-a-h3%22%7D" - "Mozilla/5.0 (Linux; Android 4.2.2; HUAWEI G750-T00 Build/HuaweiG750-T00) AppleWebKit/537.36 (KHTML, like Gecko) Version/4.0 Chrome/35.0.1916.138 Mobile Safari/537.36 T7/7.5 baidubrowser/7.6.12.0 (Baidu; P1 4.2.2)" "-" 10.100.134.244:80 200 0.237 0.238
222.141.54.77 - - [11/Nov/2016:00:00:05 +0800] "GET /course/ajaxcourserecom?cid=747 HTTP/1.1" 200 3974 "www.imooc.com" "http://www.imooc.com/learn/747" - "Mozilla/4.0 (compatible; MSIE 7.0; Windows NT 10.0; WOW64; Trident/7.0; .NET4.0C; .NET4.0E; .NET CLR 2.0.50727; .NET CLR 3.0.30729; .NET CLR 3.5.30729)" "-" 10.100.136.65:80 200 0.385 0.385
10.100.0.1 - - [11/Nov/2016:00:00:05 +0800] "HEAD / HTTP/1.1" 301 0 "117.121.101.40" "-" - "curl/7.19.7 (x86_64-redhat-linux-gnu) libcurl/7.19.7 NSS/3.16.2.3 Basic ECC zlib/1.2.3 libidn/1.18 libssh2/1.4.2" "-" - - - 0.000
115.33.64.68 - - [11/Nov/2016:00:00:05 +0800] "GET /static/lib/ueditor/ueditor.parse.js?v=201611082232 HTTP/1.1" 200 15521 "www.imooc.com" "http://www.imooc.com/wenda/detail/323003?t=179292" - "Mozilla/5.0 (Windows NT 10.0; WOW64) AppleWebKit/537.36 (KHTML, like Gecko) Chrome/54.0.2840.71 Safari/537.36" "-" 10.100.136.64:80 200 0.001 0.001
111.161.176.54 - - [11/Nov/2016:00:00:05 +0800] "POST /course/ajaxmediauser HTTP/1.1" 200 54 "www.imooc.com" "http://www.imooc.com/code/1358" mid=1358&time=60 "Mozilla/5.0 (Windows NT 10.0; WOW64) AppleWebKit/537.36 (KHTML, like Gecko) Chrome/49.0.2623.22 Safari/537.36 SE 2.X MetaSr 1.0" "-" 10.100.136.64:80 200 0.018 0.018
116.22.162.24 - - [11/Nov/2016:00:00:05 +0800] "POST /api3/savemediafinish HTTP/1.1" 200 103 "www.imooc.com" "-" is_offline=0&time=639&mid=2674&secrect=709a35d045cc2316e6405581e0604dc9&cid=0&plat_id=5&timestamp=1478793605073&uid=4260503&stay_time=140&token=06d8ebd1df1c3084c8b367a9cb5d8db4 "mukewang/5.0.1 (Android 6.0.1; Xiaomi MI 4LTE Build/MMB29M),Network WIFI" "-" 10.100.136.64:80 200 0.177 0.177
115.33.64.68 - - [11/Nov/2016:00:00:05 +0800] "GET /static/page/wenda/index.js?v=201611082232 HTTP/1.1" 200 10135 "www.imooc.com" "http://www.imooc.com/wenda/detail/323003?t=179292" - "Mozilla/5.0 (Windows NT 10.0; WOW64) AppleWebKit/537.36 (KHTML, like Gecko) Chrome/54.0.2840.71 Safari/537.36" "-" 10.100.136.65:80 200 0.001 0.001
10.100.0.1 - - [11/Nov/2016:00:00:05 +0800] "HEAD / HTTP/1.1" 301 0 "117.121.101.40" "-" - "curl/7.19.7 (x86_64-redhat-linux-gnu) libcurl/7.19.7 NSS/3.16.2.3 Basic ECC zlib/1.2.3 libidn/1.18 libssh2/1.4.2" "-" - - - 0.000
120.52.92.5 - - [11/Nov/2016:00:00:05 +0800] "POST /api3/getcourseintro HTTP/1.1" 200 2489 "www.imooc.com" "-" cid=375&timestamp=1478793607026&uid=2034415&secrect=6c07b0e6ddebb825ff9d6e4dfaa0c350&token=7eb327de8acff210fec995e212abdd2c "mukewang/5.0.1 (Android 6.0.1; Xiaomi MI 5 Build/MXB48T),Network WIFI" "-" 10.100.136.65:80 200 0.010 0.010
115.33.64.68 - - [11/Nov/2016:00:00:05 +0800] "GET /static/lib/layer/1.6.0/layer.min.js?v=201611082232 HTTP/1.1" 200 15297 "www.imooc.com" "http://www.imooc.com/wenda/detail/323003?t=179292" - "Mozilla/5.0 (Windows NT 10.0; WOW64) AppleWebKit/537.36 (KHTML, like Gecko) Chrome/54.0.2840.71 Safari/537.36" "-" 10.100.136.65:80 200 0.001 0.001
115.33.64.68 - - [11/Nov/2016:00:00:05 +0800] "GET /static/lib/layer/1.6.0/skin/layer.css?v=201611082232 HTTP/1.1" 200 1625 "www.imooc.com" "http://www.imooc.com/wenda/detail/323003?t=179292" - "Mozilla/5.0 (Windows NT 10.0; WOW64) AppleWebKit/537.36 (KHTML, like Gecko) Chrome/54.0.2840.71 Safari/537.36" "-" 10.100.136.65:80 200 0.001 0.001
115.33.64.68 - - [11/Nov/2016:00:00:05 +0800] "GET /static/component/base/util/launchAPP.js?v=201611082232 HTTP/1.1" 200 4926 "www.imooc.com" "http://www.imooc.com/wenda/detail/323003?t=179292" - "Mozilla/5.0 (Windows NT 10.0; WOW64) AppleWebKit/537.36 (KHTML, like Gecko) Chrome/54.0.2840.71 Safari/537.36" "-" 10.100.136.64:80 200 0.001 0.001
223.104.172.206 - - [11/Nov/2016:00:00:05 +0800] "POST /socket.io/1/ HTTP/1.1" 200 94 "chat.mukewang.com" "-" - "android-websockets-2.0" "-" 10.100.15.239:80 200 0.164 0.164
10.100.0.1 - - [11/Nov/2016:00:00:05 +0800] "HEAD / HTTP/1.1" 301 0 "117.121.101.40" "-" - "curl/7.19.7 (x86_64-redhat-linux-gnu) libcurl/7.19.7 NSS/3.16.2.3 Basic ECC zlib/1.2.3 libidn/1.18 libssh2/1.4.2" "-" - - - 0.000
10.100.0.1 - - [11/Nov/2016:00:00:05 +0800] "HEAD / HTTP/1.1" 301 0 "117.121.101.40" "-" - "curl/7.19.7 (x86_64-redhat-linux-gnu) libcurl/7.19.7 NSS/3.16.2.3 Basic ECC zlib/1.2.3 libidn/1.18 libssh2/1.4.2" "-" - - - 0.000
120.52.92.5 - - [11/Nov/2016:00:00:05 +0800] "POST /api3/getrelevantcourse HTTP/1.1" 200 806 "www.imooc.com" "-" cid=375&timestamp=1478793607028&uid=2034415&secrect=6c07b0e6ddebb825ff9d6e4dfaa0c350&token=22d95d8c5168820d023eefd4b1cb883c "mukewang/5.0.1 (Android 6.0.1; Xiaomi MI 5 Build/MXB48T),Network WIFI" "-" 10.100.136.64:80 200 0.050 0.050
10.100.0.1 - - [11/Nov/2016:00:00:05 +0800] "HEAD / HTTP/1.1" 301 0 "117.121.101.40" "-" - "curl/7.19.7 (x86_64-redhat-linux-gnu) libcurl/7.19.7 NSS/3.16.2.3 Basic ECC zlib/1.2.3 libidn/1.18 libssh2/1.4.2" "-" - - - 0.000
10.100.0.1 - - [11/Nov/2016:00:00:05 +0800] "HEAD / HTTP/1.1" 301 0 "117.121.101.40" "-" - "curl/7.19.7 (x86_64-redhat-linux-gnu) libcurl/7.19.7 NSS/3.16.2.3 Basic ECC zlib/1.2.3 libidn/1.18 libssh2/1.4.2" "-" - - - 0.000
223.166.231.165 - - [11/Nov/2016:00:00:05 +0800] "POST /api3/latest HTTP/1.1" 200 366 "www.imooc.com" "-" cid=0&timestamp=1478793606027&uid=2669672&secrect=d600bbb32a1862ec8508fb55338e7652&uuid=aa725672e30ed7c65d32219e8c6c03f8&token=0f78bc08705e3fc182991bfe30085457 "mukewang/5.0.1 (Android 6.0; HONOR KNT-AL20 Build/HUAWEIKNT-AL20),Network WIFI" "-" 10.100.134.244:80 200 0.048 0.048
10.100.0.1 - - [11/Nov/2016:00:00:05 +0800] "HEAD / HTTP/1.1" 301 0 "117.121.101.40" "-" - "curl/7.19.7 (x86_64-redhat-linux-gnu) libcurl/7.19.7 NSS/3.16.2.3 Basic ECC zlib/1.2.3 libidn/1.18 libssh2/1.4.2" "-" - - - 0.000
222.141.54.77 - - [11/Nov/2016:00:00:05 +0800] "GET /course/ajaxplanrecom?cid=747 HTTP/1.1" 200 74 "www.imooc.com" "http://www.imooc.com/learn/747" - "Mozilla/4.0 (compatible; MSIE 7.0; Windows NT 10.0; WOW64; Trident/7.0; .NET4.0C; .NET4.0E; .NET CLR 2.0.50727; .NET CLR 3.0.30729; .NET CLR 3.5.30729)" "-" 10.100.134.244:80 200 0.478 0.478
10.100.0.1 - - [11/Nov/2016:00:00:05 +0800] "HEAD / HTTP/1.1" 301 0 "117.121.101.40" "-" - "curl/7.19.7 (x86_64-redhat-linux-gnu) libcurl/7.19.7 NSS/3.16.2.3 Basic ECC zlib/1.2.3 libidn/1.18 libssh2/1.4.2" "-" - - - 0.000
218.19.138.154 - - [11/Nov/2016:00:00:05 +0800] "GET /m/fonts/style.css HTTP/1.1" 304 0 "www.imooc.com" "http://www.imooc.com/m/web/" - "Mozilla/5.0 (Linux; Android 4.2.2; HUAWEI G750-T00 Build/HuaweiG750-T00) AppleWebKit/537.36 (KHTML, like Gecko) Version/4.0 Chrome/35.0.1916.138 Mobile Safari/537.36 T7/7.5 baidubrowser/7.6.12.0 (Baidu; P1 4.2.2)" "-" 10.100.134.244:80 304 0.003 0.003
60.194.106.4 - - [11/Nov/2016:00:00:05 +0800] "POST /lesson/ajaxmediauser/ HTTP/1.1" 200 101 "coding.imooc.com" "http://coding.imooc.com/lesson/70.html" mid=1530&learn_time=2760.621&mode=video&video_point=15 "Mozilla/5.0 (Windows NT 6.1; WOW64) AppleWebKit/537.36 (KHTML, like Gecko) Chrome/45.0.2454.101 Safari/537.36" "-" 10.100.135.25:80 200 0.122 0.122
10.100.0.1 - - [11/Nov/2016:00:00:05 +0800] "HEAD / HTTP/1.1" 301 0 "117.121.101.40" "-" - "curl/7.19.7 (x86_64-redhat-linux-gnu) libcurl/7.19.7 NSS/3.16.2.3 Basic ECC zlib/1.2.3 libidn/1.18 libssh2/1.4.2" "-" - - - 0.000
101.200.101.220 - - [11/Nov/2016:00:00:05 +0800] "GET /md5/49a36fa4-557e-4c2d-870d-7926c88ee103/M/30783fbe8c700846.ts HTTP/1.1" 304 0 "szv1.mukewang.com" "-" - "Dalvik/2.1.0 (Linux; U; Android 6.0; FRD-AL00 Build/HUAWEIFRD-AL00)" "47.89.8.10" 10.100.133.99:80 304 0.002 0.002
10.100.0.1 - - [11/Nov/2016:00:00:05 +0800] "HEAD / HTTP/1.1" 301 0 "117.121.101.40" "-" - "curl/7.19.7 (x86_64-redhat-linux-gnu) libcurl/7.19.7 NSS/3.16.2.3 Basic ECC zlib/1.2.3 libidn/1.18 libssh2/1.4.2" "-" - - - 0.000
120.52.92.5 - - [11/Nov/2016:00:00:05 +0800] "POST /api3/getmediainfo_ver2 HTTP/1.1" 200 619 "www.imooc.com" "-" cid=375&timestamp=1478793607109&uid=2034415&secrect=6c07b0e6ddebb825ff9d6e4dfaa0c350&token=c2066db07038022f911eb8c137d9bd66 "mukewang/5.0.1 (Android 6.0.1; Xiaomi MI 5 Build/MXB48T),Network WIFI" "-" 10.100.136.65:80 200 0.043 0.043
223.166.231.165 - - [11/Nov/2016:00:00:05 +0800] "POST /api3/getinvitemeuserlist HTTP/1.1" 200 115 "www.imooc.com" "-" cid=0&timestamp=1478793606075&uid=2669672&secrect=d600bbb32a1862ec8508fb55338e7652&uuid=aa725672e30ed7c65d32219e8c6c03f8&token=b865abf77c3ec533ea449679d2a427b5 "mukewang/5.0.1 (Android 6.0; HONOR KNT-AL20 Build/HUAWEIKNT-AL20),Network WIFI" "-" 10.100.136.64:80 200 0.058 0.058
120.52.92.5 - - [11/Nov/2016:00:00:05 +0800] "POST /api3/coursecommentlist HTTP/1.1" 200 7845 "www.imooc.com" "-" cid=375&timestamp=1478793607037&uid=2034415&page=1&secrect=6c07b0e6ddebb825ff9d6e4dfaa0c350&token=b30afdfd657a55c47761c8d52bb2674b "mukewang/5.0.1 (Android 6.0.1; Xiaomi MI 5 Build/MXB48T),Network WIFI" "-" 10.100.134.244:80 200 0.101 0.101
10.100.0.1 - - [11/Nov/2016:00:00:05 +0800] "HEAD / HTTP/1.1" 301 0 "117.121.101.40" "-" - "curl/7.19.7 (x86_64-redhat-linux-gnu) libcurl/7.19.7 NSS/3.16.2.3 Basic ECC zlib/1.2.3 libidn/1.18 libssh2/1.4.2" "-" - - - 0.000
115.33.64.68 - - [11/Nov/2016:00:00:05 +0800] "GET /static/page/wenda/detail-common.js?v=201611082232 HTTP/1.1" 200 25777 "www.imooc.com" "http://www.imooc.com/wenda/detail/323003?t=179292" - "Mozilla/5.0 (Windows NT 10.0; WOW64) AppleWebKit/537.36 (KHTML, like Gecko) Chrome/54.0.2840.71 Safari/537.36" "-" 10.100.136.65:80 200 0.003 0.003
10.100.0.1 - - [11/Nov/2016:00:00:05 +0800] "HEAD / HTTP/1.1" 301 0 "117.121.101.40" "-" - "curl/7.19.7 (x86_64-redhat-linux-gnu) libcurl/7.19.7 NSS/3.16.2.3 Basic ECC zlib/1.2.3 libidn/1.18 libssh2/1.4.2" "-" - - - 0.000
123.151.21.93 - - [11/Nov/2016:00:00:05 +0800] "POST /course/ajaxmediauser HTTP/1.1" 200 54 "www.imooc.com" "http://www.imooc.com/code/5305" mid=5305&time=60 "Mozilla/5.0 (Windows NT 6.1; WOW64) AppleWebKit/537.36 (KHTML, like Gecko) Chrome/53.0.2785.116 Safari/537.36" "-" 10.100.136.64:80 200 0.017 0.017
10.100.0.1 - - [11/Nov/2016:00:00:05 +0800] "HEAD / HTTP/1.1" 301 0 "117.121.101.40" "-" - "curl/7.19.7 (x86_64-redhat-linux-gnu) libcurl/7.19.7 NSS/3.16.2.3 Basic ECC zlib/1.2.3 libidn/1.18 libssh2/1.4.2" "-" - - - 0.000
59.41.252.228 - - [11/Nov/2016:00:00:05 +0800] "GET /socket.io/1/websocket/FzVo6q1kIJaCI7wrWHgQ HTTP/1.1" 101 96 "chat.mukewang.com" "-" - "-" "-" 10.100.15.239:80 101 60.364 60.364
10.100.0.1 - - [11/Nov/2016:00:00:05 +0800] "HEAD / HTTP/1.1" 301 0 "117.121.101.40" "-" - "curl/7.19.7 (x86_64-redhat-linux-gnu) libcurl/7.19.7 NSS/3.16.2.3 Basic ECC zlib/1.2.3 libidn/1.18 libssh2/1.4.2" "-" - - - 0.000
218.19.138.154 - - [11/Nov/2016:00:00:05 +0800] "GET /m/css/control/block.css HTTP/1.1" 304 0 "www.imooc.com" "http://www.imooc.com/m/web/" - "Mozilla/5.0 (Linux; Android 4.2.2; HUAWEI G750-T00 Build/HuaweiG750-T00) AppleWebKit/537.36 (KHTML, like Gecko) Version/4.0 Chrome/35.0.1916.138 Mobile Safari/537.36 T7/7.5 baidubrowser/7.6.12.0 (Baidu; P1 4.2.2)" "-" 10.100.136.65:80 304 0.003 0.003
218.19.138.154 - - [11/Nov/2016:00:00:05 +0800] "GET /m/css/control/button.css HTTP/1.1" 304 0 "www.imooc.com" "http://www.imooc.com/m/web/" - "Mozilla/5.0 (Linux; Android 4.2.2; HUAWEI G750-T00 Build/HuaweiG750-T00) AppleWebKit/537.36 (KHTML, like Gecko) Version/4.0 Chrome/35.0.1916.138 Mobile Safari/537.36 T7/7.5 baidubrowser/7.6.12.0 (Baidu; P1 4.2.2)" "-" 10.100.134.244:80 304 0.003 0.003
10.100.0.1 - - [11/Nov/2016:00:00:05 +0800] "HEAD / HTTP/1.1" 301 0 "117.121.101.40" "-" - "curl/7.19.7 (x86_64-redhat-linux-gnu) libcurl/7.19.7 NSS/3.16.2.3 Basic ECC zlib/1.2.3 libidn/1.18 libssh2/1.4.2" "-" - - - 0.000
10.100.0.1 - - [11/Nov/2016:00:00:05 +0800] "HEAD / HTTP/1.1" 301 0 "117.121.101.40" "-" - "curl/7.19.7 (x86_64-redhat-linux-gnu) libcurl/7.19.7 NSS/3.16.2.3 Basic ECC zlib/1.2.3 libidn/1.18 libssh2/1.4.2" "-" - - - 0.000
10.100.0.1 - - [11/Nov/2016:00:00:05 +0800] "HEAD / HTTP/1.1" 301 0 "117.121.101.40" "-" - "curl/7.19.7 (x86_64-redhat-linux-gnu) libcurl/7.19.7 NSS/3.16.2.3 Basic ECC zlib/1.2.3 libidn/1.18 libssh2/1.4.2" "-" - - - 0.000
218.19.138.154 - - [11/Nov/2016:00:00:05 +0800] "GET /m/less/common/common.css HTTP/1.1" 304 0 "www.imooc.com" "http://www.imooc.com/m/web/" - "Mozilla/5.0 (Linux; Android 4.2.2; HUAWEI G750-T00 Build/HuaweiG750-T00) AppleWebKit/537.36 (KHTML, like Gecko) Version/4.0 Chrome/35.0.1916.138 Mobile Safari/537.36 T7/7.5 baidubrowser/7.6.12.0 (Baidu; P1 4.2.2)" "-" 10.100.136.64:80 304 0.002 0.002
218.19.138.154 - - [11/Nov/2016:00:00:05 +0800] "GET /m/less/home/home.css HTTP/1.1" 304 0 "www.imooc.com" "http://www.imooc.com/m/web/" - "Mozilla/5.0 (Linux; Android 4.2.2; HUAWEI G750-T00 Build/HuaweiG750-T00) AppleWebKit/537.36 (KHTML, like Gecko) Version/4.0 Chrome/35.0.1916.138 Mobile Safari/537.36 T7/7.5 baidubrowser/7.6.12.0 (Baidu; P1 4.2.2)" "-" 10.100.136.65:80 304 0.002 0.002
218.19.138.154 - - [11/Nov/2016:00:00:05 +0800] "GET /m/less/component/slider/slider.css HTTP/1.1" 304 0 "www.imooc.com" "http://www.imooc.com/m/web/" - "Mozilla/5.0 (Linux; Android 4.2.2; HUAWEI G750-T00 Build/HuaweiG750-T00) AppleWebKit/537.36 (KHTML, like Gecko) Version/4.0 Chrome/35.0.1916.138 Mobile Safari/537.36 T7/7.5 baidubrowser/7.6.12.0 (Baidu; P1 4.2.2)" "-" 10.100.136.64:80 304 0.002 0.002
218.19.138.154 - - [11/Nov/2016:00:00:05 +0800] "GET /m/lib/zepto/zepto.js HTTP/1.1" 304 0 "www.imooc.com" "http://www.imooc.com/m/web/" - "Mozilla/5.0 (Linux; Android 4.2.2; HUAWEI G750-T00 Build/HuaweiG750-T00) AppleWebKit/537.36 (KHTML, like Gecko) Version/4.0 Chrome/35.0.1916.138 Mobile Safari/537.36 T7/7.5 baidubrowser/7.6.12.0 (Baidu; P1 4.2.2)" "-" 10.100.136.65:80 304 0.002 0.002
183.159.178.9 - - [11/Nov/2016:00:00:05 +0800] "POST /socket.io/1/ HTTP/1.1" 200 94 "chat.mukewang.com" "-" - "android-websockets-2.0" "-" 10.100.15.239:80 200 0.334 0.334
10.100.0.1 - - [11/Nov/2016:00:00:05 +0800] "HEAD / HTTP/1.1" 301 0 "117.121.101.40" "-" - "curl/7.19.7 (x86_64-redhat-linux-gnu) libcurl/7.19.7 NSS/3.16.2.3 Basic ECC zlib/1.2.3 libidn/1.18 libssh2/1.4.2" "-" - - - 0.000
218.19.138.154 - - [11/Nov/2016:00:00:05 +0800] "GET /m/js/util/cookie.js HTTP/1.1" 304 0 "www.imooc.com" "http://www.imooc.com/m/web/" - "Mozilla/5.0 (Linux; Android 4.2.2; HUAWEI G750-T00 Build/HuaweiG750-T00) AppleWebKit/537.36 (KHTML, like Gecko) Version/4.0 Chrome/35.0.1916.138 Mobile Safari/537.36 T7/7.5 baidubrowser/7.6.12.0 (Baidu; P1 4.2.2)" "-" 10.100.134.244:80 304 0.004 0.004
111.1.180.254 - - [11/Nov/2016:00:00:05 +0800] "POST /course/ajaxmediauser HTTP/1.1" 200 67 "www.imooc.com" "http://www.imooc.com/code/2095" mid=2095&time=60 "Mozilla/5.0 (Windows NT 10.0; Win64; x64) AppleWebKit/537.36 (KHTML, like Gecko) Chrome/54.0.2840.71 Safari/537.36" "-" 10.100.136.64:80 200 0.015 0.016
140.205.253.139 - - [11/Nov/2016:00:00:06 +0800] "GET /838d8348-f3b3-4c58-90af-f9b236c1ef7e/H.mp4 HTTP/1.1" 206 524288 "v2.mukewang.com" "-" - "python-requests/2.10.0" "103.233.5.254" 10.100.133.98:80 206 0.026 0.026
218.19.138.154 - - [11/Nov/2016:00:00:06 +0800] "GET /m/build/bundle.js HTTP/1.1" 304 0 "www.imooc.com" "http://www.imooc.com/m/web/" - "Mozilla/5.0 (Linux; Android 4.2.2; HUAWEI G750-T00 Build/HuaweiG750-T00) AppleWebKit/537.36 (KHTML, like Gecko) Version/4.0 Chrome/35.0.1916.138 Mobile Safari/537.36 T7/7.5 baidubrowser/7.6.12.0 (Baidu; P1 4.2.2)" "-" 10.100.136.65:80 304 0.002 0.002
120.27.173.219 - - [11/Nov/2016:00:00:06 +0800] "GET /md5/43f0b8ac-ae58-49e7-a1ca-4f41e3b258af/M/0fc0a4a2919803c9.ts HTTP/1.1" 304 0 "szv1.mukewang.com" "http://coding.imooc.com/lesson/50.html" - "Mozilla/5.0 (Windows NT 6.3; WOW64) AppleWebKit/537.36 (KHTML, like Gecko) Chrome/54.0.2840.59 Safari/537.36" "223.73.75.192" 10.100.133.99:80 304 0.004 0.004
10.100.0.1 - - [11/Nov/2016:00:00:06 +0800] "HEAD / HTTP/1.1" 301 0 "117.121.101.40" "-" - "curl/7.19.7 (x86_64-redhat-linux-gnu) libcurl/7.19.7 NSS/3.16.2.3 Basic ECC zlib/1.2.3 libidn/1.18 libssh2/1.4.2" "-" - - - 0.000
10.100.0.1 - - [11/Nov/2016:00:00:06 +0800] "HEAD / HTTP/1.1" 301 0 "117.121.101.40" "-" - "curl/7.19.7 (x86_64-redhat-linux-gnu) libcurl/7.19.7 NSS/3.16.2.3 Basic ECC zlib/1.2.3 libidn/1.18 libssh2/1.4.2" "-" - - - 0.000
10.100.0.1 - - [11/Nov/2016:00:00:06 +0800] "HEAD / HTTP/1.1" 301 0 "117.121.101.40" "-" - "curl/7.19.7 (x86_64-redhat-linux-gnu) libcurl/7.19.7 NSS/3.16.2.3 Basic ECC zlib/1.2.3 libidn/1.18 libssh2/1.4.2" "-" - - - 0.000
59.63.249.129 - - [11/Nov/2016:00:00:06 +0800] "POST /course/ajaxmediauser/ HTTP/1.1" 200 54 "www.imooc.com" "http://www.imooc.com/video/2223" mid=2223&time=60.07800000000134&learn_time=75.3 "Mozilla/5.0 (Windows NT 10.0; WOW64) AppleWebKit/537.36 (KHTML, like Gecko) Chrome/53.0.2785.104 Safari/537.36 Core/1.53.1708.400 QQBrowser/9.5.9635.400" "-" 10.100.136.64:80 200 0.015 0.015
115.33.64.68 - - [11/Nov/2016:00:00:06 +0800] "GET /static/component/logic/login/login-regist.js?v=201611082232 HTTP/1.1" 200 1764 "www.imooc.com" "http://www.imooc.com/wenda/detail/323003?t=179292" - "Mozilla/5.0 (Windows NT 10.0; WOW64) AppleWebKit/537.36 (KHTML, like Gecko) Chrome/54.0.2840.71 Safari/537.36" "-" 10.100.136.64:80 200 0.001 0.001
10.100.0.1 - - [11/Nov/2016:00:00:06 +0800] "HEAD / HTTP/1.1" 301 0 "117.121.101.40" "-" - "curl/7.19.7 (x86_64-redhat-linux-gnu) libcurl/7.19.7 NSS/3.16.2.3 Basic ECC zlib/1.2.3 libidn/1.18 libssh2/1.4.2" "-" - - - 0.000
10.100.0.1 - - [11/Nov/2016:00:00:06 +0800] "HEAD / HTTP/1.1" 301 0 "117.121.101.40" "-" - "curl/7.19.7 (x86_64-redhat-linux-gnu) libcurl/7.19.7 NSS/3.16.2.3 Basic ECC zlib/1.2.3 libidn/1.18 libssh2/1.4.2" "-" - - - 0.000
10.100.0.1 - - [11/Nov/2016:00:00:06 +0800] "HEAD / HTTP/1.1" 301 0 "117.121.101.40" "-" - "curl/7.19.7 (x86_64-redhat-linux-gnu) libcurl/7.19.7 NSS/3.16.2.3 Basic ECC zlib/1.2.3 libidn/1.18 libssh2/1.4.2" "-" - - - 0.000
122.226.213.116 - - [11/Nov/2016:00:00:06 +0800] "HEAD /logo.png HTTP/1.1" 200 0 "szimg.mukewang.com" "-" - "-" "-" 10.100.135.58:80 200 0.001 0.040
113.119.169.237 - - [11/Nov/2016:00:00:06 +0800] "POST /course/ajaxmediauser HTTP/1.1" 200 54 "www.imooc.com" "http://www.imooc.com/code/472" mid=472&time=60 "Mozilla/5.0 (Windows NT 6.1; WOW64) AppleWebKit/537.36 (KHTML, like Gecko) Chrome/46.0.2486.0 Safari/537.36" "-" 10.100.136.64:80 200 0.015 0.015
10.100.0.1 - - [11/Nov/2016:00:00:06 +0800] "HEAD / HTTP/1.1" 301 0 "117.121.101.40" "-" - "curl/7.19.7 (x86_64-redhat-linux-gnu) libcurl/7.19.7 NSS/3.16.2.3 Basic ECC zlib/1.2.3 libidn/1.18 libssh2/1.4.2" "-" - - - 0.000
10.100.0.1 - - [11/Nov/2016:00:00:06 +0800] "HEAD / HTTP/1.1" 301 0 "117.121.101.40" "-" - "curl/7.19.7 (x86_64-redhat-linux-gnu) libcurl/7.19.7 NSS/3.16.2.3 Basic ECC zlib/1.2.3 libidn/1.18 libssh2/1.4.2" "-" - - - 0.000
153.35.188.137 - - [11/Nov/2016:00:00:06 +0800] "POST /socket.io/1/ HTTP/1.1" 200 94 "chat.mukewang.com" "-" - "android-websockets-2.0" "-" 10.100.15.239:80 200 0.272 0.272
42.234.105.23 - - [11/Nov/2016:00:00:06 +0800] "POST /socket.io/1/ HTTP/1.1" 200 94 "chat.mukewang.com" "-" - "android-websockets-2.0" "-" 10.100.15.239:80 200 0.133 0.133
115.33.64.68 - - [11/Nov/2016:00:00:06 +0800] "GET /static/page/wenda/wendalist.js?v=201611082232 HTTP/1.1" 200 15175 "www.imooc.com" "http://www.imooc.com/wenda/detail/323003?t=179292" - "Mozilla/5.0 (Windows NT 10.0; WOW64) AppleWebKit/537.36 (KHTML, like Gecko) Chrome/54.0.2840.71 Safari/537.36" "-" 10.100.136.65:80 200 0.001 0.001
10.100.0.1 - - [11/Nov/2016:00:00:06 +0800] "HEAD / HTTP/1.1" 301 0 "117.121.101.40" "-" - "curl/7.19.7 (x86_64-redhat-linux-gnu) libcurl/7.19.7 NSS/3.16.2.3 Basic ECC zlib/1.2.3 libidn/1.18 libssh2/1.4.2" "-" - - - 0.000
218.19.138.154 - - [11/Nov/2016:00:00:06 +0800] "GET /m/img/home/course_bg.png HTTP/1.1" 304 0 "www.imooc.com" "http://www.imooc.com/m/web/" - "Mozilla/5.0 (Linux; Android 4.2.2; HUAWEI G750-T00 Build/HuaweiG750-T00) AppleWebKit/537.36 (KHTML, like Gecko) Version/4.0 Chrome/35.0.1916.138 Mobile Safari/537.36 T7/7.5 baidubrowser/7.6.12.0 (Baidu; P1 4.2.2)" "-" 10.100.136.65:80 304 0.003 0.003
218.19.138.154 - - [11/Nov/2016:00:00:06 +0800] "GET /m/img/home/wenda_bg.png HTTP/1.1" 304 0 "www.imooc.com" "http://www.imooc.com/m/web/" - "Mozilla/5.0 (Linux; Android 4.2.2; HUAWEI G750-T00 Build/HuaweiG750-T00) AppleWebKit/537.36 (KHTML, like Gecko) Version/4.0 Chrome/35.0.1916.138 Mobile Safari/537.36 T7/7.5 baidubrowser/7.6.12.0 (Baidu; P1 4.2.2)" "-" 10.100.136.64:80 304 0.002 0.002
218.19.138.154 - - [11/Nov/2016:00:00:06 +0800] "GET /m/img/home/article_bg.png HTTP/1.1" 304 0 "www.imooc.com" "http://www.imooc.com/m/web/" - "Mozilla/5.0 (Linux; Android 4.2.2; HUAWEI G750-T00 Build/HuaweiG750-T00) AppleWebKit/537.36 (KHTML, like Gecko) Version/4.0 Chrome/35.0.1916.138 Mobile Safari/537.36 T7/7.5 baidubrowser/7.6.12.0 (Baidu; P1 4.2.2)" "-" 10.100.136.65:80 304 0.003 0.003
218.19.138.154 - - [11/Nov/2016:00:00:06 +0800] "GET /m/img/home/shizhan_bg.png HTTP/1.1" 304 0 "www.imooc.com" "http://www.imooc.com/m/web/" - "Mozilla/5.0 (Linux; Android 4.2.2; HUAWEI G750-T00 Build/HuaweiG750-T00) AppleWebKit/537.36 (KHTML, like Gecko) Version/4.0 Chrome/35.0.1916.138 Mobile Safari/537.36 T7/7.5 baidubrowser/7.6.12.0 (Baidu; P1 4.2.2)" "-" 10.100.134.244:80 304 0.003 0.003
116.22.162.24 - - [11/Nov/2016:00:00:06 +0800] "POST /api3/userinfo HTTP/1.1" 200 151 "www.imooc.com" "-" cid=0&timestamp=1478793605666&uid=4260503&secrect=709a35d045cc2316e6405581e0604dc9&uuid=85f8f6a15be13aa99b58373ec5d1eae0&token=f22e220fc02331425aa0bdedc5512b29 "mukewang/5.0.1 (Android 6.0.1; Xiaomi MI 4LTE Build/MMB29M),Network WIFI" "-" 10.100.136.65:80 200 0.054 0.054
123.139.105.203 - - [11/Nov/2016:00:00:06 +0800] "GET /socket.io/1/websocket/BdYW05_8Vdk-2-JcWHnX HTTP/1.1" 101 90 "chat.mukewang.com" "-" - "-" "-" 10.100.15.239:80 101 30.082 30.082
106.115.65.152 - - [11/Nov/2016:00:00:06 +0800] "POST /api3/courselist_ver2 HTTP/1.1" 200 3852 "www.imooc.com" "-" cat_type=1122&timestamp=1478793598928&uid=4389948&page=1&all_type=0&easy_type=0&token=d895267d49b662a0ad3d9bd01182db75 "mukewang/4.1.7 (Android 5.0.2; Xiaomi Redmi Note 3 Build/LRX22G),Network WIFI" "-" 10.100.136.64:80 200 0.143 0.143
10.100.0.1 - - [11/Nov/2016:00:00:06 +0800] "HEAD / HTTP/1.1" 301 0 "117.121.101.40" "-" - "curl/7.19.7 (x86_64-redhat-linux-gnu) libcurl/7.19.7 NSS/3.16.2.3 Basic ECC zlib/1.2.3 libidn/1.18 libssh2/1.4.2" "-" - - - 0.000
10.100.0.1 - - [11/Nov/2016:00:00:06 +0800] "HEAD / HTTP/1.1" 301 0 "117.121.101.40" "-" - "curl/7.19.7 (x86_64-redhat-linux-gnu) libcurl/7.19.7 NSS/3.16.2.3 Basic ECC zlib/1.2.3 libidn/1.18 libssh2/1.4.2" "-" - - - 0.000
106.115.65.152 - - [11/Nov/2016:00:00:06 +0800] "POST /api3/courselist_ver2 HTTP/1.1" 200 523 "www.imooc.com" "-" cat_type=1122&timestamp=1478793598938&uid=4389948&page=1&all_type=0&easy_type=1&token=d895267d49b662a0ad3d9bd01182db75 "mukewang/4.1.7 (Android 5.0.2; Xiaomi Redmi Note 3 Build/LRX22G),Network WIFI" "-" 10.100.134.244:80 200 0.130 0.130
115.33.64.68 - - [11/Nov/2016:00:00:06 +0800] "GET /static/component/base/util/wendaGuide.js?v=201611082232 HTTP/1.1" 200 2762 "www.imooc.com" "http://www.imooc.com/wenda/detail/323003?t=179292" - "Mozilla/5.0 (Windows NT 10.0; WOW64) AppleWebKit/537.36 (KHTML, like Gecko) Chrome/54.0.2840.71 Safari/537.36" "-" 10.100.134.244:80 200 0.002 0.002
112.51.66.164 - - [11/Nov/2016:00:00:06 +0800] "GET /socket.io/1/websocket/EUEbN0qVJ7A2VqHQWHgT HTTP/1.1" 101 96 "chat.mukewang.com" "-" - "-" "-" 10.100.15.239:80 101 60.569 60.569
10.100.0.1 - - [11/Nov/2016:00:00:06 +0800] "HEAD / HTTP/1.1" 301 0 "117.121.101.40" "-" - "curl/7.19.7 (x86_64-redhat-linux-gnu) libcurl/7.19.7 NSS/3.16.2.3 Basic ECC zlib/1.2.3 libidn/1.18 libssh2/1.4.2" "-" - - - 0.000
112.64.60.42 - - [11/Nov/2016:00:00:06 +0800] "GET /wenda/ajaxcourserecommends?id=111 HTTP/1.1" 200 1021 "www.imooc.com" "http://www.imooc.com/video/5134" - "Mozilla/5.0 (Windows NT 6.1; WOW64; rv:49.0) Gecko/20100101 Firefox/49.0" "-" 10.100.136.65:80 200 0.123 0.123
10.100.0.1 - - [11/Nov/2016:00:00:06 +0800] "HEAD / HTTP/1.1" 301 0 "117.121.101.40" "-" - "curl/7.19.7 (x86_64-redhat-linux-gnu) libcurl/7.19.7 NSS/3.16.2.3 Basic ECC zlib/1.2.3 libidn/1.18 libssh2/1.4.2" "-" - - - 0.000
119.39.126.45 - - [11/Nov/2016:00:00:06 +0800] "POST /socket.io/1/ HTTP/1.1" 200 94 "chat.mukewang.com" "-" - "android-websockets-2.0" "-" 10.100.15.239:80 200 0.006 0.006
10.100.0.1 - - [11/Nov/2016:00:00:06 +0800] "HEAD / HTTP/1.1" 301 0 "117.121.101.40" "-" - "curl/7.19.7 (x86_64-redhat-linux-gnu) libcurl/7.19.7 NSS/3.16.2.3 Basic ECC zlib/1.2.3 libidn/1.18 libssh2/1.4.2" "-" - - - 0.000
101.81.21.139 - - [11/Nov/2016:00:00:06 +0800] "POST /course/ajaxmediauser HTTP/1.1" 200 54 "www.imooc.com" "http://www.imooc.com/code/404" mid=404&time=60 "Mozilla/5.0 (Windows NT 6.1; Win64; x64; rv:49.0) Gecko/20100101 Firefox/49.0" "-" 10.100.136.65:80 200 0.015 0.015
116.22.162.24 - - [11/Nov/2016:00:00:06 +0800] "POST /api3/apprun HTTP/1.1" 200 103 "www.imooc.com" "-" osv=6.0.1&chan_id=10102010&secrect=709a35d045cc2316e6405581e0604dc9&cid=0&app_id=1&timestamp=1478793605680&service_id=1&os=Android&screen_size=1080*1920&brand=Xiaomi%20MI%204LTE&plat_id=2&uid=4260503&d_code=00000000-18ec-7d04-3083-423a3d9ab97e&type=1&v_id=5.0.1&token=4449407ed2b191d55dd218f271d2f90d "mukewang/5.0.1 (Android 6.0.1; Xiaomi MI 4LTE Build/MMB29M),Network WIFI" "-" 10.100.136.64:80 200 0.056 0.056
112.64.60.42 - - [11/Nov/2016:00:00:06 +0800] "GET /course/ajaxcourserecom?cid=111 HTTP/1.1" 200 4271 "www.imooc.com" "http://www.imooc.com/video/5134" - "Mozilla/5.0 (Windows NT 6.1; WOW64; rv:49.0) Gecko/20100101 Firefox/49.0" "-" 10.100.136.64:80 200 0.014 0.014
10.100.0.1 - - [11/Nov/2016:00:00:06 +0800] "HEAD / HTTP/1.1" 301 0 "117.121.101.40" "-" - "curl/7.19.7 (x86_64-redhat-linux-gnu) libcurl/7.19.7 NSS/3.16.2.3 Basic ECC zlib/1.2.3 libidn/1.18 libssh2/1.4.2" "-" - - - 0.000
111.19.34.252 - - [11/Nov/2016:00:00:06 +0800] "POST /course/ajaxmediauser/ HTTP/1.1" 200 54 "www.imooc.com" "http://www.imooc.com/video/2453" mid=2453&time=60&learn_time=209.4 "Mozilla/5.0 (Windows NT 6.1; WOW64) AppleWebKit/537.36 (KHTML, like Gecko) Chrome/45.0.2454.101 Safari/537.36" "-" 10.100.136.65:80 200 0.014 0.014
61.175.244.121 - - [11/Nov/2016:00:00:06 +0800] "POST /course/ajaxmediauser/ HTTP/1.1" 200 54 "www.imooc.com" "http://www.imooc.com/video/3346" mid=3346&time=60&learn_time=0 "Mozilla/5.0 (Windows NT 10.0; WOW64) AppleWebKit/537.36 (KHTML, like Gecko) Chrome/54.0.2840.87 Safari/537.36" "-" 10.100.134.244:80 200 0.024 0.024
218.19.138.154 - - [11/Nov/2016:00:00:06 +0800] "GET /m/fonts/fonts/imoocwap.ttf?isxq5t HTTP/1.1" 304 0 "www.imooc.com" "http://www.imooc.com/m/web/" - "Mozilla/5.0 (Linux; Android 4.2.2; HUAWEI G750-T00 Build/HuaweiG750-T00) AppleWebKit/537.36 (KHTML, like Gecko) Version/4.0 Chrome/35.0.1916.138 Mobile Safari/537.36 T7/7.5 baidubrowser/7.6.12.0 (Baidu; P1 4.2.2)" "-" 10.100.136.65:80 304 0.002 0.002
10.100.0.1 - - [11/Nov/2016:00:00:06 +0800] "HEAD / HTTP/1.1" 301 0 "117.121.101.40" "-" - "curl/7.19.7 (x86_64-redhat-linux-gnu) libcurl/7.19.7 NSS/3.16.2.3 Basic ECC zlib/1.2.3 libidn/1.18 libssh2/1.4.2" "-" - - - 0.000
59.52.219.237 - - [11/Nov/2016:00:00:06 +0800] "POST /api3/getinvitemeuserlist HTTP/1.1" 200 115 "www.imooc.com" "-" cid=0&timestamp=1478793605549&uid=2375005&secrect=290f87bba474460612af279f3314dcfb&uuid=05c2dbd251e4bbbcf81aa21afebf98de&token=b791e159993790f6ee8e596558ed0913 "mukewang/5.0.1 (Android 5.1; Meizu M571C Build/LMY47D),Network WIFI" "-" 10.100.136.64:80 200 0.056 0.056
10.100.135.57 - - [11/Nov/2016:00:00:06 +0800] "GET /service/lastlearning/uid/2374927 HTTP/1.0" 200 399 "www.imooc.com" "-" - "Mozilla/4.0" "-" 10.100.136.64:80 200 0.041 0.041
218.19.138.154 - - [11/Nov/2016:00:00:06 +0800] "GET /visitlog/index/user?v=1478793605527 HTTP/1.1" 200 2952 "www.imooc.com" "http://www.imooc.com/m/web/" - "Mozilla/5.0 (Linux; Android 4.2.2; HUAWEI G750-T00 Build/HuaweiG750-T00) AppleWebKit/537.36 (KHTML, like Gecko) Version/4.0 Chrome/35.0.1916.138 Mobile Safari/537.36 T7/7.5 baidubrowser/7.6.12.0 (Baidu; P1 4.2.2)" "-" 10.100.134.244:80 200 0.012 0.012
10.100.0.1 - - [11/Nov/2016:00:00:06 +0800] "HEAD / HTTP/1.1" 301 0 "117.121.101.40" "-" - "curl/7.19.7 (x86_64-redhat-linux-gnu) libcurl/7.19.7 NSS/3.16.2.3 Basic ECC zlib/1.2.3 libidn/1.18 libssh2/1.4.2" "-" - - - 0.000
171.82.150.142 - - [11/Nov/2016:00:00:06 +0800] "GET /socket.io/1/websocket/0ohanA5Hzulxl2LXV-Kz HTTP/1.1" 101 471 "chat.mukewang.com" "-" - "-" "-" 10.100.15.239:80 101 2344.672 2344.672
218.19.138.154 - - [11/Nov/2016:00:00:06 +0800] "GET /img/home/gradient-bg.png HTTP/1.1" 302 5 "www.imooc.com" "http://www.imooc.com/m/web/" - "Mozilla/5.0 (Linux; Android 4.2.2; HUAWEI G750-T00 Build/HuaweiG750-T00) AppleWebKit/537.36 (KHTML, like Gecko) Version/4.0 Chrome/35.0.1916.138 Mobile Safari/537.36 T7/7.5 baidubrowser/7.6.12.0 (Baidu; P1 4.2.2)" "-" 10.100.136.64:80 302 0.007 0.007
223.166.46.168 - - [11/Nov/2016:00:00:06 +0800] "POST /api3/savemediafinish HTTP/1.1" 200 115 "www.imooc.com" "-" plat_id=5&uid=2224763&time=842&stay_time=1&mid=0&is_offline=1&token=98a1b03e0f72725679e4f230a210d03b "mukewang/4.2.3 (Android 4.4.4; Lenovo Lenovo K30-T Build/KTU84P),Network WIFI" "-" 10.100.136.64:80 200 0.007 0.007
112.64.60.42 - - [11/Nov/2016:00:00:06 +0800] "POST /course/ajaxusermediasstatus?cid=111 HTTP/1.1" 200 726 "www.imooc.com" "http://www.imooc.com/video/5134" - "Mozilla/5.0 (Windows NT 6.1; WOW64; rv:49.0) Gecko/20100101 Firefox/49.0" "-" 10.100.136.64:80 200 0.025 0.025
10.100.0.1 - - [11/Nov/2016:00:00:06 +0800] "HEAD / HTTP/1.1" 301 0 "117.121.101.40" "-" - "curl/7.19.7 (x86_64-redhat-linux-gnu) libcurl/7.19.7 NSS/3.16.2.3 Basic ECC zlib/1.2.3 libidn/1.18 libssh2/1.4.2" "-" - - - 0.000
202.112.90.219 - - [11/Nov/2016:00:00:06 +0800] "POST /course/ajaxmediauser/ HTTP/1.1" 200 54 "www.imooc.com" "http://www.imooc.com/video/696" mid=696&time=59.99899999999616&learn_time=411.7 "Mozilla/5.0 (Windows NT 6.1; WOW64) AppleWebKit/537.36 (KHTML, like Gecko) Chrome/42.0.2311.154 Safari/537.36 LBBROWSER" "-" 10.100.136.64:80 200 0.017 0.017
10.100.0.1 - - [11/Nov/2016:00:00:06 +0800] "HEAD / HTTP/1.1" 301 0 "117.121.101.40" "-" - "curl/7.19.7 (x86_64-redhat-linux-gnu) libcurl/7.19.7 NSS/3.16.2.3 Basic ECC zlib/1.2.3 libidn/1.18 libssh2/1.4.2" "-" - - - 0.000
219.134.50.40 - - [11/Nov/2016:00:00:06 +0800] "POST /course/ajaxmediauser/ HTTP/1.1" 200 54 "www.imooc.com" "http://www.imooc.com/video/7547" mid=7547&time=60.00300000000061&learn_time=5.3 "Mozilla/5.0 (Windows NT 6.1; WOW64) AppleWebKit/537.36 (KHTML, like Gecko) Chrome/45.0.2454.101 Safari/537.36" "-" 10.100.136.65:80 200 0.015 0.015
117.151.51.3 - - [11/Nov/2016:00:00:06 +0800] "POST /api3/latest HTTP/1.1" 200 936 "www.imooc.com" "-" timestamp=1478793600308&uid=4287543&secrect=71a43852248741345c1228433d71c5de&uuid=3d8178710658068287ad44a374bfa970&cid=0&token=24c25a88ea693308acdbe546a3fd1e37 "mukewang/5.0.1 (Android 4.3; OPPO R8007 Build/JLS36C),Network WIFI" "-" 10.100.136.65:80 200 0.052 0.052
10.100.0.1 - - [11/Nov/2016:00:00:06 +0800] "HEAD / HTTP/1.1" 301 0 "117.121.101.40" "-" - "curl/7.19.7 (x86_64-redhat-linux-gnu) libcurl/7.19.7 NSS/3.16.2.3 Basic ECC zlib/1.2.3 libidn/1.18 libssh2/1.4.2" "-" - - - 0.000
113.45.88.50 - - [11/Nov/2016:00:00:06 +0800] "POST /course/ajaxmediauser/ HTTP/1.1" 200 67 "www.imooc.com" "http://www.imooc.com/video/2752" mid=2752&time=360.012&learn_time=288.3 "Mozilla/5.0 (Windows NT 6.1; WOW64) AppleWebKit/537.36 (KHTML, like Gecko) Chrome/47.0.2526.106 BIDUBrowser/8.4 Safari/537.36" "-" 10.100.134.244:80 200 0.018 0.018
112.64.60.42 - - [11/Nov/2016:00:00:06 +0800] "GET /course/ajaxlastmediarecom?cid=111 HTTP/1.1" 200 4451 "www.imooc.com" "http://www.imooc.com/video/5134" - "Mozilla/5.0 (Windows NT 6.1; WOW64; rv:49.0) Gecko/20100101 Firefox/49.0" "-" 10.100.134.244:80 200 0.018 0.018
10.100.0.1 - - [11/Nov/2016:00:00:06 +0800] "HEAD / HTTP/1.1" 301 0 "117.121.101.40" "-" - "curl/7.19.7 (x86_64-redhat-linux-gnu) libcurl/7.19.7 NSS/3.16.2.3 Basic ECC zlib/1.2.3 libidn/1.18 libssh2/1.4.2" "-" - - - 0.000
14.111.53.197 - - [11/Nov/2016:00:00:06 +0800] "POST /course/ajaxmediauser HTTP/1.1" 200 54 "www.imooc.com" "http://www.imooc.com/code/315" mid=315&time=60 "Mozilla/5.0 (Windows NT 6.1; WOW64) AppleWebKit/537.36 (KHTML, like Gecko) Chrome/47.0.2526.108 Safari/537.36 2345Explorer/7.2.0.12990" "-" 10.100.136.65:80 200 0.016 0.016
115.33.64.68 - - [11/Nov/2016:00:00:06 +0800] "GET /static/css/poplogin-less.css?v=201611082232 HTTP/1.1" 200 2378 "www.imooc.com" "http://www.imooc.com/wenda/detail/323003?t=179292" - "Mozilla/5.0 (Windows NT 10.0; WOW64) AppleWebKit/537.36 (KHTML, like Gecko) Chrome/54.0.2840.71 Safari/537.36" "-" 10.100.136.64:80 200 0.001 0.001
10.100.0.1 - - [11/Nov/2016:00:00:06 +0800] "HEAD / HTTP/1.1" 301 0 "117.121.101.40" "-" - "curl/7.19.7 (x86_64-redhat-linux-gnu) libcurl/7.19.7 NSS/3.16.2.3 Basic ECC zlib/1.2.3 libidn/1.18 libssh2/1.4.2" "-" - - - 0.000
115.33.64.68 - - [11/Nov/2016:00:00:06 +0800] "GET /static/component/base/placeholder/placeholder.js?v=201611082232 HTTP/1.1" 200 5578 "www.imooc.com" "http://www.imooc.com/wenda/detail/323003?t=179292" - "Mozilla/5.0 (Windows NT 10.0; WOW64) AppleWebKit/537.36 (KHTML, like Gecko) Chrome/54.0.2840.71 Safari/537.36" "-" 10.100.136.65:80 200 0.001 0.001
