183.81.181.156 - - [11/Nov/2016:00:00:12 +0800] "POST /course/ajaxmediauser HTTP/1.1" 200 54 "www.imooc.com" "http://www.imooc.com/code/876" mid=876&time=60 "Mozilla/5.0 (Windows NT 10.0) AppleWebKit/537.36 (KHTML, like Gecko) Chrome/54.0.2840.71 Safari/537.36" "-" 10.100.136.64:80 200 0.015 0.015
10.100.0.1 - - [11/Nov/2016:00:00:12 +0800] "HEAD / HTTP/1.1" 301 0 "117.121.101.40" "-" - "curl/7.19.7 (x86_64-redhat-linux-gnu) libcurl/7.19.7 NSS/3.16.2.3 Basic ECC zlib/1.2.3 libidn/1.18 libssh2/1.4.2" "-" - - - 0.000
115.60.240.200 - - [11/Nov/2016:00:00:12 +0800] "GET /u/card HTTP/1.1" 200 348 "www.imooc.com" "http://www.imooc.com/code/8555" - "Mozilla/5.0 (Windows NT 6.3; WOW64) AppleWebKit/537.36 (KHTML, like Gecko) Chrome/51.0.2704.106 Safari/537.36" "-" 10.100.134.244:80 200 0.106 0.106
10.100.0.1 - - [11/Nov/2016:00:00:12 +0800] "HEAD / HTTP/1.1" 301 0 "117.121.101.40" "-" - "curl/7.19.7 (x86_64-redhat-linux-gnu) libcurl/7.19.7 NSS/3.16.2.3 Basic ECC zlib/1.2.3 libidn/1.18 libssh2/1.4.2" "-" - - - 0.000
10.100.0.1 - - [11/Nov/2016:00:00:12 +0800] "HEAD / HTTP/1.1" 301 0 "117.121.101.40" "-" - "curl/7.19.7 (x86_64-redhat-linux-gnu) libcurl/7.19.7 NSS/3.16.2.3 Basic ECC zlib/1.2.3 libidn/1.18 libssh2/1.4.2" "-" - - - 0.000
58.23.251.17 - - [11/Nov/2016:00:00:12 +0800] "GET /course/ajaxplanrecom?cid=166 HTTP/1.1" 200 395 "www.imooc.com" "http://www.imooc.com/video/3299" - "Mozilla/5.0 (Windows NT 10.0; WOW64) AppleWebKit/537.36 (KHTML, like Gecko) Chrome/45.0.2454.101 Safari/537.36" "-" 10.100.134.244:80 200 1.395 1.395
10.100.0.1 - - [11/Nov/2016:00:00:12 +0800] "HEAD / HTTP/1.1" 301 0 "117.121.101.40" "-" - "curl/7.19.7 (x86_64-redhat-linux-gnu) libcurl/7.19.7 NSS/3.16.2.3 Basic ECC zlib/1.2.3 libidn/1.18 libssh2/1.4.2" "-" - - - 0.000
10.100.0.1 - - [11/Nov/2016:00:00:12 +0800] "HEAD / HTTP/1.1" 301 0 "117.121.101.40" "-" - "curl/7.19.7 (x86_64-redhat-linux-gnu) libcurl/7.19.7 NSS/3.16.2.3 Basic ECC zlib/1.2.3 libidn/1.18 libssh2/1.4.2" "-" - - - 0.000
10.100.0.1 - - [11/Nov/2016:00:00:12 +0800] "HEAD / HTTP/1.1" 301 0 "117.121.101.40" "-" - "curl/7.19.7 (x86_64-redhat-linux-gnu) libcurl/7.19.7 NSS/3.16.2.3 Basic ECC zlib/1.2.3 libidn/1.18 libssh2/1.4.2" "-" - - - 0.000
10.100.0.1 - - [11/Nov/2016:00:00:12 +0800] "HEAD / HTTP/1.1" 301 0 "117.121.101.40" "-" - "curl/7.19.7 (x86_64-redhat-linux-gnu) libcurl/7.19.7 NSS/3.16.2.3 Basic ECC zlib/1.2.3 libidn/1.18 libssh2/1.4.2" "-" - - - 0.000
163.125.238.68 - - [11/Nov/2016:00:00:12 +0800] "GET /static/lib/layer/1.6.0/skin/layer.css?v=201611082232 HTTP/1.1" 200 1625 "www.imooc.com" "http://www.imooc.com/qadetail/121375" - "Mozilla/5.0 (Windows NT 10.0) AppleWebKit/537.36 (KHTML, like Gecko) Chrome/45.0.2454.101 Safari/537.36" "-" 10.100.136.64:80 200 0.001 0.001
10.100.0.1 - - [11/Nov/2016:00:00:12 +0800] "HEAD / HTTP/1.1" 301 0 "117.121.101.40" "-" - "curl/7.19.7 (x86_64-redhat-linux-gnu) libcurl/7.19.7 NSS/3.16.2.3 Basic ECC zlib/1.2.3 libidn/1.18 libssh2/1.4.2" "-" - - - 0.000
120.198.231.154 - - [11/Nov/2016:00:00:12 +0800] "POST /api3/latest HTTP/1.1" 200 366 "www.imooc.com" "-" cid=0&timestamp=1478793616112&uid=1810129&secrect=af2ff6ec08e545db17bee626b31b80a1&uuid=2027d3602c586c1b5be605af99b5b48e&token=55dff8ea3716ede943dc8ed51de24b42 "mukewang/5.0.0 (Android 5.0.2; docomo SO-02G Build/23.1.B.1.317),Network WIFI" "-" 10.100.136.65:80 200 0.046 0.046
120.52.94.109 - - [11/Nov/2016:00:00:12 +0800] "GET /socket.io/1/websocket/hr1f_35mM6Ep3iEPWETJ HTTP/1.1" 101 225 "chat.mukewang.com" "-" - "-" "-" 10.100.15.239:80 101 881.967 881.967
10.100.0.1 - - [11/Nov/2016:00:00:12 +0800] "HEAD / HTTP/1.1" 301 0 "117.121.101.40" "-" - "curl/7.19.7 (x86_64-redhat-linux-gnu) libcurl/7.19.7 NSS/3.16.2.3 Basic ECC zlib/1.2.3 libidn/1.18 libssh2/1.4.2" "-" - - - 0.000
115.60.240.200 - - [11/Nov/2016:00:00:12 +0800] "GET /u/loading HTTP/1.1" 200 66 "www.imooc.com" "http://www.imooc.com/code/8555" - "Mozilla/5.0 (Windows NT 6.3; WOW64) AppleWebKit/537.36 (KHTML, like Gecko) Chrome/51.0.2704.106 Safari/537.36" "-" 10.100.136.64:80 200 0.166 0.166
10.100.0.1 - - [11/Nov/2016:00:00:12 +0800] "HEAD / HTTP/1.1" 301 0 "117.121.101.40" "-" - "curl/7.19.7 (x86_64-redhat-linux-gnu) libcurl/7.19.7 NSS/3.16.2.3 Basic ECC zlib/1.2.3 libidn/1.18 libssh2/1.4.2" "-" - - - 0.000
117.151.80.182 - - [11/Nov/2016:00:00:12 +0800] "POST /socket.io/1/ HTTP/1.1" 200 94 "chat.mukewang.com" "-" - "android-websockets-2.0" "-" 10.100.15.239:80 200 0.003 0.003
119.129.115.215 - - [11/Nov/2016:00:00:12 +0800] "POST /course/ajaxmediauser/ HTTP/1.1" 200 54 "www.imooc.com" "http://www.imooc.com/video/5219" mid=5219&time=60&learn_time=63.7 "Mozilla/5.0 (X11; Ubuntu; Linux x86_64; rv:49.0) Gecko/20100101 Firefox/49.0" "-" 10.100.136.64:80 200 0.016 0.016
10.100.0.1 - - [11/Nov/2016:00:00:12 +0800] "HEAD / HTTP/1.1" 301 0 "117.121.101.40" "-" - "curl/7.19.7 (x86_64-redhat-linux-gnu) libcurl/7.19.7 NSS/3.16.2.3 Basic ECC zlib/1.2.3 libidn/1.18 libssh2/1.4.2" "-" - - - 0.000
183.240.20.215 - - [11/Nov/2016:00:00:12 +0800] "POST /socket.io/1/ HTTP/1.1" 200 94 "chat.mukewang.com" "-" - "android-websockets-2.0" "-" 10.100.15.239:80 200 0.003 0.003
10.100.0.1 - - [11/Nov/2016:00:00:12 +0800] "HEAD / HTTP/1.1" 301 0 "117.121.101.40" "-" - "curl/7.19.7 (x86_64-redhat-linux-gnu) libcurl/7.19.7 NSS/3.16.2.3 Basic ECC zlib/1.2.3 libidn/1.18 libssh2/1.4.2" "-" - - - 0.000
183.196.13.12 - - [11/Nov/2016:00:00:12 +0800] "POST /api3/getinvitemeuserlist HTTP/1.1" 200 115 "www.imooc.com" "-" timestamp=1478793605428&uid=4317861&secrect=61f06727984a5b6ce2f18cdf3339e9fc&uuid=b09e5e6bbd973781f2ac5ae8395e857a&cid=0&token=af6a907e8b91a583edf795f078db6f13 "mukewang/5.0.1 (Android 4.4.4; Xiaomi MI NOTE LTE Build/KTU84P),Network WIFI" "-" 10.100.134.244:80 200 0.073 0.073
10.100.0.1 - - [11/Nov/2016:00:00:12 +0800] "HEAD / HTTP/1.1" 301 0 "117.121.101.40" "-" - "curl/7.19.7 (x86_64-redhat-linux-gnu) libcurl/7.19.7 NSS/3.16.2.3 Basic ECC zlib/1.2.3 libidn/1.18 libssh2/1.4.2" "-" - - - 0.000
10.100.0.1 - - [11/Nov/2016:00:00:12 +0800] "HEAD / HTTP/1.1" 301 0 "117.121.101.40" "-" - "curl/7.19.7 (x86_64-redhat-linux-gnu) libcurl/7.19.7 NSS/3.16.2.3 Basic ECC zlib/1.2.3 libidn/1.18 libssh2/1.4.2" "-" - - - 0.000
163.125.238.68 - - [11/Nov/2016:00:00:12 +0800] "GET /static/component/base/util/modal.button.js?v=201611082232 HTTP/1.1" 200 11085 "www.imooc.com" "http://www.imooc.com/qadetail/121375" - "Mozilla/5.0 (Windows NT 10.0) AppleWebKit/537.36 (KHTML, like Gecko) Chrome/45.0.2454.101 Safari/537.36" "-" 10.100.136.64:80 200 0.001 0.001
10.100.0.1 - - [11/Nov/2016:00:00:12 +0800] "HEAD / HTTP/1.1" 301 0 "117.121.101.40" "-" - "curl/7.19.7 (x86_64-redhat-linux-gnu) libcurl/7.19.7 NSS/3.16.2.3 Basic ECC zlib/1.2.3 libidn/1.18 libssh2/1.4.2" "-" - - - 0.000
10.100.0.1 - - [11/Nov/2016:00:00:12 +0800] "HEAD / HTTP/1.1" 301 0 "117.121.101.40" "-" - "curl/7.19.7 (x86_64-redhat-linux-gnu) libcurl/7.19.7 NSS/3.16.2.3 Basic ECC zlib/1.2.3 libidn/1.18 libssh2/1.4.2" "-" - - - 0.000
60.191.251.186 - - [11/Nov/2016:00:00:12 +0800] "POST /api3/tweethome HTTP/1.1" 200 31526 "www.imooc.com" "-" startid=0&visituid=3987311&secrect=4eaf1ccb02c78f18de0ee2ef81b6d373&spaceuid=0&cid=0&timestamp=1478793611738&uid=3987311&prev=1&pagesize=15&token=a6ad3898bd4c37185045ad12b6897d13 "mukewang/5.0.1 (Android 5.1; Meizu m3 note Build/LMY47I),Network WIFI" "-" 10.100.134.244:80 200 0.283 0.283
10.100.0.1 - - [11/Nov/2016:00:00:12 +0800] "HEAD / HTTP/1.1" 301 0 "117.121.101.40" "-" - "curl/7.19.7 (x86_64-redhat-linux-gnu) libcurl/7.19.7 NSS/3.16.2.3 Basic ECC zlib/1.2.3 libidn/1.18 libssh2/1.4.2" "-" - - - 0.000
10.100.0.1 - - [11/Nov/2016:00:00:12 +0800] "HEAD / HTTP/1.1" 301 0 "117.121.101.40" "-" - "curl/7.19.7 (x86_64-redhat-linux-gnu) libcurl/7.19.7 NSS/3.16.2.3 Basic ECC zlib/1.2.3 libidn/1.18 libssh2/1.4.2" "-" - - - 0.000
10.100.0.1 - - [11/Nov/2016:00:00:12 +0800] "HEAD / HTTP/1.1" 301 0 "117.121.101.40" "-" - "curl/7.19.7 (x86_64-redhat-linux-gnu) libcurl/7.19.7 NSS/3.16.2.3 Basic ECC zlib/1.2.3 libidn/1.18 libssh2/1.4.2" "-" - - - 0.000
49.77.123.154 - - [11/Nov/2016:00:00:12 +0800] "POST /course/ajaxmediauser/ HTTP/1.1" 200 54 "www.imooc.com" "http://www.imooc.com/video/7227" mid=7227&time=60&learn_time=7.4 "Mozilla/5.0 (Windows NT 10.0; WOW64) AppleWebKit/537.36 (KHTML, like Gecko) Chrome/45.0.2454.101 Safari/537.36" "-" 10.100.136.65:80 200 0.019 0.019
122.226.152.230 - - [11/Nov/2016:00:00:12 +0800] "GET /u/card HTTP/1.1" 200 356 "www.imooc.com" "http://www.imooc.com/code/4674" - "Mozilla/5.0 (Windows NT 6.1; WOW64) AppleWebKit/537.36 (KHTML, like Gecko) Chrome/45.0.2454.101 Safari/537.36" "-" 10.100.136.64:80 200 0.072 0.072
10.100.0.1 - - [11/Nov/2016:00:00:12 +0800] "HEAD / HTTP/1.1" 301 0 "117.121.101.40" "-" - "curl/7.19.7 (x86_64-redhat-linux-gnu) libcurl/7.19.7 NSS/3.16.2.3 Basic ECC zlib/1.2.3 libidn/1.18 libssh2/1.4.2" "-" - - - 0.000
10.100.0.1 - - [11/Nov/2016:00:00:12 +0800] "HEAD / HTTP/1.1" 301 0 "117.121.101.40" "-" - "curl/7.19.7 (x86_64-redhat-linux-gnu) libcurl/7.19.7 NSS/3.16.2.3 Basic ECC zlib/1.2.3 libidn/1.18 libssh2/1.4.2" "-" - - - 0.000
219.135.18.215 - - [11/Nov/2016:00:00:12 +0800] "POST /course/ajaxmediauser HTTP/1.1" 200 54 "www.imooc.com" "http://www.imooc.com/code/1432" mid=1432&time=60 "Mozilla/5.0 (Windows NT 6.1; WOW64) AppleWebKit/537.36 (KHTML, like Gecko) Chrome/53.0.2785.116 YaBrowser/16.10.0.2564 Yowser/2.5 Safari/537.36" "-" 10.100.136.65:80 200 0.016 0.016
60.191.251.186 - - [11/Nov/2016:00:00:12 +0800] "POST /api3/beta HTTP/1.1" 200 17717 "www.imooc.com" "-" cid=0&timestamp=1478793611685&uid=3987311&secrect=4eaf1ccb02c78f18de0ee2ef81b6d373&token=a8b0a100ea49bcdb00d9d0b8a5d1caed "mukewang/5.0.1 (Android 5.1; Meizu m3 note Build/LMY47I),Network WIFI" "-" 10.100.136.64:80 200 0.331 0.331
10.100.0.1 - - [11/Nov/2016:00:00:12 +0800] "HEAD / HTTP/1.1" 301 0 "117.121.101.40" "-" - "curl/7.19.7 (x86_64-redhat-linux-gnu) libcurl/7.19.7 NSS/3.16.2.3 Basic ECC zlib/1.2.3 libidn/1.18 libssh2/1.4.2" "-" - - - 0.000
103.25.148.254 - - [11/Nov/2016:00:00:12 +0800] "GET /socket.io/1/websocket/NV5_FIhlOvcve0z6WCc5 HTTP/1.1" 101 296 "chat.mukewang.com" "-" - "-" "-" 10.100.15.239:80 101 1338.857 1338.857
122.226.152.230 - - [11/Nov/2016:00:00:12 +0800] "GET /course/ajaxplanrecom?cid=222 HTTP/1.1" 200 555 "www.imooc.com" "http://www.imooc.com/code/4674" - "Mozilla/5.0 (Windows NT 6.1; WOW64) AppleWebKit/537.36 (KHTML, like Gecko) Chrome/45.0.2454.101 Safari/537.36" "-" 10.100.136.64:80 200 0.021 0.021
10.100.0.1 - - [11/Nov/2016:00:00:12 +0800] "HEAD / HTTP/1.1" 301 0 "117.121.101.40" "-" - "curl/7.19.7 (x86_64-redhat-linux-gnu) libcurl/7.19.7 NSS/3.16.2.3 Basic ECC zlib/1.2.3 libidn/1.18 libssh2/1.4.2" "-" - - - 0.000
36.104.2.235 - - [11/Nov/2016:00:00:12 +0800] "POST /api3/getmediainfo_ver2 HTTP/1.1" 200 632 "www.imooc.com" "-" timestamp=1478793612690&uid=3680027&cid=177&secrect=87edffb3af4ae49f76118b1f3f3c91fb&token=1a088ad42f4b968a886def3cfe91336f "mukewang/5.0.1 (Android 4.4.2; samsung SM-G900S Build/KOT49H),Network WIFI" "-" 10.100.134.244:80 200 0.057 0.057
10.100.0.1 - - [11/Nov/2016:00:00:12 +0800] "HEAD / HTTP/1.1" 301 0 "117.121.101.40" "-" - "curl/7.19.7 (x86_64-redhat-linux-gnu) libcurl/7.19.7 NSS/3.16.2.3 Basic ECC zlib/1.2.3 libidn/1.18 libssh2/1.4.2" "-" - - - 0.000
10.100.0.1 - - [11/Nov/2016:00:00:12 +0800] "HEAD / HTTP/1.1" 301 0 "117.121.101.40" "-" - "curl/7.19.7 (x86_64-redhat-linux-gnu) libcurl/7.19.7 NSS/3.16.2.3 Basic ECC zlib/1.2.3 libidn/1.18 libssh2/1.4.2" "-" - - - 0.000
122.71.78.158 - - [11/Nov/2016:00:00:12 +0800] "GET /socket.io/1/websocket/GWTpF0-lddBfjllAV850 HTTP/1.1" 101 521 "chat.mukewang.com" "-" - "-" "-" 10.100.15.239:80 101 2643.791 2643.791
10.100.0.1 - - [11/Nov/2016:00:00:12 +0800] "HEAD / HTTP/1.1" 301 0 "117.121.101.40" "-" - "curl/7.19.7 (x86_64-redhat-linux-gnu) libcurl/7.19.7 NSS/3.16.2.3 Basic ECC zlib/1.2.3 libidn/1.18 libssh2/1.4.2" "-" - - - 0.000
140.205.253.139 - - [11/Nov/2016:00:00:12 +0800] "GET /838d8348-f3b3-4c58-90af-f9b236c1ef7e/H.mp4 HTTP/1.1" 206 524288 "v2.mukewang.com" "-" - "python-requests/2.10.0" "103.233.5.254" 10.100.133.98:80 206 0.038 0.038
122.226.152.230 - - [11/Nov/2016:00:00:12 +0800] "POST /course/ajaxusermediasstatus?cid=222 HTTP/1.1" 200 54 "www.imooc.com" "http://www.imooc.com/code/4674" - "Mozilla/5.0 (Windows NT 6.1; WOW64) AppleWebKit/537.36 (KHTML, like Gecko) Chrome/45.0.2454.101 Safari/537.36" "-" 10.100.136.64:80 200 0.022 0.022
106.2.230.1 - - [11/Nov/2016:00:00:12 +0800] "POST /course/ajaxmediauser HTTP/1.1" 200 54 "www.imooc.com" "http://www.imooc.com/code/6253" mid=6253&time=60 "Mozilla/5.0 (Windows NT 10.0; Win64; x64) AppleWebKit/537.36 (KHTML, like Gecko) Chrome/54.0.2840.71 Safari/537.36" "-" 10.100.136.65:80 200 0.016 0.016
10.100.0.1 - - [11/Nov/2016:00:00:12 +0800] "HEAD / HTTP/1.1" 301 0 "117.121.101.40" "-" - "curl/7.19.7 (x86_64-redhat-linux-gnu) libcurl/7.19.7 NSS/3.16.2.3 Basic ECC zlib/1.2.3 libidn/1.18 libssh2/1.4.2" "-" - - - 0.000
139.207.179.32 - - [11/Nov/2016:00:00:12 +0800] "GET / HTTP/1.1" 302 154 "www.imooc.com" "-" - "Mozilla/5.0 (Linux; U; Android 4.4.4; zh-cn; BBG-vivo Y927/PD1410V_A_1.21.4; 720*1280; CTC/2.0) AppleWebKit/537.36 (KHTML,like Gecko) Version/4.0 Mobile Safari/537.36" "-" 10.100.136.65:80 302 0.001 0.001
121.69.5.6 - - [11/Nov/2016:00:00:12 +0800] "POST /course/ajaxmediauser HTTP/1.1" 200 54 "www.imooc.com" "http://www.imooc.com/code/973" mid=973&time=60 "Mozilla/5.0 (Windows NT 6.1; WOW64) AppleWebKit/537.36 (KHTML, like Gecko) Chrome/55.0.2883.19 Safari/537.36" "-" 10.100.136.64:80 200 0.016 0.016
10.100.0.1 - - [11/Nov/2016:00:00:12 +0800] "HEAD / HTTP/1.1" 301 0 "117.121.101.40" "-" - "curl/7.19.7 (x86_64-redhat-linux-gnu) libcurl/7.19.7 NSS/3.16.2.3 Basic ECC zlib/1.2.3 libidn/1.18 libssh2/1.4.2" "-" - - - 0.000
122.226.152.230 - - [11/Nov/2016:00:00:12 +0800] "GET /course/ajaxcourserecom?cid=222 HTTP/1.1" 200 4444 "www.imooc.com" "http://www.imooc.com/code/4674" - "Mozilla/5.0 (Windows NT 6.1; WOW64) AppleWebKit/537.36 (KHTML, like Gecko) Chrome/45.0.2454.101 Safari/537.36" "-" 10.100.136.65:80 200 0.014 0.014
10.100.0.1 - - [11/Nov/2016:00:00:12 +0800] "HEAD / HTTP/1.1" 301 0 "117.121.101.40" "-" - "curl/7.19.7 (x86_64-redhat-linux-gnu) libcurl/7.19.7 NSS/3.16.2.3 Basic ECC zlib/1.2.3 libidn/1.18 libssh2/1.4.2" "-" - - - 0.000
222.129.109.197 - - [11/Nov/2016:00:00:12 +0800] "POST /course/ajaxmediauser/ HTTP/1.1" 200 68 "www.imooc.com" "http://www.imooc.com/video/12343" mid=12343&time=88875.653&learn_time=314.2 "Mozilla/5.0 (Windows NT 6.1; WOW64) AppleWebKit/537.36 (KHTML, like Gecko) Chrome/45.0.2454.101 Safari/537.36" "-" 10.100.136.64:80 200 0.007 0.007
10.100.0.1 - - [11/Nov/2016:00:00:12 +0800] "HEAD / HTTP/1.1" 301 0 "117.121.101.40" "-" - "curl/7.19.7 (x86_64-redhat-linux-gnu) libcurl/7.19.7 NSS/3.16.2.3 Basic ECC zlib/1.2.3 libidn/1.18 libssh2/1.4.2" "-" - - - 0.000
183.196.13.12 - - [11/Nov/2016:00:00:12 +0800] "POST /socket.io/1/ HTTP/1.1" 200 94 "chat.mukewang.com" "-" - "android-websockets-2.0" "-" 10.100.15.239:80 200 0.003 0.003
10.100.0.1 - - [11/Nov/2016:00:00:12 +0800] "HEAD / HTTP/1.1" 301 0 "117.121.101.40" "-" - "curl/7.19.7 (x86_64-redhat-linux-gnu) libcurl/7.19.7 NSS/3.16.2.3 Basic ECC zlib/1.2.3 libidn/1.18 libssh2/1.4.2" "-" - - - 0.000
10.100.0.1 - - [11/Nov/2016:00:00:12 +0800] "HEAD / HTTP/1.1" 301 0 "117.121.101.40" "-" - "curl/7.19.7 (x86_64-redhat-linux-gnu) libcurl/7.19.7 NSS/3.16.2.3 Basic ECC zlib/1.2.3 libidn/1.18 libssh2/1.4.2" "-" - - - 0.000
223.255.10.166 - - [11/Nov/2016:00:00:12 +0800] "POST /course/ajaxmediauser/ HTTP/1.1" 200 54 "www.imooc.com" "http://www.imooc.com/video/7199" mid=7199&time=60.001000000000005&learn_time=153.6 "Mozilla/5.0 (Windows NT 10.0; Win64; x64) AppleWebKit/537.36 (KHTML, like Gecko) Chrome/53.0.2785.143 Safari/537.36" "-" 10.100.136.65:80 200 0.017 0.017
10.100.0.1 - - [11/Nov/2016:00:00:12 +0800] "HEAD / HTTP/1.1" 301 0 "117.121.101.40" "-" - "curl/7.19.7 (x86_64-redhat-linux-gnu) libcurl/7.19.7 NSS/3.16.2.3 Basic ECC zlib/1.2.3 libidn/1.18 libssh2/1.4.2" "-" - - - 0.000
10.100.0.1 - - [11/Nov/2016:00:00:12 +0800] "HEAD / HTTP/1.1" 301 0 "117.121.101.40" "-" - "curl/7.19.7 (x86_64-redhat-linux-gnu) libcurl/7.19.7 NSS/3.16.2.3 Basic ECC zlib/1.2.3 libidn/1.18 libssh2/1.4.2" "-" - - - 0.000
36.104.2.235 - - [11/Nov/2016:00:00:12 +0800] "POST /api3/courseques HTTP/1.1" 200 6933 "www.imooc.com" "-" timestamp=1478793612329&uid=3680027&secrect=87edffb3af4ae49f76118b1f3f3c91fb&t=1&page=1&cid=177&token=cc2b6b47bcdfa11528398445869b7f73 "mukewang/5.0.1 (Android 4.4.2; samsung SM-G900S Build/KOT49H),Network WIFI" "-" 10.100.136.65:80 200 0.525 0.525
120.27.173.204 - - [11/Nov/2016:00:00:12 +0800] "GET /md5/87cf4543-1916-4fba-9231-d9330624fd90/L/74bd414b19c3d50c.ts HTTP/1.1" 200 254560 "szv1.mukewang.com" "-" - "Lavf/56.15.102" "218.109.15.26" 10.100.133.99:80 200 0.029 0.166
10.100.0.1 - - [11/Nov/2016:00:00:12 +0800] "HEAD / HTTP/1.1" 301 0 "117.121.101.40" "-" - "curl/7.19.7 (x86_64-redhat-linux-gnu) libcurl/7.19.7 NSS/3.16.2.3 Basic ECC zlib/1.2.3 libidn/1.18 libssh2/1.4.2" "-" - - - 0.000
10.100.0.1 - - [11/Nov/2016:00:00:12 +0800] "HEAD / HTTP/1.1" 301 0 "117.121.101.40" "-" - "curl/7.19.7 (x86_64-redhat-linux-gnu) libcurl/7.19.7 NSS/3.16.2.3 Basic ECC zlib/1.2.3 libidn/1.18 libssh2/1.4.2" "-" - - - 0.000
182.242.225.71 - - [11/Nov/2016:00:00:12 +0800] "POST /api3/latest HTTP/1.1" 200 366 "www.imooc.com" "-" cid=0&timestamp=1478793611342&uid=3029898&secrect=0200d280749d0577f60be529fb7f26ba&uuid=d188785ff838727994a961fe6d0cf9fc&token=79d9a94fcfe499a68b9193ee9eb30bd3 "mukewang/5.0.0 (Android 5.1; OPPO OPPO R9tm Build/LMY47I),Network WIFI" "-" 10.100.134.244:80 200 0.065 0.065
10.100.0.1 - - [11/Nov/2016:00:00:12 +0800] "HEAD / HTTP/1.1" 301 0 "117.121.101.40" "-" - "curl/7.19.7 (x86_64-redhat-linux-gnu) libcurl/7.19.7 NSS/3.16.2.3 Basic ECC zlib/1.2.3 libidn/1.18 libssh2/1.4.2" "-" - - - 0.000
219.135.18.243 - - [11/Nov/2016:00:00:12 +0800] "GET /socket.io/1/websocket/p3pzJs25avOtGZF_WHyR HTTP/1.1" 101 5 "chat.mukewang.com" "-" - "-" "-" 10.100.15.239:80 101 0.044 0.044
10.100.0.1 - - [11/Nov/2016:00:00:12 +0800] "HEAD / HTTP/1.1" 301 0 "117.121.101.40" "-" - "curl/7.19.7 (x86_64-redhat-linux-gnu) libcurl/7.19.7 NSS/3.16.2.3 Basic ECC zlib/1.2.3 libidn/1.18 libssh2/1.4.2" "-" - - - 0.000
106.91.24.22 - - [11/Nov/2016:00:00:12 +0800] "GET /socket.io/1/websocket/I0NQaDsdDwmSSqScWEF5 HTTP/1.1" 101 230 "chat.mukewang.com" "-" - "-" "-" 10.100.15.239:80 101 932.990 932.990
10.100.0.1 - - [11/Nov/2016:00:00:12 +0800] "HEAD / HTTP/1.1" 301 0 "117.121.101.40" "-" - "curl/7.19.7 (x86_64-redhat-linux-gnu) libcurl/7.19.7 NSS/3.16.2.3 Basic ECC zlib/1.2.3 libidn/1.18 libssh2/1.4.2" "-" - - - 0.000
182.242.225.71 - - [11/Nov/2016:00:00:12 +0800] "POST /api3/getinvitemeuserlist HTTP/1.1" 200 115 "www.imooc.com" "-" cid=0&timestamp=1478793611362&uid=3029898&secrect=0200d280749d0577f60be529fb7f26ba&uuid=d188785ff838727994a961fe6d0cf9fc&token=aba6551c101f87cbea89c939a90d3211 "mukewang/5.0.0 (Android 5.1; OPPO OPPO R9tm Build/LMY47I),Network WIFI" "-" 10.100.134.244:80 200 0.079 0.079
10.100.0.1 - - [11/Nov/2016:00:00:12 +0800] "HEAD / HTTP/1.1" 301 0 "117.121.101.40" "-" - "curl/7.19.7 (x86_64-redhat-linux-gnu) libcurl/7.19.7 NSS/3.16.2.3 Basic ECC zlib/1.2.3 libidn/1.18 libssh2/1.4.2" "-" - - - 0.000
10.100.0.1 - - [11/Nov/2016:00:00:12 +0800] "HEAD / HTTP/1.1" 301 0 "117.121.101.40" "-" - "curl/7.19.7 (x86_64-redhat-linux-gnu) libcurl/7.19.7 NSS/3.16.2.3 Basic ECC zlib/1.2.3 libidn/1.18 libssh2/1.4.2" "-" - - - 0.000
117.100.115.176 - - [11/Nov/2016:00:00:12 +0800] "POST /lesson/ajaxmediauser/ HTTP/1.1" 200 72 "coding.imooc.com" "http://coding.imooc.com/lesson/72.html" mid=1418&learn_time=59.991&mode=video&video_point=204 "Mozilla/5.0 (Windows NT 10.0; Win64; x64) AppleWebKit/537.36 (KHTML, like Gecko) Chrome/51.0.2704.79 Safari/537.36 Edge/14.14393" "-" 10.100.135.58:80 200 0.060 0.060
10.100.0.1 - - [11/Nov/2016:00:00:12 +0800] "HEAD / HTTP/1.1" 301 0 "117.121.101.40" "-" - "curl/7.19.7 (x86_64-redhat-linux-gnu) libcurl/7.19.7 NSS/3.16.2.3 Basic ECC zlib/1.2.3 libidn/1.18 libssh2/1.4.2" "-" - - - 0.000
10.100.0.1 - - [11/Nov/2016:00:00:12 +0800] "HEAD / HTTP/1.1" 301 0 "117.121.101.40" "-" - "curl/7.19.7 (x86_64-redhat-linux-gnu) libcurl/7.19.7 NSS/3.16.2.3 Basic ECC zlib/1.2.3 libidn/1.18 libssh2/1.4.2" "-" - - - 0.000
10.100.0.1 - - [11/Nov/2016:00:00:12 +0800] "HEAD / HTTP/1.1" 301 0 "117.121.101.40" "-" - "curl/7.19.7 (x86_64-redhat-linux-gnu) libcurl/7.19.7 NSS/3.16.2.3 Basic ECC zlib/1.2.3 libidn/1.18 libssh2/1.4.2" "-" - - - 0.000
121.69.11.8 - - [11/Nov/2016:00:00:12 +0800] "GET /socket.io/1/websocket/KRzUsB8ytPrGUCVRWHya HTTP/1.1" 101 85 "chat.mukewang.com" "-" - "-" "-" 10.100.15.239:80 101 0.546 0.546
10.100.0.1 - - [11/Nov/2016:00:00:13 +0800] "HEAD / HTTP/1.1" 301 0 "117.121.101.40" "-" - "curl/7.19.7 (x86_64-redhat-linux-gnu) libcurl/7.19.7 NSS/3.16.2.3 Basic ECC zlib/1.2.3 libidn/1.18 libssh2/1.4.2" "-" - - - 0.000
106.39.13.45 - - [11/Nov/2016:00:00:13 +0800] "GET /static/img/home/yw.png HTTP/1.1" 200 47971 "www.imooc.com" "http://www.imooc.com/" - "Mozilla/5.0 (Windows NT 6.1; rv:49.0) Gecko/20100101 Firefox/49.0" "-" 10.100.134.244:80 200 0.003 0.003
10.100.0.1 - - [11/Nov/2016:00:00:13 +0800] "HEAD / HTTP/1.1" 301 0 "117.121.101.40" "-" - "curl/7.19.7 (x86_64-redhat-linux-gnu) libcurl/7.19.7 NSS/3.16.2.3 Basic ECC zlib/1.2.3 libidn/1.18 libssh2/1.4.2" "-" - - - 0.000
122.226.152.230 - - [11/Nov/2016:00:00:13 +0800] "GET /course/otherscode?mid=4674&page=1&r=0.03736815229058266 HTTP/1.1" 200 3640 "www.imooc.com" "http://www.imooc.com/code/4674" - "Mozilla/5.0 (Windows NT 6.1; WOW64) AppleWebKit/537.36 (KHTML, like Gecko) Chrome/45.0.2454.101 Safari/537.36" "-" 10.100.134.244:80 200 0.312 0.312
10.100.0.1 - - [11/Nov/2016:00:00:13 +0800] "HEAD / HTTP/1.1" 301 0 "117.121.101.40" "-" - "curl/7.19.7 (x86_64-redhat-linux-gnu) libcurl/7.19.7 NSS/3.16.2.3 Basic ECC zlib/1.2.3 libidn/1.18 libssh2/1.4.2" "-" - - - 0.000
10.100.0.1 - - [11/Nov/2016:00:00:13 +0800] "HEAD / HTTP/1.1" 301 0 "117.121.101.40" "-" - "curl/7.19.7 (x86_64-redhat-linux-gnu) libcurl/7.19.7 NSS/3.16.2.3 Basic ECC zlib/1.2.3 libidn/1.18 libssh2/1.4.2" "-" - - - 0.000
113.140.11.125 - - [11/Nov/2016:00:00:13 +0800] "GET /visitlog/index/user?v=1478793612966 HTTP/1.1" 200 2957 "www.imooc.com" "http://www.imooc.com/course/program" - "Mozilla/5.0 (Windows NT 10.0; WOW64) AppleWebKit/537.36 (KHTML, like Gecko) Chrome/53.0.2785.116 Safari/537.36" "-" 10.100.136.65:80 200 0.009 0.009
10.100.0.1 - - [11/Nov/2016:00:00:13 +0800] "HEAD / HTTP/1.1" 301 0 "117.121.101.40" "-" - "curl/7.19.7 (x86_64-redhat-linux-gnu) libcurl/7.19.7 NSS/3.16.2.3 Basic ECC zlib/1.2.3 libidn/1.18 libssh2/1.4.2" "-" - - - 0.000
10.100.0.1 - - [11/Nov/2016:00:00:13 +0800] "HEAD / HTTP/1.1" 301 0 "117.121.101.40" "-" - "curl/7.19.7 (x86_64-redhat-linux-gnu) libcurl/7.19.7 NSS/3.16.2.3 Basic ECC zlib/1.2.3 libidn/1.18 libssh2/1.4.2" "-" - - - 0.000
163.125.238.68 - - [11/Nov/2016:00:00:13 +0800] "GET /static/lib/ueditor/themes/iframe.css HTTP/1.1" 200 902 "www.imooc.com" "-" - "Mozilla/5.0 (Windows NT 10.0) AppleWebKit/537.36 (KHTML, like Gecko) Chrome/45.0.2454.101 Safari/537.36" "-" 10.100.136.65:80 200 0.001 0.001
10.100.0.1 - - [11/Nov/2016:00:00:13 +0800] "HEAD / HTTP/1.1" 301 0 "117.121.101.40" "-" - "curl/7.19.7 (x86_64-redhat-linux-gnu) libcurl/7.19.7 NSS/3.16.2.3 Basic ECC zlib/1.2.3 libidn/1.18 libssh2/1.4.2" "-" - - - 0.000
10.100.0.1 - - [11/Nov/2016:00:00:13 +0800] "HEAD / HTTP/1.1" 301 0 "117.121.101.40" "-" - "curl/7.19.7 (x86_64-redhat-linux-gnu) libcurl/7.19.7 NSS/3.16.2.3 Basic ECC zlib/1.2.3 libidn/1.18 libssh2/1.4.2" "-" - - - 0.000
223.104.27.5 - - [11/Nov/2016:00:00:13 +0800] "POST /api3/latest HTTP/1.1" 200 936 "www.imooc.com" "-" timestamp=1478793611708&uid=4236921&secrect=4ec5640444fd022f1a7ec042eaece02b&uuid=4bb8c423015e9aaaa7d8a2e126454ee2&cid=0&token=e620fbfa0e04d310f63870d0b305bad6 "mukewang/5.0.0 (Android 4.4.2; Lenovo Lenovo A368t Build/S102),Network 2G/3G" "-" 10.100.136.65:80 200 0.042 0.042
10.100.0.1 - - [11/Nov/2016:00:00:13 +0800] "HEAD / HTTP/1.1" 301 0 "117.121.101.40" "-" - "curl/7.19.7 (x86_64-redhat-linux-gnu) libcurl/7.19.7 NSS/3.16.2.3 Basic ECC zlib/1.2.3 libidn/1.18 libssh2/1.4.2" "-" - - - 0.000
223.104.27.5 - - [11/Nov/2016:00:00:13 +0800] "POST /api3/getinvitemeuserlist HTTP/1.1" 200 115 "www.imooc.com" "-" timestamp=1478793612015&uid=4236921&secrect=4ec5640444fd022f1a7ec042eaece02b&uuid=4bb8c423015e9aaaa7d8a2e126454ee2&cid=0&token=01d338b386e1313c3527088de1c727d3 "mukewang/5.0.0 (Android 4.4.2; Lenovo Lenovo A368t Build/S102),Network 2G/3G" "-" 10.100.136.64:80 200 0.059 0.059
122.226.152.230 - - [11/Nov/2016:00:00:13 +0800] "GET /course/ajaxmaxchaptermediaques?mid=4674 HTTP/1.1" 200 72 "www.imooc.com" "http://www.imooc.com/code/4674" - "Mozilla/5.0 (Windows NT 6.1; WOW64) AppleWebKit/537.36 (KHTML, like Gecko) Chrome/45.0.2454.101 Safari/537.36" "-" 10.100.136.65:80 200 0.381 0.381
10.100.0.1 - - [11/Nov/2016:00:00:13 +0800] "HEAD / HTTP/1.1" 301 0 "117.121.101.40" "-" - "curl/7.19.7 (x86_64-redhat-linux-gnu) libcurl/7.19.7 NSS/3.16.2.3 Basic ECC zlib/1.2.3 libidn/1.18 libssh2/1.4.2" "-" - - - 0.000
10.100.0.1 - - [11/Nov/2016:00:00:13 +0800] "HEAD / HTTP/1.1" 301 0 "117.121.101.40" "-" - "curl/7.19.7 (x86_64-redhat-linux-gnu) libcurl/7.19.7 NSS/3.16.2.3 Basic ECC zlib/1.2.3 libidn/1.18 libssh2/1.4.2" "-" - - - 0.000
61.165.188.108 - - [11/Nov/2016:00:00:13 +0800] "GET /socket.io/1/websocket/eHWylv4iohPXCJH0V_Dt HTTP/1.1" 101 435 "chat.mukewang.com" "-" - "-" "-" 10.100.15.239:80 101 2141.729 2141.729
10.100.0.1 - - [11/Nov/2016:00:00:13 +0800] "HEAD / HTTP/1.1" 301 0 "117.121.101.40" "-" - "curl/7.19.7 (x86_64-redhat-linux-gnu) libcurl/7.19.7 NSS/3.16.2.3 Basic ECC zlib/1.2.3 libidn/1.18 libssh2/1.4.2" "-" - - - 0.000
124.200.102.137 - - [11/Nov/2016:00:00:13 +0800] "POST /course/ajaxmediauser/ HTTP/1.1" 200 54 "www.imooc.com" "http://www.imooc.com/video/5769" mid=5769&time=60&learn_time=9.4 "Mozilla/5.0 (Macintosh; Intel Mac OS X 10_12_1) AppleWebKit/537.36 (KHTML, like Gecko) Chrome/54.0.2840.87 Safari/537.36" "-" 10.100.136.65:80 200 0.019 0.019
10.100.0.1 - - [11/Nov/2016:00:00:13 +0800] "HEAD / HTTP/1.1" 301 0 "117.121.101.40" "-" - "curl/7.19.7 (x86_64-redhat-linux-gnu) libcurl/7.19.7 NSS/3.16.2.3 Basic ECC zlib/1.2.3 libidn/1.18 libssh2/1.4.2" "-" - - - 0.000
116.227.234.111 - - [11/Nov/2016:00:00:13 +0800] "GET /u/card HTTP/1.1" 200 331 "www.imooc.com" "http://www.imooc.com/code/731" - "Mozilla/5.0 (Windows NT 10.0; Win64; x64) AppleWebKit/537.36 (KHTML, like Gecko) Chrome/53.0.2785.143 Safari/537.36" "-" 10.100.136.64:80 200 0.085 0.085
10.100.0.1 - - [11/Nov/2016:00:00:13 +0800] "HEAD / HTTP/1.1" 301 0 "117.121.101.40" "-" - "curl/7.19.7 (x86_64-redhat-linux-gnu) libcurl/7.19.7 NSS/3.16.2.3 Basic ECC zlib/1.2.3 libidn/1.18 libssh2/1.4.2" "-" - - - 0.000
10.100.0.1 - - [11/Nov/2016:00:00:13 +0800] "HEAD / HTTP/1.1" 301 0 "117.121.101.40" "-" - "curl/7.19.7 (x86_64-redhat-linux-gnu) libcurl/7.19.7 NSS/3.16.2.3 Basic ECC zlib/1.2.3 libidn/1.18 libssh2/1.4.2" "-" - - - 0.000
203.208.60.225 - - [11/Nov/2016:00:00:13 +0800] "GET /qadetail/132737 HTTP/1.1" 200 7663 "www.imooc.com" "-" - "Mozilla/5.0 (compatible; Googlebot/2.1; +http://www.google.com/bot.html)" "-" 10.100.136.64:80 200 0.704 0.704
202.111.182.18 - - [11/Nov/2016:00:00:13 +0800] "POST /course/ajaxmediauser HTTP/1.1" 200 54 "www.imooc.com" "http://www.imooc.com/code/317" mid=317&time=60 "Mozilla/5.0 (Windows NT 10.0; WOW64) AppleWebKit/537.36 (KHTML, like Gecko) Chrome/42.0.2311.154 Safari/537.36 LBBROWSER" "-" 10.100.136.65:80 200 0.017 0.017
101.200.101.201 - - [11/Nov/2016:00:00:13 +0800] "GET /md5/9f15518d-fb78-4552-982e-11049ff975eb/M/3bca8642069795c6.ts HTTP/1.1" 304 0 "szv1.mukewang.com" "-" - "mukewang/5.0.2.1611033 CFNetwork/808.1.4 Darwin/16.1.0" "14.125.85.219" 10.100.133.99:80 304 0.005 0.005
113.44.10.77 - - [11/Nov/2016:00:00:13 +0800] "POST /socket.io/1/ HTTP/1.1" 200 94 "chat.mukewang.com" "-" - "android-websockets-2.0" "-" 10.100.15.239:80 200 0.005 0.005
10.100.0.1 - - [11/Nov/2016:00:00:13 +0800] "HEAD / HTTP/1.1" 301 0 "117.121.101.40" "-" - "curl/7.19.7 (x86_64-redhat-linux-gnu) libcurl/7.19.7 NSS/3.16.2.3 Basic ECC zlib/1.2.3 libidn/1.18 libssh2/1.4.2" "-" - - - 0.000
223.74.95.68 - - [11/Nov/2016:00:00:13 +0800] "POST /socket.io/1/ HTTP/1.1" 200 94 "chat.mukewang.com" "-" - "android-websockets-2.0" "-" 10.100.15.239:80 200 0.004 0.004
115.60.240.200 - - [11/Nov/2016:00:00:13 +0800] "GET /wenda/ajaxcourserecommends?id=418 HTTP/1.1" 200 1333 "www.imooc.com" "http://www.imooc.com/code/8555" - "Mozilla/5.0 (Windows NT 6.3; WOW64) AppleWebKit/537.36 (KHTML, like Gecko) Chrome/51.0.2704.106 Safari/537.36" "-" 10.100.136.65:80 200 0.085 0.085
163.125.238.68 - - [11/Nov/2016:00:00:13 +0800] "GET /static/lib/ueditor/third-party/zeroclipboard/ZeroClipboard.js HTTP/1.1" 200 44471 "www.imooc.com" "http://www.imooc.com/qadetail/121375" - "Mozilla/5.0 (Windows NT 10.0) AppleWebKit/537.36 (KHTML, like Gecko) Chrome/45.0.2454.101 Safari/537.36" "-" 10.100.136.64:80 200 0.003 0.003
120.198.231.154 - - [11/Nov/2016:00:00:13 +0800] "POST /api3/getcoursekeyword HTTP/1.1" 200 115 "www.imooc.com" "-" keyword=u%E2%80%86bu%E2%80%86n&token=25c22e96d4fe78c94a10b00130467992&uid=3975612 "imoocForiPad/2.0.3 (iPad; iOS 9.3.5; Scale/2.00)" "-" 10.100.136.65:80 200 0.060 0.060
120.36.194.112 - - [11/Nov/2016:00:00:13 +0800] "POST /course/ajaxmediauser/ HTTP/1.1" 200 54 "www.imooc.com" "http://www.imooc.com/video/8361" mid=8361&time=60.007000000001426&learn_time=175.8 "Mozilla/5.0 (Windows NT 6.1; WOW64) AppleWebKit/537.36 (KHTML, like Gecko) Chrome/49.0.2623.110 Safari/537.36" "-" 10.100.136.65:80 200 0.015 0.015
10.100.0.1 - - [11/Nov/2016:00:00:13 +0800] "HEAD / HTTP/1.1" 301 0 "117.121.101.40" "-" - "curl/7.19.7 (x86_64-redhat-linux-gnu) libcurl/7.19.7 NSS/3.16.2.3 Basic ECC zlib/1.2.3 libidn/1.18 libssh2/1.4.2" "-" - - - 0.000
121.62.123.31 - - [11/Nov/2016:00:00:13 +0800] "POST /socket.io/1/ HTTP/1.1" 200 94 "chat.mukewang.com" "-" - "android-websockets-2.0" "-" 10.100.15.239:80 200 0.003 0.003
101.200.101.213 - - [11/Nov/2016:00:00:13 +0800] "GET /md5/49a36fa4-557e-4c2d-870d-7926c88ee103/M/7ba87069b421aa48.ts HTTP/1.1" 304 0 "szv1.mukewang.com" "-" - "Dalvik/2.1.0 (Linux; U; Android 6.0; FRD-AL00 Build/HUAWEIFRD-AL00)" "47.89.8.10" 10.100.133.99:80 304 0.003 0.003
113.140.11.125 - - [11/Nov/2016:00:00:13 +0800] "GET /u/card HTTP/1.1" 200 342 "www.imooc.com" "http://www.imooc.com/course/program" - "Mozilla/5.0 (Windows NT 10.0; WOW64) AppleWebKit/537.36 (KHTML, like Gecko) Chrome/53.0.2785.116 Safari/537.36" "-" 10.100.136.64:80 200 0.068 0.068
10.100.0.1 - - [11/Nov/2016:00:00:13 +0800] "HEAD / HTTP/1.1" 301 0 "117.121.101.40" "-" - "curl/7.19.7 (x86_64-redhat-linux-gnu) libcurl/7.19.7 NSS/3.16.2.3 Basic ECC zlib/1.2.3 libidn/1.18 libssh2/1.4.2" "-" - - - 0.000
116.227.234.111 - - [11/Nov/2016:00:00:13 +0800] "POST /course/ajaxusermediasstatus?cid=10 HTTP/1.1" 200 1904 "www.imooc.com" "http://www.imooc.com/code/731" - "Mozilla/5.0 (Windows NT 10.0; Win64; x64) AppleWebKit/537.36 (KHTML, like Gecko) Chrome/53.0.2785.143 Safari/537.36" "-" 10.100.134.244:80 200 0.040 0.040
10.100.0.1 - - [11/Nov/2016:00:00:13 +0800] "HEAD / HTTP/1.1" 301 0 "117.121.101.40" "-" - "curl/7.19.7 (x86_64-redhat-linux-gnu) libcurl/7.19.7 NSS/3.16.2.3 Basic ECC zlib/1.2.3 libidn/1.18 libssh2/1.4.2" "-" - - - 0.000
10.100.0.1 - - [11/Nov/2016:00:00:13 +0800] "HEAD / HTTP/1.1" 301 0 "117.121.101.40" "-" - "curl/7.19.7 (x86_64-redhat-linux-gnu) libcurl/7.19.7 NSS/3.16.2.3 Basic ECC zlib/1.2.3 libidn/1.18 libssh2/1.4.2" "-" - - - 0.000
113.132.41.3 - - [11/Nov/2016:00:00:13 +0800] "POST /course/ajaxmediauser HTTP/1.1" 200 54 "www.imooc.com" "http://www.imooc.com/code/48" mid=48&time=60 "Mozilla/5.0 (Windows NT 6.1; WOW64) AppleWebKit/537.36 (KHTML, like Gecko) Chrome/47.0.2526.106 BIDUBrowser/8.4 Safari/537.36" "-" 10.100.134.244:80 200 0.019 0.019
10.100.0.1 - - [11/Nov/2016:00:00:13 +0800] "HEAD / HTTP/1.1" 301 0 "117.121.101.40" "-" - "curl/7.19.7 (x86_64-redhat-linux-gnu) libcurl/7.19.7 NSS/3.16.2.3 Basic ECC zlib/1.2.3 libidn/1.18 libssh2/1.4.2" "-" - - - 0.000
140.207.229.65 - - [11/Nov/2016:00:00:13 +0800] "POST /course/ajaxmediauser/ HTTP/1.1" 200 54 "www.imooc.com" "http://www.imooc.com/video/1625" mid=1625&time=60.006999999983236&learn_time=0 "Mozilla/5.0 (Windows NT 6.1; WOW64) AppleWebKit/537.36 (KHTML, like Gecko) Chrome/44.0.2403.107 Safari/537.36" "-" 10.100.136.64:80 200 0.015 0.015
116.227.234.111 - - [11/Nov/2016:00:00:13 +0800] "GET /course/ajaxplanrecom?cid=10 HTTP/1.1" 200 1488 "www.imooc.com" "http://www.imooc.com/code/731" - "Mozilla/5.0 (Windows NT 10.0; Win64; x64) AppleWebKit/537.36 (KHTML, like Gecko) Chrome/53.0.2785.143 Safari/537.36" "-" 10.100.136.65:80 200 0.024 0.024
122.226.152.230 - - [11/Nov/2016:00:00:13 +0800] "GET /article/ajaxcourserecommends?id=222 HTTP/1.1" 200 2048 "www.imooc.com" "http://www.imooc.com/code/4674" - "Mozilla/5.0 (Windows NT 6.1; WOW64) AppleWebKit/537.36 (KHTML, like Gecko) Chrome/45.0.2454.101 Safari/537.36" "-" 10.100.136.64:80 200 0.563 0.563
120.198.231.154 - - [11/Nov/2016:00:00:13 +0800] "POST /course/ajaxmediauser HTTP/1.1" 200 54 "www.imooc.com" "http://www.imooc.com/code/10379" mid=10379&time=60 "Mozilla/5.0 (Windows NT 10.0; Win64; x64) AppleWebKit/537.36 (KHTML, like Gecko) Chrome/54.0.2840.71 Safari/537.36" "-" 10.100.134.244:80 200 0.018 0.018
10.100.0.1 - - [11/Nov/2016:00:00:13 +0800] "HEAD / HTTP/1.1" 301 0 "117.121.101.40" "-" - "curl/7.19.7 (x86_64-redhat-linux-gnu) libcurl/7.19.7 NSS/3.16.2.3 Basic ECC zlib/1.2.3 libidn/1.18 libssh2/1.4.2" "-" - - - 0.000
115.60.240.200 - - [11/Nov/2016:00:00:13 +0800] "GET /course/ajaxmaxchaptermediaques?mid=8555 HTTP/1.1" 200 72 "www.imooc.com" "http://www.imooc.com/code/8555" - "Mozilla/5.0 (Windows NT 6.3; WOW64) AppleWebKit/537.36 (KHTML, like Gecko) Chrome/51.0.2704.106 Safari/537.36" "-" 10.100.134.244:80 200 0.091 0.091
10.100.0.1 - - [11/Nov/2016:00:00:13 +0800] "HEAD / HTTP/1.1" 301 0 "117.121.101.40" "-" - "curl/7.19.7 (x86_64-redhat-linux-gnu) libcurl/7.19.7 NSS/3.16.2.3 Basic ECC zlib/1.2.3 libidn/1.18 libssh2/1.4.2" "-" - - - 0.000
223.104.34.96 - - [11/Nov/2016:00:00:13 +0800] "POST /socket.io/1/ HTTP/1.1" 200 94 "chat.mukewang.com" "-" - "android-websockets-2.0" "-" 10.100.15.239:80 200 0.003 0.003
27.17.81.161 - - [11/Nov/2016:00:00:13 +0800] "POST /course/ajaxmediauser/ HTTP/1.1" 200 54 "www.imooc.com" "http://www.imooc.com/video/12303" mid=12303&time=60&learn_time=50.6 "Mozilla/5.0 (Windows NT 10.0; Win64; x64) AppleWebKit/537.36 (KHTML, like Gecko) Chrome/55.0.2883.35 Safari/537.36" "-" 10.100.134.244:80 200 0.020 0.020
10.100.0.1 - - [11/Nov/2016:00:00:13 +0800] "HEAD / HTTP/1.1" 301 0 "117.121.101.40" "-" - "curl/7.19.7 (x86_64-redhat-linux-gnu) libcurl/7.19.7 NSS/3.16.2.3 Basic ECC zlib/1.2.3 libidn/1.18 libssh2/1.4.2" "-" - - - 0.000
117.35.88.152 - - [11/Nov/2016:00:00:13 +0800] "POST /course/ajaxmediauser/ HTTP/1.1" 200 54 "www.imooc.com" "http://www.imooc.com/video/6572" mid=6572&time=60.001000000000204&learn_time=415.4 "Mozilla/5.0 (Windows NT 6.1; WOW64) AppleWebKit/537.36 (KHTML, like Gecko) Chrome/45.0.2454.101 Safari/537.36" "-" 10.100.136.64:80 200 0.015 0.015
10.100.0.1 - - [11/Nov/2016:00:00:13 +0800] "HEAD / HTTP/1.1" 301 0 "117.121.101.40" "-" - "curl/7.19.7 (x86_64-redhat-linux-gnu) libcurl/7.19.7 NSS/3.16.2.3 Basic ECC zlib/1.2.3 libidn/1.18 libssh2/1.4.2" "-" - - - 0.000
10.100.0.1 - - [11/Nov/2016:00:00:13 +0800] "HEAD / HTTP/1.1" 301 0 "117.121.101.40" "-" - "curl/7.19.7 (x86_64-redhat-linux-gnu) libcurl/7.19.7 NSS/3.16.2.3 Basic ECC zlib/1.2.3 libidn/1.18 libssh2/1.4.2" "-" - - - 0.000
10.100.0.1 - - [11/Nov/2016:00:00:13 +0800] "HEAD / HTTP/1.1" 301 0 "117.121.101.40" "-" - "curl/7.19.7 (x86_64-redhat-linux-gnu) libcurl/7.19.7 NSS/3.16.2.3 Basic ECC zlib/1.2.3 libidn/1.18 libssh2/1.4.2" "-" - - - 0.000
10.100.0.1 - - [11/Nov/2016:00:00:13 +0800] "HEAD / HTTP/1.1" 301 0 "117.121.101.40" "-" - "curl/7.19.7 (x86_64-redhat-linux-gnu) libcurl/7.19.7 NSS/3.16.2.3 Basic ECC zlib/1.2.3 libidn/1.18 libssh2/1.4.2" "-" - - - 0.000
122.205.8.156 - - [11/Nov/2016:00:00:13 +0800] "POST /api3/latest HTTP/1.1" 200 366 "www.imooc.com" "-" timestamp=1478793612516&uid=2424445&secrect=b9d21f6f1b4738610de5b29b0296164c&uuid=e7f4e69b28350fff3521c50d33844365&cid=0&token=956f648bc9a9ab8ce500eed4d3ae8c73 "mukewang/5.0.1 (Android 4.4.4; OPPO A31 Build/KTU84P),Network WIFI" "-" 10.100.136.65:80 200 0.045 0.045
10.100.0.1 - - [11/Nov/2016:00:00:13 +0800] "HEAD / HTTP/1.1" 301 0 "117.121.101.40" "-" - "curl/7.19.7 (x86_64-redhat-linux-gnu) libcurl/7.19.7 NSS/3.16.2.3 Basic ECC zlib/1.2.3 libidn/1.18 libssh2/1.4.2" "-" - - - 0.000
122.226.152.230 - - [11/Nov/2016:00:00:13 +0800] "GET /wenda/ajaxcourserecommends?id=222 HTTP/1.1" 200 1863 "www.imooc.com" "http://www.imooc.com/code/4674" - "Mozilla/5.0 (Windows NT 6.1; WOW64) AppleWebKit/537.36 (KHTML, like Gecko) Chrome/45.0.2454.101 Safari/537.36" "-" 10.100.136.65:80 200 0.685 0.685
10.100.0.1 - - [11/Nov/2016:00:00:13 +0800] "HEAD / HTTP/1.1" 301 0 "117.121.101.40" "-" - "curl/7.19.7 (x86_64-redhat-linux-gnu) libcurl/7.19.7 NSS/3.16.2.3 Basic ECC zlib/1.2.3 libidn/1.18 libssh2/1.4.2" "-" - - - 0.000
39.186.247.178 - - [11/Nov/2016:00:00:13 +0800] "GET /socket.io/1/websocket/qlIoAFtrSOjBfN8NWHY8 HTTP/1.1" 101 95 "chat.mukewang.com" "-" - "-" "-" 10.100.15.239:80 101 95.442 95.442
1.180.206.68 - - [11/Nov/2016:00:00:13 +0800] "POST /socket.io/1/ HTTP/1.1" 200 94 "chat.mukewang.com" "-" - "android-websockets-2.0" "-" 10.100.15.239:80 200 0.003 0.003
113.140.11.125 - - [11/Nov/2016:00:00:13 +0800] "GET /u/loading HTTP/1.1" 200 66 "www.imooc.com" "http://www.imooc.com/course/program" - "Mozilla/5.0 (Windows NT 10.0; WOW64) AppleWebKit/537.36 (KHTML, like Gecko) Chrome/53.0.2785.116 Safari/537.36" "-" 10.100.136.64:80 200 0.015 0.015
42.120.74.96 - - [11/Nov/2016:00:00:13 +0800] "POST /course/ajaxmediauser HTTP/1.1" 200 54 "www.imooc.com" "http://www.imooc.com/code/1488" mid=1488&time=60 "Mozilla/5.0 (Macintosh; Intel Mac OS X 10_11_6) AppleWebKit/537.36 (KHTML, like Gecko) Chrome/54.0.2840.71 Safari/537.36" "-" 10.100.136.64:80 200 0.015 0.015
10.100.0.1 - - [11/Nov/2016:00:00:13 +0800] "HEAD / HTTP/1.1" 301 0 "117.121.101.40" "-" - "curl/7.19.7 (x86_64-redhat-linux-gnu) libcurl/7.19.7 NSS/3.16.2.3 Basic ECC zlib/1.2.3 libidn/1.18 libssh2/1.4.2" "-" - - - 0.000
220.181.108.165 - - [11/Nov/2016:00:00:13 +0800] "GET /u/2780069/course/41/notes HTTP/1.1" 200 6367 "m.imooc.com" "-" - "Mozilla/5.0 (compatible; Baiduspider/2.0; +http://www.baidu.com/search/spider.html)" "-" 10.100.136.65:80 200 0.116 0.166
10.100.0.1 - - [11/Nov/2016:00:00:13 +0800] "HEAD / HTTP/1.1" 301 0 "117.121.101.40" "-" - "curl/7.19.7 (x86_64-redhat-linux-gnu) libcurl/7.19.7 NSS/3.16.2.3 Basic ECC zlib/1.2.3 libidn/1.18 libssh2/1.4.2" "-" - - - 0.000
115.60.240.200 - - [11/Nov/2016:00:00:13 +0800] "GET /course/otherscode?mid=8555&page=1&r=0.23776752307161186 HTTP/1.1" 200 3491 "www.imooc.com" "http://www.imooc.com/code/8555" - "Mozilla/5.0 (Windows NT 6.3; WOW64) AppleWebKit/537.36 (KHTML, like Gecko) Chrome/51.0.2704.106 Safari/537.36" "-" 10.100.136.65:80 200 0.274 0.274
10.100.0.1 - - [11/Nov/2016:00:00:13 +0800] "HEAD / HTTP/1.1" 301 0 "117.121.101.40" "-" - "curl/7.19.7 (x86_64-redhat-linux-gnu) libcurl/7.19.7 NSS/3.16.2.3 Basic ECC zlib/1.2.3 libidn/1.18 libssh2/1.4.2" "-" - - - 0.000
10.100.0.1 - - [11/Nov/2016:00:00:13 +0800] "HEAD / HTTP/1.1" 301 0 "117.121.101.40" "-" - "curl/7.19.7 (x86_64-redhat-linux-gnu) libcurl/7.19.7 NSS/3.16.2.3 Basic ECC zlib/1.2.3 libidn/1.18 libssh2/1.4.2" "-" - - - 0.000
116.227.234.111 - - [11/Nov/2016:00:00:13 +0800] "GET /course/getcomment?mid=731&page=1&r=0.8787524159974542 HTTP/1.1" 200 2293 "www.imooc.com" "http://www.imooc.com/code/731" - "Mozilla/5.0 (Windows NT 10.0; Win64; x64) AppleWebKit/537.36 (KHTML, like Gecko) Chrome/53.0.2785.143 Safari/537.36" "-" 10.100.136.65:80 200 0.336 0.336
106.39.13.45 - - [11/Nov/2016:00:00:13 +0800] "GET /static/img/home/photo.png HTTP/1.1" 200 46043 "www.imooc.com" "http://www.imooc.com/" - "Mozilla/5.0 (Windows NT 6.1; rv:49.0) Gecko/20100101 Firefox/49.0" "-" 10.100.134.244:80 200 0.002 0.002
10.100.0.1 - - [11/Nov/2016:00:00:13 +0800] "HEAD / HTTP/1.1" 301 0 "117.121.101.40" "-" - "curl/7.19.7 (x86_64-redhat-linux-gnu) libcurl/7.19.7 NSS/3.16.2.3 Basic ECC zlib/1.2.3 libidn/1.18 libssh2/1.4.2" "-" - - - 0.000
10.100.0.1 - - [11/Nov/2016:00:00:13 +0800] "HEAD / HTTP/1.1" 301 0 "117.121.101.40" "-" - "curl/7.19.7 (x86_64-redhat-linux-gnu) libcurl/7.19.7 NSS/3.16.2.3 Basic ECC zlib/1.2.3 libidn/1.18 libssh2/1.4.2" "-" - - - 0.000
122.205.8.156 - - [11/Nov/2016:00:00:13 +0800] "POST /api3/getinvitemeuserlist HTTP/1.1" 200 115 "www.imooc.com" "-" timestamp=1478793612541&uid=2424445&secrect=b9d21f6f1b4738610de5b29b0296164c&uuid=e7f4e69b28350fff3521c50d33844365&cid=0&token=4664510da6030377deba5025d7911e75 "mukewang/5.0.1 (Android 4.4.4; OPPO A31 Build/KTU84P),Network WIFI" "-" 10.100.136.64:80 200 0.060 0.060
183.36.81.76 - - [11/Nov/2016:00:00:13 +0800] "POST /api3/appover HTTP/1.1" 200 103 "www.imooc.com" "-" code=74DCD17F-7F2F-41C3-B38D-19120E5B86C8&secrect=667b18001ffa261696b69d7951d0a4d3&time=230539&timestamp=1478793613227&token=38839cf299d5a7706d13dbdc642d366e&uid=4287585 "mukewang/5.0.2 (iPhone; iOS 9.2; Scale/3.00)" "-" 10.100.136.65:80 200 0.008 0.009
115.60.240.200 - - [11/Nov/2016:00:00:13 +0800] "POST /course/ajaxusermediasstatus?cid=418 HTTP/1.1" 200 560 "www.imooc.com" "http://www.imooc.com/code/8555" - "Mozilla/5.0 (Windows NT 6.3; WOW64) AppleWebKit/537.36 (KHTML, like Gecko) Chrome/51.0.2704.106 Safari/537.36" "-" 10.100.136.64:80 200 0.177 0.177
10.100.0.1 - - [11/Nov/2016:00:00:13 +0800] "HEAD / HTTP/1.1" 301 0 "117.121.101.40" "-" - "curl/7.19.7 (x86_64-redhat-linux-gnu) libcurl/7.19.7 NSS/3.16.2.3 Basic ECC zlib/1.2.3 libidn/1.18 libssh2/1.4.2" "-" - - - 0.000
10.100.0.1 - - [11/Nov/2016:00:00:13 +0800] "HEAD / HTTP/1.1" 301 0 "117.121.101.40" "-" - "curl/7.19.7 (x86_64-redhat-linux-gnu) libcurl/7.19.7 NSS/3.16.2.3 Basic ECC zlib/1.2.3 libidn/1.18 libssh2/1.4.2" "-" - - - 0.000
115.171.48.242 - - [11/Nov/2016:00:00:13 +0800] "POST /course/ajaxmediauser HTTP/1.1" 200 54 "www.imooc.com" "http://www.imooc.com/code/3631" mid=3631&time=60 "Mozilla/5.0 (Windows NT 10.0; WOW64) AppleWebKit/537.36 (KHTML, like Gecko) Chrome/54.0.2840.71 Safari/537.36" "-" 10.100.136.65:80 200 0.014 0.014
116.227.234.111 - - [11/Nov/2016:00:00:13 +0800] "GET /u/card HTTP/1.1" 200 331 "www.imooc.com" "http://www.imooc.com/code/731" - "Mozilla/5.0 (Windows NT 10.0; Win64; x64) AppleWebKit/537.36 (KHTML, like Gecko) Chrome/53.0.2785.143 Safari/537.36" "-" 10.100.134.244:80 200 0.224 0.224
10.100.0.1 - - [11/Nov/2016:00:00:13 +0800] "HEAD / HTTP/1.1" 301 0 "117.121.101.40" "-" - "curl/7.19.7 (x86_64-redhat-linux-gnu) libcurl/7.19.7 NSS/3.16.2.3 Basic ECC zlib/1.2.3 libidn/1.18 libssh2/1.4.2" "-" - - - 0.000
10.100.0.1 - - [11/Nov/2016:00:00:13 +0800] "HEAD / HTTP/1.1" 301 0 "117.121.101.40" "-" - "curl/7.19.7 (x86_64-redhat-linux-gnu) libcurl/7.19.7 NSS/3.16.2.3 Basic ECC zlib/1.2.3 libidn/1.18 libssh2/1.4.2" "-" - - - 0.000
115.60.240.200 - - [11/Nov/2016:00:00:13 +0800] "GET /course/ajaxplanrecom?cid=418 HTTP/1.1" 200 1278 "www.imooc.com" "http://www.imooc.com/code/8555" - "Mozilla/5.0 (Windows NT 6.3; WOW64) AppleWebKit/537.36 (KHTML, like Gecko) Chrome/51.0.2704.106 Safari/537.36" "-" 10.100.136.64:80 200 0.328 0.328
10.100.0.1 - - [11/Nov/2016:00:00:13 +0800] "HEAD / HTTP/1.1" 301 0 "117.121.101.40" "-" - "curl/7.19.7 (x86_64-redhat-linux-gnu) libcurl/7.19.7 NSS/3.16.2.3 Basic ECC zlib/1.2.3 libidn/1.18 libssh2/1.4.2" "-" - - - 0.000
10.100.0.1 - - [11/Nov/2016:00:00:13 +0800] "HEAD / HTTP/1.1" 301 0 "117.121.101.40" "-" - "curl/7.19.7 (x86_64-redhat-linux-gnu) libcurl/7.19.7 NSS/3.16.2.3 Basic ECC zlib/1.2.3 libidn/1.18 libssh2/1.4.2" "-" - - - 0.000
10.100.0.1 - - [11/Nov/2016:00:00:13 +0800] "HEAD / HTTP/1.1" 301 0 "117.121.101.40" "-" - "curl/7.19.7 (x86_64-redhat-linux-gnu) libcurl/7.19.7 NSS/3.16.2.3 Basic ECC zlib/1.2.3 libidn/1.18 libssh2/1.4.2" "-" - - - 0.000
115.206.46.183 - - [11/Nov/2016:00:00:13 +0800] "POST /course/ajaxmediauser HTTP/1.1" 200 54 "www.imooc.com" "http://www.imooc.com/code/289" mid=289&time=60 "Mozilla/5.0 (Windows NT 10.0; WOW64) AppleWebKit/537.36 (KHTML, like Gecko) Chrome/53.0.2785.116 Safari/537.36" "-" 10.100.136.64:80 200 0.016 0.016
163.125.238.68 - - [11/Nov/2016:00:00:13 +0800] "GET /static/lib/ueditor/third-party/zeroclipboard/ZeroClipboard.swf?noCache=1478793610330 HTTP/1.1" 200 3933 "www.imooc.com" "http://www.imooc.com/qadetail/121375" - "Mozilla/5.0 (Windows NT 10.0) AppleWebKit/537.36 (KHTML, like Gecko) Chrome/45.0.2454.101 Safari/537.36" "-" 10.100.136.65:80 200 0.001 0.001
183.39.158.224 - - [11/Nov/2016:00:00:13 +0800] "POST /webide/ajaxcommitget HTTP/1.1" 200 73 "coding.imooc.com" "http://coding.imooc.com/lesson/62.html" check=1&marking=v0h2oa "Mozilla/5.0 (Windows NT 6.1; WOW64) AppleWebKit/537.36 (KHTML, like Gecko) Chrome/52.0.2743.116 Safari/537.36" "-" 10.100.135.24:80 200 0.344 0.344
10.100.0.1 - - [11/Nov/2016:00:00:13 +0800] "HEAD / HTTP/1.1" 301 0 "117.121.101.40" "-" - "curl/7.19.7 (x86_64-redhat-linux-gnu) libcurl/7.19.7 NSS/3.16.2.3 Basic ECC zlib/1.2.3 libidn/1.18 libssh2/1.4.2" "-" - - - 0.000
122.195.199.39 - - [11/Nov/2016:00:00:13 +0800] "POST /course/ajaxmediauser/ HTTP/1.1" 200 67 "www.imooc.com" "http://www.imooc.com/video/4242" mid=4242&time=12294.301&learn_time=40.2 "Mozilla/5.0 (Windows NT 10.0; Win64; x64; rv:49.0) Gecko/20100101 Firefox/49.0" "-" 10.100.136.64:80 200 0.018 0.018
10.100.0.1 - - [11/Nov/2016:00:00:13 +0800] "HEAD / HTTP/1.1" 301 0 "117.121.101.40" "-" - "curl/7.19.7 (x86_64-redhat-linux-gnu) libcurl/7.19.7 NSS/3.16.2.3 Basic ECC zlib/1.2.3 libidn/1.18 libssh2/1.4.2" "-" - - - 0.000
111.192.116.21 - - [11/Nov/2016:00:00:13 +0800] "GET /socket.io/1/websocket/AD2vzhAf6qT2tHAdWHmR HTTP/1.1" 101 85 "chat.mukewang.com" "-" - "-" "-" 10.100.15.239:80 101 43.011 43.011
10.100.0.1 - - [11/Nov/2016:00:00:13 +0800] "HEAD / HTTP/1.1" 301 0 "117.121.101.40" "-" - "curl/7.19.7 (x86_64-redhat-linux-gnu) libcurl/7.19.7 NSS/3.16.2.3 Basic ECC zlib/1.2.3 libidn/1.18 libssh2/1.4.2" "-" - - - 0.000
115.60.240.200 - - [11/Nov/2016:00:00:13 +0800] "GET /u/card HTTP/1.1" 200 348 "www.imooc.com" "http://www.imooc.com/code/8555" - "Mozilla/5.0 (Windows NT 6.3; WOW64) AppleWebKit/537.36 (KHTML, like Gecko) Chrome/51.0.2704.106 Safari/537.36" "-" 10.100.136.64:80 200 0.523 0.523
10.100.0.1 - - [11/Nov/2016:00:00:13 +0800] "HEAD / HTTP/1.1" 301 0 "117.121.101.40" "-" - "curl/7.19.7 (x86_64-redhat-linux-gnu) libcurl/7.19.7 NSS/3.16.2.3 Basic ECC zlib/1.2.3 libidn/1.18 libssh2/1.4.2" "-" - - - 0.000
223.104.177.99 - - [11/Nov/2016:00:00:13 +0800] "GET /socket.io/1/websocket/YWa60NYNn1NxO-ZEWHpW HTTP/1.1" 101 85 "chat.mukewang.com" "-" - "-" "-" 10.100.15.239:80 101 30.040 30.040
123.139.75.91 - - [11/Nov/2016:00:00:13 +0800] "POST /lesson/ajaxmediauser/ HTTP/1.1" 200 72 "coding.imooc.com" "http://coding.imooc.com/lesson/72.html" mid=1419&learn_time=60.006&mode=video&video_point=446 "Mozilla/5.0 (Windows NT 10.0; WOW64; rv:49.0) Gecko/20100101 Firefox/49.0" "-" 10.100.135.25:80 200 0.075 0.075
10.100.0.1 - - [11/Nov/2016:00:00:13 +0800] "HEAD / HTTP/1.1" 301 0 "117.121.101.40" "-" - "curl/7.19.7 (x86_64-redhat-linux-gnu) libcurl/7.19.7 NSS/3.16.2.3 Basic ECC zlib/1.2.3 libidn/1.18 libssh2/1.4.2" "-" - - - 0.000
10.100.0.1 - - [11/Nov/2016:00:00:13 +0800] "HEAD / HTTP/1.1" 301 0 "117.121.101.40" "-" - "curl/7.19.7 (x86_64-redhat-linux-gnu) libcurl/7.19.7 NSS/3.16.2.3 Basic ECC zlib/1.2.3 libidn/1.18 libssh2/1.4.2" "-" - - - 0.000
10.100.0.1 - - [11/Nov/2016:00:00:13 +0800] "HEAD / HTTP/1.1" 301 0 "117.121.101.40" "-" - "curl/7.19.7 (x86_64-redhat-linux-gnu) libcurl/7.19.7 NSS/3.16.2.3 Basic ECC zlib/1.2.3 libidn/1.18 libssh2/1.4.2" "-" - - - 0.000
113.204.170.2 - - [11/Nov/2016:00:00:13 +0800] "GET /visitlog/index/user?v=1478793607413 HTTP/1.1" 200 2957 "www.imooc.com" "http://www.imooc.com/course/list?c=java" - "Mozilla/5.0 (Windows NT 5.1; rv:49.0) Gecko/20100101 Firefox/49.0" "-" 10.100.134.244:80 200 0.010 0.010
10.100.0.1 - - [11/Nov/2016:00:00:13 +0800] "HEAD / HTTP/1.1" 301 0 "117.121.101.40" "-" - "curl/7.19.7 (x86_64-redhat-linux-gnu) libcurl/7.19.7 NSS/3.16.2.3 Basic ECC zlib/1.2.3 libidn/1.18 libssh2/1.4.2" "-" - - - 0.000
116.227.234.111 - - [11/Nov/2016:00:00:13 +0800] "GET /article/ajaxcourserecommends?id=10 HTTP/1.1" 200 2052 "www.imooc.com" "http://www.imooc.com/code/731" - "Mozilla/5.0 (Windows NT 10.0; Win64; x64) AppleWebKit/537.36 (KHTML, like Gecko) Chrome/53.0.2785.143 Safari/537.36" "-" 10.100.136.64:80 200 0.567 0.567
