10.100.0.1 - - [11/Nov/2016:00:00:11 +0800] "HEAD / HTTP/1.1" 301 0 "117.121.101.40" "-" - "curl/7.19.7 (x86_64-redhat-linux-gnu) libcurl/7.19.7 NSS/3.16.2.3 Basic ECC zlib/1.2.3 libidn/1.18 libssh2/1.4.2" "-" - - - 0.000
58.222.19.214 - - [11/Nov/2016:00:00:11 +0800] "HEAD /favicon.ico HTTP/1.0" 200 0 "www.imooc.com" "-" - "-" "-" 10.100.136.65:80 200 0.001 0.001
10.100.0.1 - - [11/Nov/2016:00:00:11 +0800] "HEAD / HTTP/1.1" 301 0 "117.121.101.40" "-" - "curl/7.19.7 (x86_64-redhat-linux-gnu) libcurl/7.19.7 NSS/3.16.2.3 Basic ECC zlib/1.2.3 libidn/1.18 libssh2/1.4.2" "-" - - - 0.000
218.249.50.51 - - [11/Nov/2016:00:00:11 +0800] "GET /static/lib/jquery/1.9.1/jquery.js HTTP/1.1" 200 92612 "www.imooc.com" "http://www.imooc.com/passport/user/tpperfect" - "Mozilla/5.0 (Windows NT 6.1; WOW64) AppleWebKit/537.36 (KHTML, like Gecko) Chrome/42.0.2311.154 Safari/537.36 LBBROWSER" "-" 10.100.136.64:80 200 0.004 0.004
218.249.50.51 - - [11/Nov/2016:00:00:11 +0800] "GET /passport/static/scripts/ssologin.js HTTP/1.1" 200 16756 "www.imooc.com" "http://www.imooc.com/passport/user/tpperfect" - "Mozilla/5.0 (Windows NT 6.1; WOW64) AppleWebKit/537.36 (KHTML, like Gecko) Chrome/42.0.2311.154 Safari/537.36 LBBROWSER" "-" 10.100.136.64:80 200 0.005 0.005
10.100.0.1 - - [11/Nov/2016:00:00:11 +0800] "HEAD / HTTP/1.1" 301 0 "117.121.101.40" "-" - "curl/7.19.7 (x86_64-redhat-linux-gnu) libcurl/7.19.7 NSS/3.16.2.3 Basic ECC zlib/1.2.3 libidn/1.18 libssh2/1.4.2" "-" - - - 0.000
218.249.50.51 - - [11/Nov/2016:00:00:11 +0800] "GET /passport/static/scripts/fingerprintjs2.min.js HTTP/1.1" 200 34645 "www.imooc.com" "http://www.imooc.com/passport/user/tpperfect" - "Mozilla/5.0 (Windows NT 6.1; WOW64) AppleWebKit/537.36 (KHTML, like Gecko) Chrome/42.0.2311.154 Safari/537.36 LBBROWSER" "-" 10.100.134.244:80 200 0.009 0.009
117.100.96.210 - - [11/Nov/2016:00:00:11 +0800] "POST /course/ajaxmediauser/ HTTP/1.1" 200 54 "www.imooc.com" "http://www.imooc.com/video/2988" mid=2988&time=60&learn_time=244.5 "Mozilla/5.0 (Windows NT 6.1; WOW64; rv:49.0) Gecko/20100101 Firefox/49.0" "-" 10.100.136.64:80 200 0.014 0.014
218.249.50.51 - - [11/Nov/2016:00:00:11 +0800] "GET /passport/static/scripts/snscomplete.js HTTP/1.1" 200 40157 "www.imooc.com" "http://www.imooc.com/passport/user/tpperfect" - "Mozilla/5.0 (Windows NT 6.1; WOW64) AppleWebKit/537.36 (KHTML, like Gecko) Chrome/42.0.2311.154 Safari/537.36 LBBROWSER" "-" 10.100.136.65:80 200 0.006 0.007
10.100.0.1 - - [11/Nov/2016:00:00:11 +0800] "HEAD / HTTP/1.1" 301 0 "117.121.101.40" "-" - "curl/7.19.7 (x86_64-redhat-linux-gnu) libcurl/7.19.7 NSS/3.16.2.3 Basic ECC zlib/1.2.3 libidn/1.18 libssh2/1.4.2" "-" - - - 0.000
14.213.156.162 - - [11/Nov/2016:00:00:11 +0800] "GET /u/loading HTTP/1.1" 200 66 "www.imooc.com" "http://www.imooc.com/" - "Mozilla/5.0 (Windows NT 6.1) AppleWebKit/537.36 (KHTML, like Gecko) Chrome/45.0.2454.101 Safari/537.36" "-" 10.100.134.244:80 200 0.170 0.170
119.98.115.244 - - [11/Nov/2016:00:00:11 +0800] "GET /course/getcomment?mid=12418&page=1&r=0.06747954298964487 HTTP/1.1" 200 106 "www.imooc.com" "http://www.imooc.com/video/12418" - "Mozilla/5.0 (Windows NT 10.0; WOW64) AppleWebKit/537.36 (KHTML, like Gecko) Chrome/53.0.2785.113 Safari/537.36" "-" 10.100.136.65:80 200 1.307 1.307
10.100.0.1 - - [11/Nov/2016:00:00:11 +0800] "HEAD / HTTP/1.1" 301 0 "117.121.101.40" "-" - "curl/7.19.7 (x86_64-redhat-linux-gnu) libcurl/7.19.7 NSS/3.16.2.3 Basic ECC zlib/1.2.3 libidn/1.18 libssh2/1.4.2" "-" - - - 0.000
10.100.0.1 - - [11/Nov/2016:00:00:11 +0800] "HEAD / HTTP/1.1" 301 0 "117.121.101.40" "-" - "curl/7.19.7 (x86_64-redhat-linux-gnu) libcurl/7.19.7 NSS/3.16.2.3 Basic ECC zlib/1.2.3 libidn/1.18 libssh2/1.4.2" "-" - - - 0.000
10.100.0.1 - - [11/Nov/2016:00:00:11 +0800] "HEAD / HTTP/1.1" 301 0 "117.121.101.40" "-" - "curl/7.19.7 (x86_64-redhat-linux-gnu) libcurl/7.19.7 NSS/3.16.2.3 Basic ECC zlib/1.2.3 libidn/1.18 libssh2/1.4.2" "-" - - - 0.000
202.119.228.132 - - [11/Nov/2016:00:00:11 +0800] "GET /course/ajaxmaxchaptermediaques?mid=7714 HTTP/1.1" 200 72 "www.imooc.com" "http://www.imooc.com/video/7714" - "Mozilla/5.0 (Windows NT 6.3; WOW64) AppleWebKit/537.36 (KHTML, like Gecko) Chrome/54.0.2840.87 Safari/537.36" "-" 10.100.136.65:80 200 0.851 0.851
10.100.0.1 - - [11/Nov/2016:00:00:11 +0800] "HEAD / HTTP/1.1" 301 0 "117.121.101.40" "-" - "curl/7.19.7 (x86_64-redhat-linux-gnu) libcurl/7.19.7 NSS/3.16.2.3 Basic ECC zlib/1.2.3 libidn/1.18 libssh2/1.4.2" "-" - - - 0.000
10.100.0.1 - - [11/Nov/2016:00:00:11 +0800] "HEAD / HTTP/1.1" 301 0 "117.121.101.40" "-" - "curl/7.19.7 (x86_64-redhat-linux-gnu) libcurl/7.19.7 NSS/3.16.2.3 Basic ECC zlib/1.2.3 libidn/1.18 libssh2/1.4.2" "-" - - - 0.000
10.100.0.1 - - [11/Nov/2016:00:00:11 +0800] "HEAD / HTTP/1.1" 301 0 "117.121.101.40" "-" - "curl/7.19.7 (x86_64-redhat-linux-gnu) libcurl/7.19.7 NSS/3.16.2.3 Basic ECC zlib/1.2.3 libidn/1.18 libssh2/1.4.2" "-" - - - 0.000
121.195.114.58 - - [11/Nov/2016:00:00:11 +0800] "GET /course/viewexamcode?id=30367992 HTTP/1.1" 200 544 "www.imooc.com" "http://www.imooc.com/code/3536" - "Mozilla/5.0 (Windows NT 6.1; WOW64) AppleWebKit/537.36 (KHTML, like Gecko) Chrome/54.0.2810.2 Safari/537.36" "-" 10.100.134.244:80 200 0.156 0.156
10.100.0.1 - - [11/Nov/2016:00:00:11 +0800] "HEAD / HTTP/1.1" 301 0 "117.121.101.40" "-" - "curl/7.19.7 (x86_64-redhat-linux-gnu) libcurl/7.19.7 NSS/3.16.2.3 Basic ECC zlib/1.2.3 libidn/1.18 libssh2/1.4.2" "-" - - - 0.000
101.93.25.39 - - [11/Nov/2016:00:00:11 +0800] "GET /socket.io/1/websocket/1_XxoCtdTkUkEa3JWECX HTTP/1.1" 101 235 "chat.mukewang.com" "-" - "-" "-" 10.100.15.239:80 101 946.898 946.898
10.100.0.1 - - [11/Nov/2016:00:00:11 +0800] "HEAD / HTTP/1.1" 301 0 "117.121.101.40" "-" - "curl/7.19.7 (x86_64-redhat-linux-gnu) libcurl/7.19.7 NSS/3.16.2.3 Basic ECC zlib/1.2.3 libidn/1.18 libssh2/1.4.2" "-" - - - 0.000
182.18.117.34 - - [11/Nov/2016:00:00:11 +0800] "GET /passport/user/verifycheck?verify=vazh HTTP/1.1" 200 78 "www.imooc.com" "http://www.imooc.com/learn/295" - "Mozilla/5.0 (Windows NT 6.3; WOW64) AppleWebKit/537.36 (KHTML, like Gecko) Chrome/48.0.2564.116 Safari/537.36 TheWorld 7" "-" 10.100.136.65:80 200 0.013 0.013
10.100.0.1 - - [11/Nov/2016:00:00:11 +0800] "HEAD / HTTP/1.1" 301 0 "117.121.101.40" "-" - "curl/7.19.7 (x86_64-redhat-linux-gnu) libcurl/7.19.7 NSS/3.16.2.3 Basic ECC zlib/1.2.3 libidn/1.18 libssh2/1.4.2" "-" - - - 0.000
59.173.29.67 - - [11/Nov/2016:00:00:11 +0800] "POST /socket.io/1/ HTTP/1.1" 200 94 "chat.mukewang.com" "-" - "android-websockets-2.0" "-" 10.100.15.239:80 200 0.003 0.003
122.226.152.230 - - [11/Nov/2016:00:00:11 +0800] "GET /static/page/course/code.js?v=201611082232 HTTP/1.1" 200 12244 "www.imooc.com" "http://www.imooc.com/code/4674" - "Mozilla/5.0 (Windows NT 6.1; WOW64) AppleWebKit/537.36 (KHTML, like Gecko) Chrome/45.0.2454.101 Safari/537.36" "-" 10.100.136.65:80 200 0.001 0.001
10.100.0.1 - - [11/Nov/2016:00:00:11 +0800] "HEAD / HTTP/1.1" 301 0 "117.121.101.40" "-" - "curl/7.19.7 (x86_64-redhat-linux-gnu) libcurl/7.19.7 NSS/3.16.2.3 Basic ECC zlib/1.2.3 libidn/1.18 libssh2/1.4.2" "-" - - - 0.000
124.115.22.14 - - [11/Nov/2016:00:00:11 +0800] "POST /course/ajaxmediauser/ HTTP/1.1" 200 54 "www.imooc.com" "http://www.imooc.com/video/5223" mid=5223&time=60.000999999996566&learn_time=177.8 "Mozilla/5.0 (Windows NT 6.1) AppleWebKit/537.36 (KHTML, like Gecko) Chrome/45.0.2454.101 Safari/537.36" "-" 10.100.136.64:80 200 0.018 0.018
119.98.115.244 - - [11/Nov/2016:00:00:11 +0800] "GET /u/loading HTTP/1.1" 200 66 "www.imooc.com" "http://www.imooc.com/video/12418" - "Mozilla/5.0 (Windows NT 10.0; WOW64) AppleWebKit/537.36 (KHTML, like Gecko) Chrome/53.0.2785.113 Safari/537.36" "-" 10.100.136.65:80 200 1.518 1.518
117.86.96.216 - - [11/Nov/2016:00:00:11 +0800] "POST /course/ajaxmediauser/ HTTP/1.1" 200 54 "www.imooc.com" "http://www.imooc.com/video/3059" mid=3059&time=61&learn_time=0 "Mozilla/5.0 (Windows NT 6.1; WOW64) AppleWebKit/537.36 (KHTML, like Gecko) Chrome/52.0.2743.116 Safari/537.36" "-" 10.100.136.64:80 200 0.016 0.016
10.100.0.1 - - [11/Nov/2016:00:00:11 +0800] "HEAD / HTTP/1.1" 301 0 "117.121.101.40" "-" - "curl/7.19.7 (x86_64-redhat-linux-gnu) libcurl/7.19.7 NSS/3.16.2.3 Basic ECC zlib/1.2.3 libidn/1.18 libssh2/1.4.2" "-" - - - 0.000
223.104.3.203 - - [11/Nov/2016:00:00:11 +0800] "GET /socket.io/1/websocket/5wd_b35azhaVv5M0WHox HTTP/1.1" 101 85 "chat.mukewang.com" "-" - "-" "-" 10.100.15.239:80 101 30.137 30.137
10.100.0.1 - - [11/Nov/2016:00:00:11 +0800] "HEAD / HTTP/1.1" 301 0 "117.121.101.40" "-" - "curl/7.19.7 (x86_64-redhat-linux-gnu) libcurl/7.19.7 NSS/3.16.2.3 Basic ECC zlib/1.2.3 libidn/1.18 libssh2/1.4.2" "-" - - - 0.000
117.136.75.187 - - [11/Nov/2016:00:00:11 +0800] "POST /api3/latest HTTP/1.1" 200 948 "www.imooc.com" "-" cid=0&timestamp=1478793609935&uid=4308938&secrect=e0d2008b31025e5f5dfce4530cb0b4a6&uuid=7699c0327ef2daf126fdd7933a3fe44e&token=9ec587eab1b0e5644605db197fa99245 "mukewang/5.0.1 (Android 5.1.1; SMARTISAN YQ601 Build/LMY47V),Network 2G/3G" "-" 10.100.136.65:80 200 0.052 0.052
10.100.0.1 - - [11/Nov/2016:00:00:11 +0800] "HEAD / HTTP/1.1" 301 0 "117.121.101.40" "-" - "curl/7.19.7 (x86_64-redhat-linux-gnu) libcurl/7.19.7 NSS/3.16.2.3 Basic ECC zlib/1.2.3 libidn/1.18 libssh2/1.4.2" "-" - - - 0.000
10.100.0.1 - - [11/Nov/2016:00:00:11 +0800] "HEAD / HTTP/1.1" 301 0 "117.121.101.40" "-" - "curl/7.19.7 (x86_64-redhat-linux-gnu) libcurl/7.19.7 NSS/3.16.2.3 Basic ECC zlib/1.2.3 libidn/1.18 libssh2/1.4.2" "-" - - - 0.000
117.136.75.187 - - [11/Nov/2016:00:00:11 +0800] "POST /api3/getinvitemeuserlist HTTP/1.1" 200 115 "www.imooc.com" "-" cid=0&timestamp=1478793610228&uid=4308938&secrect=e0d2008b31025e5f5dfce4530cb0b4a6&uuid=7699c0327ef2daf126fdd7933a3fe44e&token=434587332059e51e5c7ab0d53e474af9 "mukewang/5.0.1 (Android 5.1.1; SMARTISAN YQ601 Build/LMY47V),Network 2G/3G" "-" 10.100.136.64:80 200 0.056 0.056
124.239.251.50 - - [11/Nov/2016:00:00:11 +0800] "POST /course/ajaxmediauser HTTP/1.1" 200 67 "www.imooc.com" "http://www.imooc.com/code/3117" mid=3117&time=60 "Mozilla/5.0 (compatible; MSIE 10.0; Windows NT 6.1; WOW64; Trident/6.0)" "-" 10.100.136.65:80 200 0.013 0.080
10.100.0.1 - - [11/Nov/2016:00:00:11 +0800] "HEAD / HTTP/1.1" 301 0 "117.121.101.40" "-" - "curl/7.19.7 (x86_64-redhat-linux-gnu) libcurl/7.19.7 NSS/3.16.2.3 Basic ECC zlib/1.2.3 libidn/1.18 libssh2/1.4.2" "-" - - - 0.000
10.100.0.1 - - [11/Nov/2016:00:00:11 +0800] "HEAD / HTTP/1.1" 301 0 "117.121.101.40" "-" - "curl/7.19.7 (x86_64-redhat-linux-gnu) libcurl/7.19.7 NSS/3.16.2.3 Basic ECC zlib/1.2.3 libidn/1.18 libssh2/1.4.2" "-" - - - 0.000
122.226.152.230 - - [11/Nov/2016:00:00:11 +0800] "GET /u/card HTTP/1.1" 200 356 "www.imooc.com" "http://www.imooc.com/code/4674" - "Mozilla/5.0 (Windows NT 6.1; WOW64) AppleWebKit/537.36 (KHTML, like Gecko) Chrome/45.0.2454.101 Safari/537.36" "-" 10.100.136.64:80 200 0.073 0.073
117.136.32.60 - - [11/Nov/2016:00:00:11 +0800] "POST /socket.io/1/ HTTP/1.1" 200 94 "chat.mukewang.com" "-" - "android-websockets-2.0" "-" 10.100.15.239:80 200 0.003 0.003
123.118.136.120 - - [11/Nov/2016:00:00:11 +0800] "GET /socket.io/1/websocket/FVSbGkAF6RQDGh8HVyVG HTTP/1.1" 101 915 "chat.mukewang.com" "-" - "-" "-" 10.100.15.239:80 101 5076.687 5076.687
10.100.0.1 - - [11/Nov/2016:00:00:11 +0800] "HEAD / HTTP/1.1" 301 0 "117.121.101.40" "-" - "curl/7.19.7 (x86_64-redhat-linux-gnu) libcurl/7.19.7 NSS/3.16.2.3 Basic ECC zlib/1.2.3 libidn/1.18 libssh2/1.4.2" "-" - - - 0.000
122.226.152.230 - - [11/Nov/2016:00:00:11 +0800] "GET /static/component/logic/ceditor/ceditor.js?v=201611082232 HTTP/1.1" 200 11435 "www.imooc.com" "http://www.imooc.com/code/4674" - "Mozilla/5.0 (Windows NT 6.1; WOW64) AppleWebKit/537.36 (KHTML, like Gecko) Chrome/45.0.2454.101 Safari/537.36" "-" 10.100.136.64:80 200 0.001 0.001
122.226.152.230 - - [11/Nov/2016:00:00:11 +0800] "GET /static/component/base/tab/tab.js?v=201611082232 HTTP/1.1" 200 696 "www.imooc.com" "http://www.imooc.com/code/4674" - "Mozilla/5.0 (Windows NT 6.1; WOW64) AppleWebKit/537.36 (KHTML, like Gecko) Chrome/45.0.2454.101 Safari/537.36" "-" 10.100.136.65:80 200 0.001 0.001
10.100.0.1 - - [11/Nov/2016:00:00:11 +0800] "HEAD / HTTP/1.1" 301 0 "117.121.101.40" "-" - "curl/7.19.7 (x86_64-redhat-linux-gnu) libcurl/7.19.7 NSS/3.16.2.3 Basic ECC zlib/1.2.3 libidn/1.18 libssh2/1.4.2" "-" - - - 0.000
222.141.54.77 - - [11/Nov/2016:00:00:11 +0800] "GET /course/list?c=python&type=1 HTTP/1.1" 200 7821 "www.imooc.com" "http://www.imooc.com/course/list?c=C&type=1" - "Mozilla/4.0 (compatible; MSIE 7.0; Windows NT 10.0; WOW64; Trident/7.0; .NET4.0C; .NET4.0E; .NET CLR 2.0.50727; .NET CLR 3.0.30729; .NET CLR 3.5.30729)" "-" 10.100.136.65:80 200 0.188 0.188
10.100.0.1 - - [11/Nov/2016:00:00:11 +0800] "HEAD / HTTP/1.1" 301 0 "117.121.101.40" "-" - "curl/7.19.7 (x86_64-redhat-linux-gnu) libcurl/7.19.7 NSS/3.16.2.3 Basic ECC zlib/1.2.3 libidn/1.18 libssh2/1.4.2" "-" - - - 0.000
10.100.0.1 - - [11/Nov/2016:00:00:11 +0800] "HEAD / HTTP/1.1" 301 0 "117.121.101.40" "-" - "curl/7.19.7 (x86_64-redhat-linux-gnu) libcurl/7.19.7 NSS/3.16.2.3 Basic ECC zlib/1.2.3 libidn/1.18 libssh2/1.4.2" "-" - - - 0.000
61.145.167.126 - - [11/Nov/2016:00:00:11 +0800] "POST /course/ajaxmediauser/ HTTP/1.1" 200 67 "www.imooc.com" "http://www.imooc.com/video/10007" mid=10007&time=599.9999999999999&learn_time=44.4 "Mozilla/5.0 (Windows NT 6.1; WOW64) AppleWebKit/537.36 (KHTML, like Gecko) Chrome/50.0.2661.102 Safari/537.36" "-" 10.100.136.64:80 200 0.016 0.016
10.100.0.1 - - [11/Nov/2016:00:00:11 +0800] "HEAD / HTTP/1.1" 301 0 "117.121.101.40" "-" - "curl/7.19.7 (x86_64-redhat-linux-gnu) libcurl/7.19.7 NSS/3.16.2.3 Basic ECC zlib/1.2.3 libidn/1.18 libssh2/1.4.2" "-" - - - 0.000
10.100.0.1 - - [11/Nov/2016:00:00:11 +0800] "HEAD / HTTP/1.1" 301 0 "117.121.101.40" "-" - "curl/7.19.7 (x86_64-redhat-linux-gnu) libcurl/7.19.7 NSS/3.16.2.3 Basic ECC zlib/1.2.3 libidn/1.18 libssh2/1.4.2" "-" - - - 0.000
10.100.0.1 - - [11/Nov/2016:00:00:11 +0800] "HEAD / HTTP/1.1" 301 0 "117.121.101.40" "-" - "curl/7.19.7 (x86_64-redhat-linux-gnu) libcurl/7.19.7 NSS/3.16.2.3 Basic ECC zlib/1.2.3 libidn/1.18 libssh2/1.4.2" "-" - - - 0.000
10.100.0.1 - - [11/Nov/2016:00:00:11 +0800] "HEAD / HTTP/1.1" 301 0 "117.121.101.40" "-" - "curl/7.19.7 (x86_64-redhat-linux-gnu) libcurl/7.19.7 NSS/3.16.2.3 Basic ECC zlib/1.2.3 libidn/1.18 libssh2/1.4.2" "-" - - - 0.000
116.8.97.46 - - [11/Nov/2016:00:00:11 +0800] "POST /course/ajaxmediauser HTTP/1.1" 200 54 "www.imooc.com" "http://www.imooc.com/code/413" mid=413&time=60 "Mozilla/5.0 (Windows NT 6.1; WOW64) AppleWebKit/537.36 (KHTML, like Gecko) Chrome/50.0.2661.102 Safari/537.36" "-" 10.100.136.64:80 200 0.015 0.015
10.100.0.1 - - [11/Nov/2016:00:00:11 +0800] "HEAD / HTTP/1.1" 301 0 "117.121.101.40" "-" - "curl/7.19.7 (x86_64-redhat-linux-gnu) libcurl/7.19.7 NSS/3.16.2.3 Basic ECC zlib/1.2.3 libidn/1.18 libssh2/1.4.2" "-" - - - 0.000
10.100.0.1 - - [11/Nov/2016:00:00:11 +0800] "HEAD / HTTP/1.1" 301 0 "117.121.101.40" "-" - "curl/7.19.7 (x86_64-redhat-linux-gnu) libcurl/7.19.7 NSS/3.16.2.3 Basic ECC zlib/1.2.3 libidn/1.18 libssh2/1.4.2" "-" - - - 0.000
10.100.0.1 - - [11/Nov/2016:00:00:11 +0800] "HEAD / HTTP/1.1" 301 0 "117.121.101.40" "-" - "curl/7.19.7 (x86_64-redhat-linux-gnu) libcurl/7.19.7 NSS/3.16.2.3 Basic ECC zlib/1.2.3 libidn/1.18 libssh2/1.4.2" "-" - - - 0.000
10.100.0.1 - - [11/Nov/2016:00:00:11 +0800] "HEAD / HTTP/1.1" 301 0 "117.121.101.40" "-" - "curl/7.19.7 (x86_64-redhat-linux-gnu) libcurl/7.19.7 NSS/3.16.2.3 Basic ECC zlib/1.2.3 libidn/1.18 libssh2/1.4.2" "-" - - - 0.000
122.226.152.230 - - [11/Nov/2016:00:00:11 +0800] "GET /u/loading HTTP/1.1" 200 66 "www.imooc.com" "http://www.imooc.com/code/4674" - "Mozilla/5.0 (Windows NT 6.1; WOW64) AppleWebKit/537.36 (KHTML, like Gecko) Chrome/45.0.2454.101 Safari/537.36" "-" 10.100.134.244:80 200 0.169 0.169
10.100.0.1 - - [11/Nov/2016:00:00:11 +0800] "HEAD / HTTP/1.1" 301 0 "117.121.101.40" "-" - "curl/7.19.7 (x86_64-redhat-linux-gnu) libcurl/7.19.7 NSS/3.16.2.3 Basic ECC zlib/1.2.3 libidn/1.18 libssh2/1.4.2" "-" - - - 0.000
182.18.117.34 - - [11/Nov/2016:00:00:11 +0800] "POST /passport/user/login HTTP/1.1" 200 90 "www.imooc.com" "http://www.imooc.com/learn/295" username=morganna_mode_gone%40163.com&password=sOwTWhJ1QBINGvakOfUknNQ4bLnMIWKZfr7aHYf3P%2BJwt8hmpz7tMyloPNfI%2FoUgPWy9y%2Fmwlq7wX9o%2BFA8zMCVxA9E8YE9rb0k5LRRKwU890RME5EhEQYWDTa7lXP4J2VcLbZHysqjMAeo5pxDpPhjbyf5PPqwQF9ncHQVePss%3D&verify=vazh&remember=1&pwencode=1&referer=http%3A%2F%2Fwww.imooc.com "Mozilla/5.0 (Windows NT 6.3; WOW64) AppleWebKit/537.36 (KHTML, like Gecko) Chrome/48.0.2564.116 Safari/537.36 TheWorld 7" "-" 10.100.134.244:80 200 0.033 0.033
10.100.0.1 - - [11/Nov/2016:00:00:11 +0800] "HEAD / HTTP/1.1" 301 0 "117.121.101.40" "-" - "curl/7.19.7 (x86_64-redhat-linux-gnu) libcurl/7.19.7 NSS/3.16.2.3 Basic ECC zlib/1.2.3 libidn/1.18 libssh2/1.4.2" "-" - - - 0.000
203.208.60.225 - - [11/Nov/2016:00:00:11 +0800] "GET /course/AjaxUserNotesStatus?ids=5630%2C5628%2C5610%2C5570%2C5567%2C5566%2C5553%2C5552%2C5544%2C5528%2C5527%2C5509%2C5501%2C5494%2C5467 HTTP/1.1" 200 70 "www.imooc.com" "http://www.imooc.com/course/note/id/9?sort=last&ower=all&page=16152" - "Mozilla/5.0 (compatible; Googlebot/2.1; +http://www.google.com/bot.html)" "-" 10.100.136.64:80 200 0.008 0.008
163.125.238.68 - - [11/Nov/2016:00:00:11 +0800] "GET /qadetail/121375 HTTP/1.1" 200 7364 "www.imooc.com" "http://www.imooc.com/code/3541" - "Mozilla/5.0 (Windows NT 10.0) AppleWebKit/537.36 (KHTML, like Gecko) Chrome/45.0.2454.101 Safari/537.36" "-" 10.100.136.64:80 200 0.824 0.824
10.100.0.1 - - [11/Nov/2016:00:00:11 +0800] "HEAD / HTTP/1.1" 301 0 "117.121.101.40" "-" - "curl/7.19.7 (x86_64-redhat-linux-gnu) libcurl/7.19.7 NSS/3.16.2.3 Basic ECC zlib/1.2.3 libidn/1.18 libssh2/1.4.2" "-" - - - 0.000
10.100.0.1 - - [11/Nov/2016:00:00:11 +0800] "HEAD / HTTP/1.1" 301 0 "117.121.101.40" "-" - "curl/7.19.7 (x86_64-redhat-linux-gnu) libcurl/7.19.7 NSS/3.16.2.3 Basic ECC zlib/1.2.3 libidn/1.18 libssh2/1.4.2" "-" - - - 0.000
222.141.54.77 - - [11/Nov/2016:00:00:11 +0800] "GET /visitlog/index/user?v=1478793611018 HTTP/1.1" 200 2957 "www.imooc.com" "http://www.imooc.com/course/list?c=python&type=1" - "Mozilla/4.0 (compatible; MSIE 7.0; Windows NT 10.0; WOW64; Trident/7.0; .NET4.0C; .NET4.0E; .NET CLR 2.0.50727; .NET CLR 3.0.30729; .NET CLR 3.5.30729)" "-" 10.100.136.64:80 200 0.009 0.009
10.100.0.1 - - [11/Nov/2016:00:00:12 +0800] "HEAD / HTTP/1.1" 301 0 "117.121.101.40" "-" - "curl/7.19.7 (x86_64-redhat-linux-gnu) libcurl/7.19.7 NSS/3.16.2.3 Basic ECC zlib/1.2.3 libidn/1.18 libssh2/1.4.2" "-" - - - 0.000
10.100.0.1 - - [11/Nov/2016:00:00:12 +0800] "HEAD / HTTP/1.1" 301 0 "117.121.101.40" "-" - "curl/7.19.7 (x86_64-redhat-linux-gnu) libcurl/7.19.7 NSS/3.16.2.3 Basic ECC zlib/1.2.3 libidn/1.18 libssh2/1.4.2" "-" - - - 0.000
10.100.0.1 - - [11/Nov/2016:00:00:12 +0800] "HEAD / HTTP/1.1" 301 0 "117.121.101.40" "-" - "curl/7.19.7 (x86_64-redhat-linux-gnu) libcurl/7.19.7 NSS/3.16.2.3 Basic ECC zlib/1.2.3 libidn/1.18 libssh2/1.4.2" "-" - - - 0.000
182.18.117.34 - - [11/Nov/2016:00:00:12 +0800] "GET /passport/user/verifycode?t=1478793585494 HTTP/1.1" 200 701 "www.imooc.com" "http://www.imooc.com/learn/295" - "Mozilla/5.0 (Windows NT 6.3; WOW64) AppleWebKit/537.36 (KHTML, like Gecko) Chrome/48.0.2564.116 Safari/537.36 TheWorld 7" "-" 10.100.136.65:80 200 0.031 0.031
10.100.0.1 - - [11/Nov/2016:00:00:12 +0800] "HEAD / HTTP/1.1" 301 0 "117.121.101.40" "-" - "curl/7.19.7 (x86_64-redhat-linux-gnu) libcurl/7.19.7 NSS/3.16.2.3 Basic ECC zlib/1.2.3 libidn/1.18 libssh2/1.4.2" "-" - - - 0.000
10.100.0.1 - - [11/Nov/2016:00:00:12 +0800] "HEAD / HTTP/1.1" 301 0 "117.121.101.40" "-" - "curl/7.19.7 (x86_64-redhat-linux-gnu) libcurl/7.19.7 NSS/3.16.2.3 Basic ECC zlib/1.2.3 libidn/1.18 libssh2/1.4.2" "-" - - - 0.000
182.34.127.115 - - [11/Nov/2016:00:00:12 +0800] "HEAD /favicon.ico HTTP/1.0" 404 0 "chat.mukewang.com" "-" - "-" "-" 10.100.15.239:80 404 0.001 0.001
115.56.99.81 - - [11/Nov/2016:00:00:12 +0800] "POST /course/ajaxmediauser/ HTTP/1.1" 200 54 "www.imooc.com" "http://www.imooc.com/video/12899/0" mid=12899&time=60&learn_time=88.4 "Mozilla/5.0 (Windows NT 10.0; WOW64) AppleWebKit/537.36 (KHTML, like Gecko) Chrome/54.0.2840.87 Safari/537.36" "-" 10.100.134.244:80 200 0.024 0.024
10.100.0.1 - - [11/Nov/2016:00:00:12 +0800] "HEAD / HTTP/1.1" 301 0 "117.121.101.40" "-" - "curl/7.19.7 (x86_64-redhat-linux-gnu) libcurl/7.19.7 NSS/3.16.2.3 Basic ECC zlib/1.2.3 libidn/1.18 libssh2/1.4.2" "-" - - - 0.000
10.100.0.1 - - [11/Nov/2016:00:00:12 +0800] "HEAD / HTTP/1.1" 301 0 "117.121.101.40" "-" - "curl/7.19.7 (x86_64-redhat-linux-gnu) libcurl/7.19.7 NSS/3.16.2.3 Basic ECC zlib/1.2.3 libidn/1.18 libssh2/1.4.2" "-" - - - 0.000
10.100.0.1 - - [11/Nov/2016:00:00:12 +0800] "HEAD / HTTP/1.1" 301 0 "117.121.101.40" "-" - "curl/7.19.7 (x86_64-redhat-linux-gnu) libcurl/7.19.7 NSS/3.16.2.3 Basic ECC zlib/1.2.3 libidn/1.18 libssh2/1.4.2" "-" - - - 0.000
49.79.233.211 - - [11/Nov/2016:00:00:12 +0800] "HEAD /favicon.ico HTTP/1.0" 404 0 "chat.mukewang.com" "-" - "-" "-" 10.100.15.239:80 404 0.002 0.002
10.100.0.1 - - [11/Nov/2016:00:00:12 +0800] "HEAD / HTTP/1.1" 301 0 "117.121.101.40" "-" - "curl/7.19.7 (x86_64-redhat-linux-gnu) libcurl/7.19.7 NSS/3.16.2.3 Basic ECC zlib/1.2.3 libidn/1.18 libssh2/1.4.2" "-" - - - 0.000
10.100.0.1 - - [11/Nov/2016:00:00:12 +0800] "HEAD / HTTP/1.1" 301 0 "117.121.101.40" "-" - "curl/7.19.7 (x86_64-redhat-linux-gnu) libcurl/7.19.7 NSS/3.16.2.3 Basic ECC zlib/1.2.3 libidn/1.18 libssh2/1.4.2" "-" - - - 0.000
101.200.101.205 - - [11/Nov/2016:00:00:12 +0800] "GET /md5/49a36fa4-557e-4c2d-870d-7926c88ee103/M/e54ad456cd76dae8.ts HTTP/1.1" 304 0 "szv1.mukewang.com" "-" - "Dalvik/2.1.0 (Linux; U; Android 6.0; FRD-AL00 Build/HUAWEIFRD-AL00)" "47.89.8.10" 10.100.133.99:80 304 0.003 0.003
10.100.0.1 - - [11/Nov/2016:00:00:12 +0800] "HEAD / HTTP/1.1" 301 0 "117.121.101.40" "-" - "curl/7.19.7 (x86_64-redhat-linux-gnu) libcurl/7.19.7 NSS/3.16.2.3 Basic ECC zlib/1.2.3 libidn/1.18 libssh2/1.4.2" "-" - - - 0.000
222.141.54.77 - - [11/Nov/2016:00:00:12 +0800] "GET /u/card HTTP/1.1" 200 317 "www.imooc.com" "http://www.imooc.com/course/list?c=python&type=1" - "Mozilla/4.0 (compatible; MSIE 7.0; Windows NT 10.0; WOW64; Trident/7.0; .NET4.0C; .NET4.0E; .NET CLR 2.0.50727; .NET CLR 3.0.30729; .NET CLR 3.5.30729)" "-" 10.100.136.65:80 200 0.073 0.073
10.100.0.1 - - [11/Nov/2016:00:00:12 +0800] "HEAD / HTTP/1.1" 301 0 "117.121.101.40" "-" - "curl/7.19.7 (x86_64-redhat-linux-gnu) libcurl/7.19.7 NSS/3.16.2.3 Basic ECC zlib/1.2.3 libidn/1.18 libssh2/1.4.2" "-" - - - 0.000
115.85.238.240 - - [11/Nov/2016:00:00:12 +0800] "POST /socket.io/1/ HTTP/1.1" 200 94 "chat.mukewang.com" "-" - "android-websockets-2.0" "-" 10.100.15.239:80 200 0.004 0.004
60.191.251.186 - - [11/Nov/2016:00:00:12 +0800] "POST /api3/updateversion HTTP/1.1" 200 142 "www.imooc.com" "-" v_code=5010&v=5.0.1&secrect=4eaf1ccb02c78f18de0ee2ef81b6d373&cid=0&plat_id=2&app_id=1&timestamp=1478793611363&uid=3987311&type=0&token=c619b4914bf5c44d6418e91ba42ae798 "mukewang/5.0.1 (Android 5.1; Meizu m3 note Build/LMY47I),Network WIFI" "-" 10.100.136.64:80 200 0.020 0.020
10.100.0.1 - - [11/Nov/2016:00:00:12 +0800] "HEAD / HTTP/1.1" 301 0 "117.121.101.40" "-" - "curl/7.19.7 (x86_64-redhat-linux-gnu) libcurl/7.19.7 NSS/3.16.2.3 Basic ECC zlib/1.2.3 libidn/1.18 libssh2/1.4.2" "-" - - - 0.000
121.69.11.8 - - [11/Nov/2016:00:00:12 +0800] "POST /socket.io/1/ HTTP/1.1" 200 94 "chat.mukewang.com" "-" - "android-websockets-2.0" "-" 10.100.15.239:80 200 0.003 0.003
10.100.0.1 - - [11/Nov/2016:00:00:12 +0800] "HEAD / HTTP/1.1" 301 0 "117.121.101.40" "-" - "curl/7.19.7 (x86_64-redhat-linux-gnu) libcurl/7.19.7 NSS/3.16.2.3 Basic ECC zlib/1.2.3 libidn/1.18 libssh2/1.4.2" "-" - - - 0.000
10.100.0.1 - - [11/Nov/2016:00:00:12 +0800] "HEAD / HTTP/1.1" 301 0 "117.121.101.40" "-" - "curl/7.19.7 (x86_64-redhat-linux-gnu) libcurl/7.19.7 NSS/3.16.2.3 Basic ECC zlib/1.2.3 libidn/1.18 libssh2/1.4.2" "-" - - - 0.000
183.39.236.173 - - [11/Nov/2016:00:00:12 +0800] "POST /course/ajaxmediauser/ HTTP/1.1" 200 54 "www.imooc.com" "http://www.imooc.com/video/6101" mid=6101&time=59.999000000000024&learn_time=1069.6 "Mozilla/5.0 (Windows NT 10.0; Win64; x64) AppleWebKit/537.36 (KHTML, like Gecko) Chrome/54.0.2840.87 Safari/537.36" "-" 10.100.136.65:80 200 0.018 0.018
10.100.0.1 - - [11/Nov/2016:00:00:12 +0800] "HEAD / HTTP/1.1" 301 0 "117.121.101.40" "-" - "curl/7.19.7 (x86_64-redhat-linux-gnu) libcurl/7.19.7 NSS/3.16.2.3 Basic ECC zlib/1.2.3 libidn/1.18 libssh2/1.4.2" "-" - - - 0.000
10.100.0.1 - - [11/Nov/2016:00:00:12 +0800] "HEAD / HTTP/1.1" 301 0 "117.121.101.40" "-" - "curl/7.19.7 (x86_64-redhat-linux-gnu) libcurl/7.19.7 NSS/3.16.2.3 Basic ECC zlib/1.2.3 libidn/1.18 libssh2/1.4.2" "-" - - - 0.000
10.100.0.1 - - [11/Nov/2016:00:00:12 +0800] "HEAD / HTTP/1.1" 301 0 "117.121.101.40" "-" - "curl/7.19.7 (x86_64-redhat-linux-gnu) libcurl/7.19.7 NSS/3.16.2.3 Basic ECC zlib/1.2.3 libidn/1.18 libssh2/1.4.2" "-" - - - 0.000
116.243.187.255 - - [11/Nov/2016:00:00:12 +0800] "GET /socket.io/1/websocket/PNe0Zq_JOadpzfjuWHpF HTTP/1.1" 101 85 "chat.mukewang.com" "-" - "-" "-" 10.100.15.239:80 101 30.011 30.011
10.100.0.1 - - [11/Nov/2016:00:00:12 +0800] "HEAD / HTTP/1.1" 301 0 "117.121.101.40" "-" - "curl/7.19.7 (x86_64-redhat-linux-gnu) libcurl/7.19.7 NSS/3.16.2.3 Basic ECC zlib/1.2.3 libidn/1.18 libssh2/1.4.2" "-" - - - 0.000
36.104.2.235 - - [11/Nov/2016:00:00:12 +0800] "POST /api3/getcourseinfor HTTP/1.1" 200 559 "www.imooc.com" "-" timestamp=1478793612087&uid=3680027&cid=177&secrect=87edffb3af4ae49f76118b1f3f3c91fb&token=d46a865b576fe3d9f2b4d7fa411e8eba "mukewang/5.0.1 (Android 4.4.2; samsung SM-G900S Build/KOT49H),Network WIFI" "-" 10.100.136.65:80 200 0.037 0.037
49.79.233.190 - - [11/Nov/2016:00:00:12 +0800] "HEAD /favicon.ico HTTP/1.0" 404 0 "chat.mukewang.com" "-" - "-" "-" 10.100.15.239:80 404 0.001 0.001
10.100.0.1 - - [11/Nov/2016:00:00:12 +0800] "HEAD / HTTP/1.1" 301 0 "117.121.101.40" "-" - "curl/7.19.7 (x86_64-redhat-linux-gnu) libcurl/7.19.7 NSS/3.16.2.3 Basic ECC zlib/1.2.3 libidn/1.18 libssh2/1.4.2" "-" - - - 0.000
10.100.0.1 - - [11/Nov/2016:00:00:12 +0800] "HEAD / HTTP/1.1" 301 0 "117.121.101.40" "-" - "curl/7.19.7 (x86_64-redhat-linux-gnu) libcurl/7.19.7 NSS/3.16.2.3 Basic ECC zlib/1.2.3 libidn/1.18 libssh2/1.4.2" "-" - - - 0.000
218.28.89.51 - - [11/Nov/2016:00:00:12 +0800] "POST /course/ajaxmediauser/ HTTP/1.1" 200 54 "www.imooc.com" "http://www.imooc.com/video/6275" mid=6275&time=59.89700000000039&learn_time=96.2 "Mozilla/5.0 (Windows NT 6.1; WOW64) AppleWebKit/537.36 (KHTML, like Gecko) Chrome/45.0.2454.101 Safari/537.36" "-" 10.100.134.244:80 200 0.023 0.023
10.100.0.1 - - [11/Nov/2016:00:00:12 +0800] "HEAD / HTTP/1.1" 301 0 "117.121.101.40" "-" - "curl/7.19.7 (x86_64-redhat-linux-gnu) libcurl/7.19.7 NSS/3.16.2.3 Basic ECC zlib/1.2.3 libidn/1.18 libssh2/1.4.2" "-" - - - 0.000
140.207.223.191 - - [11/Nov/2016:00:00:12 +0800] "POST /course/ajaxmediauser/ HTTP/1.1" 200 67 "www.imooc.com" "http://www.imooc.com/video/3467" mid=3467&time=6900.33&learn_time=30.2 "Mozilla/5.0 (Windows NT 10.0; WOW64) AppleWebKit/537.36 (KHTML, like Gecko) Chrome/45.0.2454.101 Safari/537.36" "-" 10.100.136.65:80 200 0.015 0.015
10.100.0.1 - - [11/Nov/2016:00:00:12 +0800] "HEAD / HTTP/1.1" 301 0 "117.121.101.40" "-" - "curl/7.19.7 (x86_64-redhat-linux-gnu) libcurl/7.19.7 NSS/3.16.2.3 Basic ECC zlib/1.2.3 libidn/1.18 libssh2/1.4.2" "-" - - - 0.000
10.100.0.1 - - [11/Nov/2016:00:00:12 +0800] "HEAD / HTTP/1.1" 301 0 "117.121.101.40" "-" - "curl/7.19.7 (x86_64-redhat-linux-gnu) libcurl/7.19.7 NSS/3.16.2.3 Basic ECC zlib/1.2.3 libidn/1.18 libssh2/1.4.2" "-" - - - 0.000
10.100.0.1 - - [11/Nov/2016:00:00:12 +0800] "HEAD / HTTP/1.1" 301 0 "117.121.101.40" "-" - "curl/7.19.7 (x86_64-redhat-linux-gnu) libcurl/7.19.7 NSS/3.16.2.3 Basic ECC zlib/1.2.3 libidn/1.18 libssh2/1.4.2" "-" - - - 0.000
117.100.120.222 - - [11/Nov/2016:00:00:12 +0800] "GET /socket.io/1/websocket/s7Q1MBtVxVWgj7TtWGf3 HTTP/1.1" 101 136 "chat.mukewang.com" "-" - "-" "-" 10.100.15.239:80 101 314.064 314.064
60.191.251.186 - - [11/Nov/2016:00:00:12 +0800] "POST /api3/apprun HTTP/1.1" 200 103 "www.imooc.com" "-" osv=5.1&chan_id=10102002&secrect=4eaf1ccb02c78f18de0ee2ef81b6d373&cid=0&app_id=1&timestamp=1478793611454&service_id=1&os=Android&screen_size=1080*1920&brand=Meizu%20m3%20note&plat_id=2&uid=3987311&d_code=00000000-5f0f-e2f1-ff23-eaae03642b75&type=1&v_id=5.0.1&token=7a8b6ffb45db62a37e7d8f90192d7073 "mukewang/5.0.1 (Android 5.1; Meizu m3 note Build/LMY47I),Network WIFI" "-" 10.100.136.65:80 200 0.055 0.055
10.100.0.1 - - [11/Nov/2016:00:00:12 +0800] "HEAD / HTTP/1.1" 301 0 "117.121.101.40" "-" - "curl/7.19.7 (x86_64-redhat-linux-gnu) libcurl/7.19.7 NSS/3.16.2.3 Basic ECC zlib/1.2.3 libidn/1.18 libssh2/1.4.2" "-" - - - 0.000
222.141.54.77 - - [11/Nov/2016:00:00:12 +0800] "GET /u/loading HTTP/1.1" 200 66 "www.imooc.com" "http://www.imooc.com/course/list?c=python&type=1" - "Mozilla/4.0 (compatible; MSIE 7.0; Windows NT 10.0; WOW64; Trident/7.0; .NET4.0C; .NET4.0E; .NET CLR 2.0.50727; .NET CLR 3.0.30729; .NET CLR 3.5.30729)" "-" 10.100.136.64:80 200 0.166 0.166
10.100.0.1 - - [11/Nov/2016:00:00:12 +0800] "HEAD / HTTP/1.1" 301 0 "117.121.101.40" "-" - "curl/7.19.7 (x86_64-redhat-linux-gnu) libcurl/7.19.7 NSS/3.16.2.3 Basic ECC zlib/1.2.3 libidn/1.18 libssh2/1.4.2" "-" - - - 0.000
121.204.169.239 - - [11/Nov/2016:00:00:12 +0800] "POST /api3/courselist_ver3 HTTP/1.1" 200 9992 "www.imooc.com" "-" cid=0&cat_type=44&timestamp=1478793611591&uid=2635856&course_type=0&page=2&secrect=d6fac8a2726e2ccdb984a6154f428c29&token=0cc9a8c2459865280c1aed32356c1853 "mukewang/5.0.1 (Android 6.0.1; HONOR ATH-CL00 Build/HONORATH-CL00),Network WIFI" "-" 10.100.136.65:80 200 0.164 0.164
10.100.0.1 - - [11/Nov/2016:00:00:12 +0800] "HEAD / HTTP/1.1" 301 0 "117.121.101.40" "-" - "curl/7.19.7 (x86_64-redhat-linux-gnu) libcurl/7.19.7 NSS/3.16.2.3 Basic ECC zlib/1.2.3 libidn/1.18 libssh2/1.4.2" "-" - - - 0.000
122.226.152.230 - - [11/Nov/2016:00:00:12 +0800] "GET /static/lib/ace/1.0.0/ace.js?v=201611082232 HTTP/1.1" 200 545850 "www.imooc.com" "http://www.imooc.com/code/4674" - "Mozilla/5.0 (Windows NT 6.1; WOW64) AppleWebKit/537.36 (KHTML, like Gecko) Chrome/45.0.2454.101 Safari/537.36" "-" 10.100.134.244:80 200 0.013 0.336
60.191.251.186 - - [11/Nov/2016:00:00:12 +0800] "POST /api3/userinfo HTTP/1.1" 200 152 "www.imooc.com" "-" cid=0&timestamp=1478793611438&uid=3987311&secrect=4eaf1ccb02c78f18de0ee2ef81b6d373&uuid=efd534acb8639f6713cb4d118f72136c&token=9493f10497baf41d7be213c8c5a4c43c "mukewang/5.0.1 (Android 5.1; Meizu m3 note Build/LMY47I),Network WIFI" "-" 10.100.134.244:80 200 0.097 0.097
10.100.0.1 - - [11/Nov/2016:00:00:12 +0800] "HEAD / HTTP/1.1" 301 0 "117.121.101.40" "-" - "curl/7.19.7 (x86_64-redhat-linux-gnu) libcurl/7.19.7 NSS/3.16.2.3 Basic ECC zlib/1.2.3 libidn/1.18 libssh2/1.4.2" "-" - - - 0.000
10.100.0.1 - - [11/Nov/2016:00:00:12 +0800] "HEAD / HTTP/1.1" 301 0 "117.121.101.40" "-" - "curl/7.19.7 (x86_64-redhat-linux-gnu) libcurl/7.19.7 NSS/3.16.2.3 Basic ECC zlib/1.2.3 libidn/1.18 libssh2/1.4.2" "-" - - - 0.000
180.160.40.59 - - [11/Nov/2016:00:00:12 +0800] "POST /socket.io/1/ HTTP/1.1" 200 94 "chat.mukewang.com" "-" - "android-websockets-2.0" "-" 10.100.15.239:80 200 0.004 0.004
42.231.0.75 - - [11/Nov/2016:00:00:12 +0800] "GET /socket.io/1/websocket/cxqJ4k9OFWObG419WHkz HTTP/1.1" 101 85 "chat.mukewang.com" "-" - "-" "-" 10.100.15.239:80 101 47.581 47.581
10.100.0.1 - - [11/Nov/2016:00:00:12 +0800] "HEAD / HTTP/1.1" 301 0 "117.121.101.40" "-" - "curl/7.19.7 (x86_64-redhat-linux-gnu) libcurl/7.19.7 NSS/3.16.2.3 Basic ECC zlib/1.2.3 libidn/1.18 libssh2/1.4.2" "-" - - - 0.000
10.100.0.1 - - [11/Nov/2016:00:00:12 +0800] "HEAD / HTTP/1.1" 301 0 "117.121.101.40" "-" - "curl/7.19.7 (x86_64-redhat-linux-gnu) libcurl/7.19.7 NSS/3.16.2.3 Basic ECC zlib/1.2.3 libidn/1.18 libssh2/1.4.2" "-" - - - 0.000
117.136.41.28 - - [11/Nov/2016:00:00:12 +0800] "POST /api3/appover HTTP/1.1" 200 103 "www.imooc.com" "-" code=8A3B6A77-B1C3-4599-B5D8-5BA50230370E&time=693787&token=5f41f13da33024aa61f875412be6039b&uid=2755075 "mukewang/4.3.2 (iPhone; iOS 10.1.1; Scale/2.00)" "-" 10.100.136.65:80 200 0.007 0.007
10.100.0.1 - - [11/Nov/2016:00:00:12 +0800] "HEAD / HTTP/1.1" 301 0 "117.121.101.40" "-" - "curl/7.19.7 (x86_64-redhat-linux-gnu) libcurl/7.19.7 NSS/3.16.2.3 Basic ECC zlib/1.2.3 libidn/1.18 libssh2/1.4.2" "-" - - - 0.000
10.100.0.1 - - [11/Nov/2016:00:00:12 +0800] "HEAD / HTTP/1.1" 301 0 "117.121.101.40" "-" - "curl/7.19.7 (x86_64-redhat-linux-gnu) libcurl/7.19.7 NSS/3.16.2.3 Basic ECC zlib/1.2.3 libidn/1.18 libssh2/1.4.2" "-" - - - 0.000
10.100.0.1 - - [11/Nov/2016:00:00:12 +0800] "HEAD / HTTP/1.1" 301 0 "117.121.101.40" "-" - "curl/7.19.7 (x86_64-redhat-linux-gnu) libcurl/7.19.7 NSS/3.16.2.3 Basic ECC zlib/1.2.3 libidn/1.18 libssh2/1.4.2" "-" - - - 0.000
10.100.0.1 - - [11/Nov/2016:00:00:12 +0800] "HEAD / HTTP/1.1" 301 0 "117.121.101.40" "-" - "curl/7.19.7 (x86_64-redhat-linux-gnu) libcurl/7.19.7 NSS/3.16.2.3 Basic ECC zlib/1.2.3 libidn/1.18 libssh2/1.4.2" "-" - - - 0.000
36.104.2.235 - - [11/Nov/2016:00:00:12 +0800] "POST /api3/getcourseintro HTTP/1.1" 200 2620 "www.imooc.com" "-" timestamp=1478793612264&uid=3680027&cid=177&secrect=87edffb3af4ae49f76118b1f3f3c91fb&token=bc30670c33ec1cd24e9224ab9b8ff6aa "mukewang/5.0.1 (Android 4.4.2; samsung SM-G900S Build/KOT49H),Network WIFI" "-" 10.100.136.64:80 200 0.012 0.012
10.100.0.1 - - [11/Nov/2016:00:00:12 +0800] "HEAD / HTTP/1.1" 301 0 "117.121.101.40" "-" - "curl/7.19.7 (x86_64-redhat-linux-gnu) libcurl/7.19.7 NSS/3.16.2.3 Basic ECC zlib/1.2.3 libidn/1.18 libssh2/1.4.2" "-" - - - 0.000
36.104.2.235 - - [11/Nov/2016:00:00:12 +0800] "POST /api3/getcpinfo_ver2 HTTP/1.1" 200 25679 "www.imooc.com" "-" timestamp=1478793612083&uid=3680027&cid=177&secrect=87edffb3af4ae49f76118b1f3f3c91fb&token=daba61060e3dba28545a9742a2ec3975 "mukewang/5.0.1 (Android 4.4.2; samsung SM-G900S Build/KOT49H),Network WIFI" "-" 10.100.134.244:80 200 0.198 0.198
10.100.0.1 - - [11/Nov/2016:00:00:12 +0800] "HEAD / HTTP/1.1" 301 0 "117.121.101.40" "-" - "curl/7.19.7 (x86_64-redhat-linux-gnu) libcurl/7.19.7 NSS/3.16.2.3 Basic ECC zlib/1.2.3 libidn/1.18 libssh2/1.4.2" "-" - - - 0.000
10.100.0.1 - - [11/Nov/2016:00:00:12 +0800] "HEAD / HTTP/1.1" 301 0 "117.121.101.40" "-" - "curl/7.19.7 (x86_64-redhat-linux-gnu) libcurl/7.19.7 NSS/3.16.2.3 Basic ECC zlib/1.2.3 libidn/1.18 libssh2/1.4.2" "-" - - - 0.000
113.140.11.125 - - [11/Nov/2016:00:00:12 +0800] "GET /course/program HTTP/1.1" 200 7936 "www.imooc.com" "http://coding.imooc.com/" - "Mozilla/5.0 (Windows NT 10.0; WOW64) AppleWebKit/537.36 (KHTML, like Gecko) Chrome/53.0.2785.116 Safari/537.36" "-" 10.100.134.244:80 200 0.191 0.191
60.255.136.238 - - [11/Nov/2016:00:00:12 +0800] "POST /course/ajaxmediauser HTTP/1.1" 200 54 "www.imooc.com" "http://www.imooc.com/code/1488" mid=1488&time=60 "Mozilla/5.0 (Windows NT 10.0; WOW64) AppleWebKit/537.36 (KHTML, like Gecko) Chrome/53.0.2785.113 Safari/537.36" "-" 10.100.136.65:80 200 0.018 0.018
10.100.0.1 - - [11/Nov/2016:00:00:12 +0800] "HEAD / HTTP/1.1" 301 0 "117.121.101.40" "-" - "curl/7.19.7 (x86_64-redhat-linux-gnu) libcurl/7.19.7 NSS/3.16.2.3 Basic ECC zlib/1.2.3 libidn/1.18 libssh2/1.4.2" "-" - - - 0.000
10.100.0.1 - - [11/Nov/2016:00:00:12 +0800] "HEAD / HTTP/1.1" 301 0 "117.121.101.40" "-" - "curl/7.19.7 (x86_64-redhat-linux-gnu) libcurl/7.19.7 NSS/3.16.2.3 Basic ECC zlib/1.2.3 libidn/1.18 libssh2/1.4.2" "-" - - - 0.000
10.100.0.1 - - [11/Nov/2016:00:00:12 +0800] "HEAD / HTTP/1.1" 301 0 "117.121.101.40" "-" - "curl/7.19.7 (x86_64-redhat-linux-gnu) libcurl/7.19.7 NSS/3.16.2.3 Basic ECC zlib/1.2.3 libidn/1.18 libssh2/1.4.2" "-" - - - 0.000
115.60.240.200 - - [11/Nov/2016:00:00:12 +0800] "GET /visitlog/index/user?v=1478793627749 HTTP/1.0" 200 7566 "www.imooc.com" "http://www.imooc.com/code/8555" - "Mozilla/5.0 (Windows NT 6.3; WOW64) AppleWebKit/537.36 (KHTML, like Gecko) Chrome/51.0.2704.106 Safari/537.36" "-" 10.100.136.65:80 200 0.009 0.038
110.184.70.132 - - [11/Nov/2016:00:00:12 +0800] "POST /api3/latest HTTP/1.1" 200 366 "www.imooc.com" "-" timestamp=1478793611515&uid=3781713&secrect=26834acdc288778019275529470a265a&uuid=a3399fd135780ed8b3e34fba0deae763&cid=0&token=f1230d9c1370bbeaea932fc84e4d4931 "mukewang/5.0.0 (Android 4.4.4; Lenovo Lenovo S90-e Build/KTU84P),Network WIFI" "-" 10.100.136.65:80 200 0.044 0.044
10.100.0.1 - - [11/Nov/2016:00:00:12 +0800] "HEAD / HTTP/1.1" 301 0 "117.121.101.40" "-" - "curl/7.19.7 (x86_64-redhat-linux-gnu) libcurl/7.19.7 NSS/3.16.2.3 Basic ECC zlib/1.2.3 libidn/1.18 libssh2/1.4.2" "-" - - - 0.000
212.201.42.117 - - [11/Nov/2016:00:00:12 +0800] "POST /course/ajaxmediauser/ HTTP/1.1" 200 54 "www.imooc.com" "http://www.imooc.com/video/2861" mid=2861&time=60.001000000000204&learn_time=152.3 "Mozilla/5.0 (Windows NT 6.1; WOW64) AppleWebKit/537.36 (KHTML, like Gecko) Chrome/49.0.2623.75 Safari/537.36 115Browser/7.2.0" "-" 10.100.136.64:80 200 0.015 0.015
110.184.70.132 - - [11/Nov/2016:00:00:12 +0800] "POST /api3/getinvitemeuserlist HTTP/1.1" 200 115 "www.imooc.com" "-" timestamp=1478793611552&uid=3781713&secrect=26834acdc288778019275529470a265a&uuid=a3399fd135780ed8b3e34fba0deae763&cid=0&token=f8f18f2add96c5936f8a8a1b02281770 "mukewang/5.0.0 (Android 4.4.4; Lenovo Lenovo S90-e Build/KTU84P),Network WIFI" "-" 10.100.136.64:80 200 0.058 0.058
10.100.0.1 - - [11/Nov/2016:00:00:12 +0800] "HEAD / HTTP/1.1" 301 0 "117.121.101.40" "-" - "curl/7.19.7 (x86_64-redhat-linux-gnu) libcurl/7.19.7 NSS/3.16.2.3 Basic ECC zlib/1.2.3 libidn/1.18 libssh2/1.4.2" "-" - - - 0.000
114.86.202.9 - - [11/Nov/2016:00:00:12 +0800] "GET /socket.io/1/websocket/Uib2gl9EH-9yOOz0WCGO HTTP/1.1" 101 305 "chat.mukewang.com" "-" - "-" "-" 10.100.15.239:80 101 1426.034 1426.034
10.100.0.1 - - [11/Nov/2016:00:00:12 +0800] "HEAD / HTTP/1.1" 301 0 "117.121.101.40" "-" - "curl/7.19.7 (x86_64-redhat-linux-gnu) libcurl/7.19.7 NSS/3.16.2.3 Basic ECC zlib/1.2.3 libidn/1.18 libssh2/1.4.2" "-" - - - 0.000
163.125.238.68 - - [11/Nov/2016:00:00:12 +0800] "GET /visitlog/index/user?v=1478793609384 HTTP/1.1" 200 2960 "www.imooc.com" "http://www.imooc.com/qadetail/121375" - "Mozilla/5.0 (Windows NT 10.0) AppleWebKit/537.36 (KHTML, like Gecko) Chrome/45.0.2454.101 Safari/537.36" "-" 10.100.136.65:80 200 0.009 0.009
10.100.0.1 - - [11/Nov/2016:00:00:12 +0800] "HEAD / HTTP/1.1" 301 0 "117.121.101.40" "-" - "curl/7.19.7 (x86_64-redhat-linux-gnu) libcurl/7.19.7 NSS/3.16.2.3 Basic ECC zlib/1.2.3 libidn/1.18 libssh2/1.4.2" "-" - - - 0.000
117.172.25.250 - - [11/Nov/2016:00:00:12 +0800] "GET /socket.io/1/websocket/HUL3_kFzuRh6TOqEVnsj HTTP/1.1" 101 1320 "chat.mukewang.com" "-" - "-" "-" 10.100.15.239:80 101 7531.401 7531.401
60.191.251.186 - - [11/Nov/2016:00:00:12 +0800] "POST /api3/userallinfo HTTP/1.1" 200 683 "www.imooc.com" "-" cid=0&timestamp=1478793611606&uid=3987311&secrect=4eaf1ccb02c78f18de0ee2ef81b6d373&uuid=efd534acb8639f6713cb4d118f72136c&token=fde4789a94e7595acb722dc9689ce1cf "mukewang/5.0.1 (Android 5.1; Meizu m3 note Build/LMY47I),Network WIFI" "-" 10.100.136.64:80 200 0.082 0.082
10.100.0.1 - - [11/Nov/2016:00:00:12 +0800] "HEAD / HTTP/1.1" 301 0 "117.121.101.40" "-" - "curl/7.19.7 (x86_64-redhat-linux-gnu) libcurl/7.19.7 NSS/3.16.2.3 Basic ECC zlib/1.2.3 libidn/1.18 libssh2/1.4.2" "-" - - - 0.000
60.191.251.186 - - [11/Nov/2016:00:00:12 +0800] "POST /api3/getadv HTTP/1.1" 200 999 "www.imooc.com" "-" cid=0&timestamp=1478793611680&uid=3987311&marking=androidbanner&secrect=4eaf1ccb02c78f18de0ee2ef81b6d373&token=a1de656298d9a714cfdcc2c3b5d3c183 "mukewang/5.0.1 (Android 5.1; Meizu m3 note Build/LMY47I),Network WIFI" "-" 10.100.136.64:80 200 0.018 0.018
10.100.0.1 - - [11/Nov/2016:00:00:12 +0800] "HEAD / HTTP/1.1" 301 0 "117.121.101.40" "-" - "curl/7.19.7 (x86_64-redhat-linux-gnu) libcurl/7.19.7 NSS/3.16.2.3 Basic ECC zlib/1.2.3 libidn/1.18 libssh2/1.4.2" "-" - - - 0.000
36.104.2.235 - - [11/Nov/2016:00:00:12 +0800] "POST /api3/getrelevantcourse HTTP/1.1" 200 727 "www.imooc.com" "-" timestamp=1478793612267&uid=3680027&cid=177&secrect=87edffb3af4ae49f76118b1f3f3c91fb&token=257b86dab9cfc80fd6eb0f1ec47a04e0 "mukewang/5.0.1 (Android 4.4.2; samsung SM-G900S Build/KOT49H),Network WIFI" "-" 10.100.136.65:80 200 0.037 0.037
113.204.170.2 - - [11/Nov/2016:00:00:12 +0800] "GET /course/list?c=java HTTP/1.1" 200 8625 "www.imooc.com" "http://www.imooc.com/" - "Mozilla/5.0 (Windows NT 5.1; rv:49.0) Gecko/20100101 Firefox/49.0" "-" 10.100.136.64:80 200 0.158 0.158
10.100.0.1 - - [11/Nov/2016:00:00:12 +0800] "HEAD / HTTP/1.1" 301 0 "117.121.101.40" "-" - "curl/7.19.7 (x86_64-redhat-linux-gnu) libcurl/7.19.7 NSS/3.16.2.3 Basic ECC zlib/1.2.3 libidn/1.18 libssh2/1.4.2" "-" - - - 0.000
10.100.0.1 - - [11/Nov/2016:00:00:12 +0800] "HEAD / HTTP/1.1" 301 0 "117.121.101.40" "-" - "curl/7.19.7 (x86_64-redhat-linux-gnu) libcurl/7.19.7 NSS/3.16.2.3 Basic ECC zlib/1.2.3 libidn/1.18 libssh2/1.4.2" "-" - - - 0.000
36.104.2.235 - - [11/Nov/2016:00:00:12 +0800] "POST /api3/programcontact HTTP/1.1" 200 1450 "www.imooc.com" "-" timestamp=1478793612271&uid=3680027&cid=177&secrect=87edffb3af4ae49f76118b1f3f3c91fb&token=356fd2ab0a396e18aa4379fb43a2f75a "mukewang/5.0.1 (Android 4.4.2; samsung SM-G900S Build/KOT49H),Network WIFI" "-" 10.100.134.244:80 200 0.036 0.036
10.100.0.1 - - [11/Nov/2016:00:00:12 +0800] "HEAD / HTTP/1.1" 301 0 "117.121.101.40" "-" - "curl/7.19.7 (x86_64-redhat-linux-gnu) libcurl/7.19.7 NSS/3.16.2.3 Basic ECC zlib/1.2.3 libidn/1.18 libssh2/1.4.2" "-" - - - 0.000
122.190.94.94 - - [11/Nov/2016:00:00:12 +0800] "POST /course/ajaxmediauser/ HTTP/1.1" 200 54 "www.imooc.com" "http://www.imooc.com/video/5292" mid=5292&time=60.001000000000204&learn_time=90.2 "Mozilla/5.0 (Windows NT 6.1; Win64; x64) AppleWebKit/537.36 (KHTML, like Gecko) Chrome/54.0.2840.71 Safari/537.36" "-" 10.100.136.64:80 200 0.016 0.016
163.125.238.68 - - [11/Nov/2016:00:00:12 +0800] "GET /static/page/course/qadetail.js?v=201611082232 HTTP/1.1" 200 15801 "www.imooc.com" "http://www.imooc.com/qadetail/121375" - "Mozilla/5.0 (Windows NT 10.0) AppleWebKit/537.36 (KHTML, like Gecko) Chrome/45.0.2454.101 Safari/537.36" "-" 10.100.134.244:80 200 0.002 0.002
10.100.0.1 - - [11/Nov/2016:00:00:12 +0800] "HEAD / HTTP/1.1" 301 0 "117.121.101.40" "-" - "curl/7.19.7 (x86_64-redhat-linux-gnu) libcurl/7.19.7 NSS/3.16.2.3 Basic ECC zlib/1.2.3 libidn/1.18 libssh2/1.4.2" "-" - - - 0.000
36.23.51.223 - - [11/Nov/2016:00:00:12 +0800] "POST /socket.io/1/ HTTP/1.1" 200 94 "chat.mukewang.com" "-" - "android-websockets-2.0" "-" 10.100.15.239:80 200 0.023 0.023
140.205.253.139 - - [11/Nov/2016:00:00:12 +0800] "GET /838d8348-f3b3-4c58-90af-f9b236c1ef7e/H.mp4 HTTP/1.1" 206 524288 "v2.mukewang.com" "-" - "python-requests/2.10.0" "103.233.5.254" 10.100.133.97:80 206 0.015 0.015
10.100.0.1 - - [11/Nov/2016:00:00:12 +0800] "HEAD / HTTP/1.1" 301 0 "117.121.101.40" "-" - "curl/7.19.7 (x86_64-redhat-linux-gnu) libcurl/7.19.7 NSS/3.16.2.3 Basic ECC zlib/1.2.3 libidn/1.18 libssh2/1.4.2" "-" - - - 0.000
114.242.249.181 - - [11/Nov/2016:00:00:12 +0800] "POST /socket.io/1/ HTTP/1.1" 200 94 "chat.mukewang.com" "-" - "android-websockets-2.0" "-" 10.100.15.239:80 200 0.004 0.004
10.100.0.1 - - [11/Nov/2016:00:00:12 +0800] "HEAD / HTTP/1.1" 301 0 "117.121.101.40" "-" - "curl/7.19.7 (x86_64-redhat-linux-gnu) libcurl/7.19.7 NSS/3.16.2.3 Basic ECC zlib/1.2.3 libidn/1.18 libssh2/1.4.2" "-" - - - 0.000
119.98.115.244 - - [11/Nov/2016:00:00:12 +0800] "POST /course/collectvideo HTTP/1.1" 200 72 "www.imooc.com" "http://www.imooc.com/video/12418" renderingMode=0&bufferTime=1080&videoFileName=http%3A%2F%2Fv2.mukewang.com%2F47e0dcaf-6e3d-4a82-8991-b70557d5596a%2FM.mp4%3Fauth_key%3D1478795411-0-0-cd17d173b898c46486cee18d620e40ad&videoId=12418&errorMsg=&currentHd=1&oldHd=NaN&type=1&fullscreen=0&cdn=v2.mukewang.com&source=1&currentSpeed=1.0+X&oldSpeed=&winWidth=1366&winHeight=768 "Mozilla/5.0 (Windows NT 10.0; WOW64) AppleWebKit/537.36 (KHTML, like Gecko) Chrome/53.0.2785.113 Safari/537.36" "-" 10.100.134.244:80 200 0.119 0.119
10.100.0.1 - - [11/Nov/2016:00:00:12 +0800] "HEAD / HTTP/1.1" 301 0 "117.121.101.40" "-" - "curl/7.19.7 (x86_64-redhat-linux-gnu) libcurl/7.19.7 NSS/3.16.2.3 Basic ECC zlib/1.2.3 libidn/1.18 libssh2/1.4.2" "-" - - - 0.000
101.200.101.220 - - [11/Nov/2016:00:00:12 +0800] "GET /md5/9f15518d-fb78-4552-982e-11049ff975eb/M/a3345e06e1f27dea.ts HTTP/1.1" 304 0 "szv1.mukewang.com" "-" - "mukewang/5.0.2.1611033 CFNetwork/808.1.4 Darwin/16.1.0" "14.125.85.219" 10.100.133.99:80 304 0.003 0.003
10.100.0.1 - - [11/Nov/2016:00:00:12 +0800] "HEAD / HTTP/1.1" 301 0 "117.121.101.40" "-" - "curl/7.19.7 (x86_64-redhat-linux-gnu) libcurl/7.19.7 NSS/3.16.2.3 Basic ECC zlib/1.2.3 libidn/1.18 libssh2/1.4.2" "-" - - - 0.000
10.100.0.1 - - [11/Nov/2016:00:00:12 +0800] "HEAD / HTTP/1.1" 301 0 "117.121.101.40" "-" - "curl/7.19.7 (x86_64-redhat-linux-gnu) libcurl/7.19.7 NSS/3.16.2.3 Basic ECC zlib/1.2.3 libidn/1.18 libssh2/1.4.2" "-" - - - 0.000
223.166.46.168 - - [11/Nov/2016:00:00:12 +0800] "GET /socket.io/1/websocket/kyNMvKDazEk1-4rKWHpN HTTP/1.1" 101 91 "chat.mukewang.com" "-" - "-" "-" 10.100.15.239:80 101 30.031 30.031
10.100.0.1 - - [11/Nov/2016:00:00:12 +0800] "HEAD / HTTP/1.1" 301 0 "117.121.101.40" "-" - "curl/7.19.7 (x86_64-redhat-linux-gnu) libcurl/7.19.7 NSS/3.16.2.3 Basic ECC zlib/1.2.3 libidn/1.18 libssh2/1.4.2" "-" - - - 0.000
120.198.231.154 - - [11/Nov/2016:00:00:12 +0800] "POST /api3/getcoursekeyword HTTP/1.1" 200 115 "www.imooc.com" "-" keyword=u%E2%80%86b&token=25c22e96d4fe78c94a10b00130467992&uid=3975612 "imoocForiPad/2.0.3 (iPad; iOS 9.3.5; Scale/2.00)" "-" 10.100.136.65:80 200 0.087 0.087
10.100.0.1 - - [11/Nov/2016:00:00:12 +0800] "HEAD / HTTP/1.1" 301 0 "117.121.101.40" "-" - "curl/7.19.7 (x86_64-redhat-linux-gnu) libcurl/7.19.7 NSS/3.16.2.3 Basic ECC zlib/1.2.3 libidn/1.18 libssh2/1.4.2" "-" - - - 0.000
36.104.2.235 - - [11/Nov/2016:00:00:12 +0800] "POST /api3/coursecommentlist HTTP/1.1" 200 7349 "www.imooc.com" "-" timestamp=1478793612302&uid=3680027&secrect=87edffb3af4ae49f76118b1f3f3c91fb&page=1&cid=177&token=064973d6541795356da10ef0ffc96a95 "mukewang/5.0.1 (Android 4.4.2; samsung SM-G900S Build/KOT49H),Network WIFI" "-" 10.100.136.64:80 200 0.120 0.120
10.100.0.1 - - [11/Nov/2016:00:00:12 +0800] "HEAD / HTTP/1.1" 301 0 "117.121.101.40" "-" - "curl/7.19.7 (x86_64-redhat-linux-gnu) libcurl/7.19.7 NSS/3.16.2.3 Basic ECC zlib/1.2.3 libidn/1.18 libssh2/1.4.2" "-" - - - 0.000
10.100.0.1 - - [11/Nov/2016:00:00:12 +0800] "HEAD / HTTP/1.1" 301 0 "117.121.101.40" "-" - "curl/7.19.7 (x86_64-redhat-linux-gnu) libcurl/7.19.7 NSS/3.16.2.3 Basic ECC zlib/1.2.3 libidn/1.18 libssh2/1.4.2" "-" - - - 0.000
10.100.0.1 - - [11/Nov/2016:00:00:12 +0800] "HEAD / HTTP/1.1" 301 0 "117.121.101.40" "-" - "curl/7.19.7 (x86_64-redhat-linux-gnu) libcurl/7.19.7 NSS/3.16.2.3 Basic ECC zlib/1.2.3 libidn/1.18 libssh2/1.4.2" "-" - - - 0.000
10.100.0.1 - - [11/Nov/2016:00:00:12 +0800] "HEAD / HTTP/1.1" 301 0 "117.121.101.40" "-" - "curl/7.19.7 (x86_64-redhat-linux-gnu) libcurl/7.19.7 NSS/3.16.2.3 Basic ECC zlib/1.2.3 libidn/1.18 libssh2/1.4.2" "-" - - - 0.000
10.100.0.1 - - [11/Nov/2016:00:00:12 +0800] "HEAD / HTTP/1.1" 301 0 "117.121.101.40" "-" - "curl/7.19.7 (x86_64-redhat-linux-gnu) libcurl/7.19.7 NSS/3.16.2.3 Basic ECC zlib/1.2.3 libidn/1.18 libssh2/1.4.2" "-" - - - 0.000
101.200.101.210 - - [11/Nov/2016:00:00:12 +0800] "GET /md5/49a36fa4-557e-4c2d-870d-7926c88ee103/M/f5eb7486970bdfc5.ts HTTP/1.1" 304 0 "szv1.mukewang.com" "-" - "Dalvik/2.1.0 (Linux; U; Android 6.0; FRD-AL00 Build/HUAWEIFRD-AL00)" "47.89.8.10" 10.100.133.99:80 304 0.004 0.004
10.100.0.1 - - [11/Nov/2016:00:00:12 +0800] "HEAD / HTTP/1.1" 301 0 "117.121.101.40" "-" - "curl/7.19.7 (x86_64-redhat-linux-gnu) libcurl/7.19.7 NSS/3.16.2.3 Basic ECC zlib/1.2.3 libidn/1.18 libssh2/1.4.2" "-" - - - 0.000
163.125.238.68 - - [11/Nov/2016:00:00:12 +0800] "GET /static/page/wenda/detail-common.js?v=201611082232 HTTP/1.1" 200 25777 "www.imooc.com" "http://www.imooc.com/qadetail/121375" - "Mozilla/5.0 (Windows NT 10.0) AppleWebKit/537.36 (KHTML, like Gecko) Chrome/45.0.2454.101 Safari/537.36" "-" 10.100.136.65:80 200 0.001 0.001
10.100.0.1 - - [11/Nov/2016:00:00:12 +0800] "HEAD / HTTP/1.1" 301 0 "117.121.101.40" "-" - "curl/7.19.7 (x86_64-redhat-linux-gnu) libcurl/7.19.7 NSS/3.16.2.3 Basic ECC zlib/1.2.3 libidn/1.18 libssh2/1.4.2" "-" - - - 0.000
10.100.0.1 - - [11/Nov/2016:00:00:12 +0800] "HEAD / HTTP/1.1" 301 0 "117.121.101.40" "-" - "curl/7.19.7 (x86_64-redhat-linux-gnu) libcurl/7.19.7 NSS/3.16.2.3 Basic ECC zlib/1.2.3 libidn/1.18 libssh2/1.4.2" "-" - - - 0.000
110.184.70.132 - - [11/Nov/2016:00:00:12 +0800] "POST /socket.io/1/ HTTP/1.1" 200 94 "chat.mukewang.com" "-" - "android-websockets-2.0" "-" 10.100.15.239:80 200 0.003 0.003
10.100.0.1 - - [11/Nov/2016:00:00:12 +0800] "HEAD / HTTP/1.1" 301 0 "117.121.101.40" "-" - "curl/7.19.7 (x86_64-redhat-linux-gnu) libcurl/7.19.7 NSS/3.16.2.3 Basic ECC zlib/1.2.3 libidn/1.18 libssh2/1.4.2" "-" - - - 0.000
119.6.73.249 - - [11/Nov/2016:00:00:12 +0800] "POST /course/ajaxmediauser/ HTTP/1.1" 200 67 "www.imooc.com" "http://www.imooc.com/video/9008" mid=9008&time=4.688000000000017&learn_time=224.3 "Mozilla/5.0 (Windows NT 6.1; WOW64) AppleWebKit/537.36 (KHTML, like Gecko) Chrome/51.0.2704.106 Safari/537.36" "-" 10.100.136.65:80 200 0.021 0.021
10.100.0.1 - - [11/Nov/2016:00:00:12 +0800] "HEAD / HTTP/1.1" 301 0 "117.121.101.40" "-" - "curl/7.19.7 (x86_64-redhat-linux-gnu) libcurl/7.19.7 NSS/3.16.2.3 Basic ECC zlib/1.2.3 libidn/1.18 libssh2/1.4.2" "-" - - - 0.000
36.63.141.229 - - [11/Nov/2016:00:00:12 +0800] "POST /socket.io/1/ HTTP/1.1" 200 94 "chat.mukewang.com" "-" - "android-websockets-2.0" "-" 10.100.15.239:80 200 0.004 0.004
